ARM Linker, 5.03 [Build 76] [MDK-ARM Professional]

==============================================================================

Section Cross References

    startup.o(STACK) refers (Special) to heapauxi.o(.text) for __use_two_region_memory
    startup.o(HEAP) refers (Special) to heapauxi.o(.text) for __use_two_region_memory
    startup.o(RESET) refers (Special) to heapauxi.o(.text) for __use_two_region_memory
    startup.o(RESET) refers to startup.o(STACK) for StackMem
    startup.o(RESET) refers to adctimertrigger.o(i.ADC0Seq3_Handler) for ADC0Seq3_Handler
    startup.o(RESET) refers to __main.o(!!!main) for __main
    startup.o(.text) refers (Special) to heapauxi.o(.text) for __use_two_region_memory
    startup.o(.text) refers to startup.o(HEAP) for HeapMem
    startup.o(.text) refers to startup.o(STACK) for StackMem
    uartintstestmain.o(i.OutCRLF) refers to uart.o(i.UART_OutChar) for UART_OutChar
    uartintstestmain.o(i.main) refers to _printf_pad.o(.text) for _printf_pre_padding
    uartintstestmain.o(i.main) refers to _printf_percent.o(.ARM.Collect$$_printf_percent$$00000000) for _printf_percent
    uartintstestmain.o(i.main) refers to _printf_d.o(.ARM.Collect$$_printf_percent$$00000009) for _printf_d
    uartintstestmain.o(i.main) refers to _printf_dec.o(.text) for _printf_int_dec
    uartintstestmain.o(i.main) refers to startup.o(.text) for DisableInterrupts
    uartintstestmain.o(i.main) refers to pll.o(i.PLL_Init) for PLL_Init
    uartintstestmain.o(i.main) refers to uart.o(i.UART_Init) for UART_Init
    uartintstestmain.o(i.main) refers to st7735.o(i.ST7735_InitR) for ST7735_InitR
    uartintstestmain.o(i.main) refers to adctimertrigger.o(i.ADC0_Init) for ADC0_Init
    uartintstestmain.o(i.main) refers to st7735.o(i.ST7735_SetCursor) for ST7735_SetCursor
    uartintstestmain.o(i.main) refers to adctimertrigger.o(i.adc_fifo_Current) for adc_fifo_Current
    uartintstestmain.o(i.main) refers to calibration.o(i.realTemp) for realTemp
    uartintstestmain.o(i.main) refers to noretval__2printf.o(.text) for __2printf
    uartintstestmain.o(i.main) refers to st7735.o(i.ST7735_PlotClear) for ST7735_PlotClear
    uartintstestmain.o(i.main) refers to adctimertrigger.o(i.adc_fifo_Get) for adc_fifo_Get
    uartintstestmain.o(i.main) refers to st7735.o(i.ST7735_DrawPixel) for ST7735_DrawPixel
    uartintstestmain.o(i.main) refers to uartintstestmain.o(.data) for currentTemp
    uart.o(i.UART_OutString) refers to uart.o(i.UART_OutChar) for UART_OutChar
    uart.o(i.UART_OutUDec) refers to uart.o(i.UART_OutChar) for UART_OutChar
    adctimertrigger.o(i.ADC0Seq3_Handler) refers to adctimertrigger.o(i.adc_fifo_Pop) for adc_fifo_Pop
    adctimertrigger.o(i.ADC0Seq3_Handler) refers to adctimertrigger.o(i.adc_fifo_Push) for adc_fifo_Push
    adctimertrigger.o(i.ADC0Seq3_Handler) refers to adctimertrigger.o(.data) for fifoStart
    adctimertrigger.o(i.ADC0_Init) refers to adctimertrigger.o(.bss) for fifo
    adctimertrigger.o(i.adc_fifo_Current) refers to adctimertrigger.o(.bss) for fifo
    adctimertrigger.o(i.adc_fifo_Current) refers to adctimertrigger.o(.data) for fifoStart
    adctimertrigger.o(i.adc_fifo_Get) refers to adctimertrigger.o(.bss) for fifo
    adctimertrigger.o(i.adc_fifo_Pop) refers to adctimertrigger.o(.data) for fifoStart
    adctimertrigger.o(i.adc_fifo_Pop) refers to adctimertrigger.o(.bss) for fifo
    adctimertrigger.o(i.adc_fifo_Push) refers to adctimertrigger.o(.data) for fifoEnd
    adctimertrigger.o(i.adc_fifo_Push) refers to adctimertrigger.o(.bss) for fifo
    timer0a.o(i.Timer0A_Init) refers to timer0a.o(.data) for delay
    st7735.o(i.Output_Clear) refers to st7735.o(i.ST7735_FillScreen) for ST7735_FillScreen
    st7735.o(i.Output_Color) refers to st7735.o(i.ST7735_SetTextColor) for ST7735_SetTextColor
    st7735.o(i.Output_Init) refers to st7735.o(i.ST7735_InitR) for ST7735_InitR
    st7735.o(i.Output_Init) refers to st7735.o(i.ST7735_FillScreen) for ST7735_FillScreen
    st7735.o(i.Output_Off) refers to st7735.o(i.Output_Clear) for Output_Clear
    st7735.o(i.Output_On) refers to st7735.o(i.Output_Init) for Output_Init
    st7735.o(i.ST7735_DrawBitmap) refers to st7735.o(i.setAddrWindow) for setAddrWindow
    st7735.o(i.ST7735_DrawBitmap) refers to st7735.o(i.writedata) for writedata
    st7735.o(i.ST7735_DrawBitmap) refers to st7735.o(.data) for _width
    st7735.o(i.ST7735_DrawChar) refers to st7735.o(i.setAddrWindow) for setAddrWindow
    st7735.o(i.ST7735_DrawChar) refers to st7735.o(i.pushColor) for pushColor
    st7735.o(i.ST7735_DrawChar) refers to st7735.o(.data) for _width
    st7735.o(i.ST7735_DrawChar) refers to st7735.o(.constdata) for Font
    st7735.o(i.ST7735_DrawCharS) refers to st7735.o(i.ST7735_DrawPixel) for ST7735_DrawPixel
    st7735.o(i.ST7735_DrawCharS) refers to st7735.o(i.ST7735_FillRect) for ST7735_FillRect
    st7735.o(i.ST7735_DrawCharS) refers to st7735.o(.data) for _width
    st7735.o(i.ST7735_DrawCharS) refers to st7735.o(.constdata) for Font
[...]
    rt_raise.o(.text) refers to __raise.o(.text) for __raise
    rt_raise.o(.text) refers to sys_exit.o(.text) for _sys_exit
    rt_heap_descriptor.o(.text) refers to rt_heap_descriptor.o(.bss) for __rt_heap_descriptor_data
    rt_heap_descriptor_intlibspace.o(.text) refers to libspace.o(.bss) for __libspace_start
    init_alloc.o(.text) refers (Special) to hguard.o(.text) for __heap$guard
    init_alloc.o(.text) refers (Special) to libinit2.o(.ARM.Collect$$libinit$$00000003) for __rt_lib_init_heap_2
    init_alloc.o(.text) refers (Special) to maybetermalloc1.o(.emb_text) for _maybe_terminate_alloc
    init_alloc.o(.text) refers to h1_extend.o(.text) for __Heap_ProvideMemory
    init_alloc.o(.text) refers to defsig_rtmem_outer.o(.text) for __rt_SIGRTMEM
    init_alloc.o(.text) refers to rt_heap_descriptor_intlibspace.o(.text) for __rt_heap_descriptor
    init_alloc.o(.text) refers to h1_init.o(.text) for __Heap_Initialize
    malloc.o(.text) refers (Special) to hguard.o(.text) for __heap$guard
    malloc.o(.text) refers (Special) to init_alloc.o(.text) for _init_alloc
    malloc.o(.text) refers to rt_heap_descriptor_intlibspace.o(.text) for __rt_heap_descriptor
    malloc.o(.text) refers to heapstubs.o(.text) for __Heap_Alloc
    h1_alloc.o(.text) refers (Special) to h1_init.o(.text) for __Heap_Initialize
    h1_alloc.o(.text) refers to rt_heap_descriptor_intlibspace.o(.text) for __rt_heap_descriptor
    h1_alloc.o(.text) refers to init_alloc.o(.text) for __Heap_Full
    h1_alloc_mt.o(.text) refers (Special) to h1_init.o(.text) for __Heap_Initialize
    h1_alloc_mt.o(.text) refers to init_alloc.o(.text) for __Heap_Full
    h1_alloc_mt.o(.text) refers to rt_heap_descriptor_intlibspace.o(.text) for __rt_heap_descriptor
    fseek.o(.text) refers to sys_io.o(.text) for _sys_istty
    fseek.o(.text) refers to ftell.o(.text) for _ftell_internal
    fseek.o(.text) refers to stdio.o(.text) for _seterr
    stdio.o(.text) refers to sys_io.o(.text) for _sys_seek
    defsig_exit.o(.text) refers to sys_exit.o(.text) for _sys_exit
    defsig_rtred_inner.o(.text) refers to defsig_general.o(.text) for __default_signal_display
    argv_veneer.o(.emb_text) refers to no_argv.o(.text) for __ARM_get_argv
    sys_exit.o(.text) refers (Special) to use_no_semi.o(.text) for __I$use$semihosting
    sys_exit.o(.text) refers (Special) to indicate_semi.o(.text) for __semihosting_library_function
    rtexit2.o(.ARM.Collect$$rtexit$$00000003) refers to libshutdown.o(.ARM.Collect$$libshutdown$$00000000) for __rt_lib_shutdown
    rtexit2.o(.ARM.Collect$$rtexit$$00000004) refers to sys_exit.o(.text) for _sys_exit
    rtexit2.o(.ARM.exidx) refers to rtexit2.o(.ARM.Collect$$rtexit$$00000001) for .ARM.Collect$$rtexit$$00000001
    rtexit2.o(.ARM.exidx) refers to rtexit2.o(.ARM.Collect$$rtexit$$00000003) for .ARM.Collect$$rtexit$$00000003
    rtexit2.o(.ARM.exidx) refers to rtexit2.o(.ARM.Collect$$rtexit$$00000004) for .ARM.Collect$$rtexit$$00000004
    maybetermalloc2.o(.emb_text) refers (Special) to term_alloc.o(.text) for _terminate_alloc
    h1_extend.o(.text) refers to h1_free.o(.text) for free
    h1_init_mt.o(.text) refers to mutex_dummy.o(.text) for _mutex_initialize
    h1_extend_mt.o(.text) refers to h1_free_mt.o(.text) for _free_internal
    ftell.o(.text) refers to rt_errno_addr_intlibspace.o(.text) for __aeabi_errno_addr
    __raise.o(.text) refers to defsig.o(CL$$defsig) for __default_signal_handler
    defsig_general.o(.text) refers to sys_wrch.o(.text) for _ttywrch
    defsig_rtmem_outer.o(.text) refers to defsig_rtmem_inner.o(.text) for __rt_SIGRTMEM_inner
    defsig_rtmem_outer.o(.text) refers to defsig_exit.o(.text) for __sig_exit
    defsig_rtmem_formal.o(.text) refers to rt_raise.o(.text) for __rt_raise
    heapauxa.o(.text) refers to heapauxa.o(.data) for .data
    _get_argv.o(.text) refers (Special) to hrguard.o(.text) for __heap_region$guard
    _get_argv.o(.text) refers to h1_alloc.o(.text) for malloc
    _get_argv.o(.text) refers to defsig_rtmem_outer.o(.text) for __rt_SIGRTMEM
    _get_argv.o(.text) refers to sys_command.o(.text) for _sys_command_string
    _get_argv_nomalloc.o(.text) refers (Special) to hrguard.o(.text) for __heap_region$guard
    _get_argv_nomalloc.o(.text) refers to defsig_rtmem_outer.o(.text) for __rt_SIGRTMEM
    _get_argv_nomalloc.o(.text) refers to sys_command.o(.text) for _sys_command_string
    sys_wrch.o(.text) refers (Special) to use_no_semi.o(.text) for __I$use$semihosting
    sys_wrch.o(.text) refers (Special) to indicate_semi.o(.text) for __semihosting_library_function
    sys_command.o(.text) refers (Special) to use_no_semi.o(.text) for __I$use$semihosting
    sys_command.o(.text) refers (Special) to indicate_semi.o(.text) for __semihosting_library_function
    rt_errno_addr.o(.text) refers to rt_errno_addr.o(.bss) for __aeabi_errno_addr_data
    rt_errno_addr_intlibspace.o(.text) refers to libspace.o(.bss) for __libspace_start
    term_alloc.o(.text) refers (Special) to libshutdown2.o(.ARM.Collect$$libshutdown$$0000000D) for __rt_lib_shutdown_heap_2
    term_alloc.o(.text) refers to rt_heap_descriptor_intlibspace.o(.text) for __rt_heap_descriptor
    term_alloc.o(.text) refers to h1_final.o(.text) for __Heap_Finalize
    defsig_rtmem_inner.o(.text) refers to defsig_general.o(.text) for __default_signal_display
    defsig.o(CL$$defsig) refers to defsig_rtred_inner.o(.text) for __rt_SIGRTRED_inner
    defsig.o(CL$$defsig) refers to defsig_rtmem_inner.o(.text) for __rt_SIGRTMEM_inner
    libshutdown.o(.ARM.Collect$$libshutdown$$00000000) refers (Special) to libshutdown2.o(.ARM.Collect$$libshutdown$$00000006) for __rt_lib_shutdown_fp_trap_1
    libshutdown.o(.ARM.Collect$$libshutdown$$00000000) refers (Special) to libshutdown2.o(.ARM.Collect$$libshutdown$$0000000E) for __rt_lib_shutdown_heap_1
    libshutdown.o(.ARM.Collect$$libshutdown$$00000000) refers (Special) to libshutdown2.o(.ARM.Collect$$libshutdown$$0000000F) for __rt_lib_shutdown_return
    libshutdown.o(.ARM.Collect$$libshutdown$$00000000) refers (Special) to libshutdown2.o(.ARM.Collect$$libshutdown$$00000009) for __rt_lib_shutdown_signal_1
    libshutdown.o(.ARM.Collect$$libshutdown$$00000000) refers (Special) to libshutdown2.o(.ARM.Collect$$libshutdown$$00000003) for __rt_lib_shutdown_stdio_1
    libshutdown.o(.ARM.Collect$$libshutdown$$00000000) refers (Special) to libshutdown2.o(.ARM.Collect$$libshutdown$$0000000B) for __rt_lib_shutdown_user_alloc_1
    defsig_abrt_inner.o(.text) refers to defsig_general.o(.text) for __default_signal_display
    defsig_fpe_inner.o(.text) refers to defsig_general.o(.text) for __default_signal_display
    defsig_stak_inner.o(.text) refers to defsig_general.o(.text) for __default_signal_display
    defsig_pvfn_inner.o(.text) refers to defsig_general.o(.text) for __default_signal_display
    defsig_cppl_inner.o(.text) refers to defsig_general.o(.text) for __default_signal_display
    defsig_segv_inner.o(.text) refers to defsig_general.o(.text) for __default_signal_display
    defsig_other.o(.text) refers to defsig_general.o(.text) for __default_signal_display


==============================================================================

Removing Unused input sections from the image.

    Removing uartintstestmain.o(i.OutCRLF), (16 bytes).
    Removing uart.o(i.UART_InChar), (24 bytes).
    Removing uart.o(i.UART_OutChar), (24 bytes).
    Removing uart.o(i.UART_OutString), (24 bytes).
    Removing uart.o(i.UART_OutUDec), (42 bytes).
    Removing timer0a.o(i.Timer0A_Init), (84 bytes).
    Removing timer0a.o(.data), (4 bytes).
    Removing st7735.o(i.Output_Clear), (10 bytes).
    Removing st7735.o(i.Output_Color), (12 bytes).
    Removing st7735.o(i.Output_Init), (16 bytes).
    Removing st7735.o(i.Output_Off), (8 bytes).
    Removing st7735.o(i.Output_On), (8 bytes).
    Removing st7735.o(i.ST7735_DrawBitmap), (288 bytes).
    Removing st7735.o(i.ST7735_DrawChar), (268 bytes).
    Removing st7735.o(i.ST7735_DrawFastHLine), (124 bytes).
    Removing st7735.o(i.ST7735_DrawFastVLine), (124 bytes).
    Removing st7735.o(i.ST7735_InitB), (40 bytes).
    Removing st7735.o(i.ST7735_InvertDisplay), (22 bytes).
    Removing st7735.o(i.ST7735_OutString), (24 bytes).
    Removing st7735.o(i.ST7735_OutUDec), (140 bytes).
    Removing st7735.o(i.ST7735_PlotBar), (88 bytes).
    Removing st7735.o(i.ST7735_PlotLine), (264 bytes).
    Removing st7735.o(i.ST7735_PlotNext), (32 bytes).
    Removing st7735.o(i.ST7735_PlotNextErase), (64 bytes).
    Removing st7735.o(i.ST7735_PlotPoint), (152 bytes).
    Removing st7735.o(i.ST7735_PlotPoints), (172 bytes).
    Removing st7735.o(i.ST7735_PlotdBfs), (60 bytes).
    Removing st7735.o(i.ST7735_SetRotation), (212 bytes).
    Removing st7735.o(i.ST7735_SetTextColor), (12 bytes).
    Removing st7735.o(i.ST7735_SwapColor), (18 bytes).
    Removing st7735.o(i.fgetc), (6 bytes).
    Removing st7735.o(i.fillmessage), (72 bytes).
    Removing st7735.o(.bss), (12 bytes).

33 unused section(s) (total 2466 bytes) removed from the image.

==============================================================================

Image Symbol Table

    Local Symbols

    Symbol Name                              Value     Ov Type        Size  Object(Section)

    RESET                                    0x00000000   Section      644  startup.o(RESET)
    ../clib/angel/boardlib.s                 0x00000000   Number         0  boardinit1.o ABSOLUTE
    ../clib/angel/boardlib.s                 0x00000000   Number         0  boardinit2.o ABSOLUTE
    ../clib/angel/boardlib.s                 0x00000000   Number         0  boardinit3.o ABSOLUTE
    ../clib/angel/boardlib.s                 0x00000000   Number         0  boardshut.o ABSOLUTE
    ../clib/angel/handlers.s                 0x00000000   Number         0  __scatter_zi.o ABSOLUTE
    ../clib/angel/handlers.s                 0x00000000   Number         0  __scatter_copy.o ABSOLUTE
    ../clib/angel/kernel.s                   0x00000000   Number         0  rtentry2.o ABSOLUTE
    ../clib/angel/kernel.s                   0x00000000   Number         0  rtexit.o ABSOLUTE
    ../clib/angel/kernel.s                   0x00000000   Number         0  rtentry.o ABSOLUTE
    ../clib/angel/kernel.s                   0x00000000   Number         0  rtexit2.o ABSOLUTE
    ../clib/angel/kernel.s                   0x00000000   Number         0  rtentry4.o ABSOLUTE
    ../clib/angel/rt.s                       0x00000000   Number         0  rt_raise.o ABSOLUTE
    ../clib/angel/rt.s                       0x00000000   Number         0  rt_heap_descriptor.o ABSOLUTE
    ../clib/angel/rt.s                       0x00000000   Number         0  rt_errno_addr.o ABSOLUTE
    ../clib/angel/rt.s                       0x00000000   Number         0  rt_errno_addr_intlibspace.o ABSOLUTE
    ../clib/angel/rt.s                       0x00000000   Number         0  rt_heap_descriptor_intlibspace.o ABSOLUTE
    ../clib/angel/scatter.s                  0x00000000   Number         0  __scatter.o ABSOLUTE
    ../clib/angel/startup.s                  0x00000000   Number         0  __main.o ABSOLUTE
    ../clib/angel/sys.s                      0x00000000   Number         0  mutex_dummy.o ABSOLUTE
    ../clib/angel/sys.s                      0x00000000   Number         0  sys_stackheap_outer.o ABSOLUTE
    ../clib/angel/sys.s                      0x00000000   Number         0  use_no_semi.o ABSOLUTE
    ../clib/angel/sys.s                      0x00000000   Number         0  indicate_semi.o ABSOLUTE
    ../clib/angel/sys.s                      0x00000000   Number         0  libspace.o ABSOLUTE
    ../clib/angel/sysapp.c                   0x00000000   Number         0  sys_io.o ABSOLUTE
    ../clib/angel/sysapp.c                   0x00000000   Number         0  sys_command.o ABSOLUTE
    ../clib/angel/sysapp.c                   0x00000000   Number         0  sys_wrch.o ABSOLUTE
    ../clib/angel/sysapp.c                   0x00000000   Number         0  sys_exit.o ABSOLUTE
    ../clib/armsys.c                         0x00000000   Number         0  no_argv.o ABSOLUTE
    ../clib/armsys.c                         0x00000000   Number         0  _get_argv_nomalloc.o ABSOLUTE
    ../clib/armsys.c                         0x00000000   Number         0  _get_argv.o ABSOLUTE
    ../clib/armsys.c                         0x00000000   Number         0  argv_veneer.o ABSOLUTE
    ../clib/armsys.c                         0x00000000   Number         0  argv_veneer.o ABSOLUTE
    ../clib/heap1.c                          0x00000000   Number         0  h1_free.o ABSOLUTE
    ../clib/heap1.c                          0x00000000   Number         0  h1_alloc.o ABSOLUTE
    ../clib/heap1.c                          0x00000000   Number         0  h1_final_mt.o ABSOLUTE
    ../clib/heap1.c                          0x00000000   Number         0  h1_final.o ABSOLUTE
    ../clib/heap1.c                          0x00000000   Number         0  h1_alloc_mt.o ABSOLUTE
    ../clib/heap1.c                          0x00000000   Number         0  h1_free_mt.o ABSOLUTE
    ../clib/heap1.c                          0x00000000   Number         0  h1_extend_mt.o ABSOLUTE
    ../clib/heap1.c                          0x00000000   Number         0  h1_init_mt.o ABSOLUTE
    ../clib/heap1.c                          0x00000000   Number         0  h1_extend.o ABSOLUTE
    ../clib/heap1.c                          0x00000000   Number         0  h1_init.o ABSOLUTE
    ../clib/heap2.c                          0x00000000   Number         0  heap2mt.o ABSOLUTE
    ../clib/heap2.c                          0x00000000   Number         0  fdtree.o ABSOLUTE
    ../clib/heap2.c                          0x00000000   Number         0  heap2.o ABSOLUTE
    ../clib/heapalloc.c                      0x00000000   Number         0  free.o ABSOLUTE
    ../clib/heapalloc.c                      0x00000000   Number         0  hguard.o ABSOLUTE
    ../clib/heapalloc.c                      0x00000000   Number         0  init_alloc.o ABSOLUTE
    ../clib/heapalloc.c                      0x00000000   Number         0  heapstubs.o ABSOLUTE
    ../clib/heapalloc.c                      0x00000000   Number         0  maybetermalloc1.o ABSOLUTE
    ../clib/heapalloc.c                      0x00000000   Number         0  malloc.o ABSOLUTE
    ../clib/heapalloc.c                      0x00000000   Number         0  maybetermalloc1.o ABSOLUTE
    ../clib/heapalloc.c                      0x00000000   Number         0  term_alloc.o ABSOLUTE
    ../clib/heapalloc.c                      0x00000000   Number         0  hrguard.o ABSOLUTE
    ../clib/heapalloc.c                      0x00000000   Number         0  maybetermalloc2.o ABSOLUTE
    ../clib/heapalloc.c                      0x00000000   Number         0  maybetermalloc2.o ABSOLUTE
    ../clib/heapaux.c                        0x00000000   Number         0  heapauxa.o ABSOLUTE
    ../clib/heapaux.c                        0x00000000   Number         0  heapauxi.o ABSOLUTE
    ../clib/libinit.s                        0x00000000   Number         0  libinit.o ABSOLUTE
    ../clib/libinit.s                        0x00000000   Number         0  libshutdown.o ABSOLUTE
    ../clib/libinit.s                        0x00000000   Number         0  libshutdown2.o ABSOLUTE
    ../clib/libinit.s                        0x00000000   Number         0  libinit2.o ABSOLUTE
    ../clib/memcpset.s                       0x00000000   Number         0  rt_memclr_w.o ABSOLUTE
    ../clib/memcpset.s                       0x00000000   Number         0  rt_memcpy_w.o ABSOLUTE
    ../clib/misc.s                           0x00000000   Number         0  printf_stubs.o ABSOLUTE
    ../clib/printf.c                         0x00000000   Number         0  _printf_pad.o ABSOLUTE
    ../clib/printf.c                         0x00000000   Number         0  __printf_ss_wp.o ABSOLUTE
    ../clib/printf.c                         0x00000000   Number         0  __printf_flags_ss_wp.o ABSOLUTE
    ../clib/printf.c                         0x00000000   Number         0  __2printf.o ABSOLUTE
    ../clib/printf.c                         0x00000000   Number         0  noretval__2printf.o ABSOLUTE
    ../clib/printf.c                         0x00000000   Number         0  __printf.o ABSOLUTE
    ../clib/printf.c                         0x00000000   Number         0  _printf_char_common.o ABSOLUTE
    ../clib/printf.c                         0x00000000   Number         0  __printf_flags_wp.o ABSOLUTE
    ../clib/printf.c                         0x00000000   Number         0  _printf_dec.o ABSOLUTE
    ../clib/printf.c                         0x00000000   Number         0  __printf_flags.o ABSOLUTE
    ../clib/printf.c                         0x00000000   Number         0  __printf_ss.o ABSOLUTE
    ../clib/printf.c                         0x00000000   Number         0  __printf_flags_ss.o ABSOLUTE
    ../clib/printf.c                         0x00000000   Number         0  __printf_wp.o ABSOLUTE
    ../clib/printf.c                         0x00000000   Number         0  __printf_nopercent.o ABSOLUTE
    ../clib/printf.c                         0x00000000   Number         0  _printf_char_file.o ABSOLUTE
    ../clib/printf.c                         0x00000000   Number         0  _printf_intcommon.o ABSOLUTE
    ../clib/printf_percent.s                 0x00000000   Number         0  _printf_d.o ABSOLUTE
    ../clib/printf_percent.s                 0x00000000   Number         0  _printf_percent.o ABSOLUTE
    ../clib/printf_percent.s                 0x00000000   Number         0  _printf_percent_end.o ABSOLUTE
    ../clib/signal.c                         0x00000000   Number         0  __raise.o ABSOLUTE
    ../clib/signal.c                         0x00000000   Number         0  defsig_segv_inner.o ABSOLUTE
    ../clib/signal.c                         0x00000000   Number         0  defsig_general.o ABSOLUTE
    ../clib/signal.c                         0x00000000   Number         0  defsig_other.o ABSOLUTE
    ../clib/signal.c                         0x00000000   Number         0  defsig_rtmem_formal.o ABSOLUTE
    ../clib/signal.c                         0x00000000   Number         0  defsig_rtred_outer.o ABSOLUTE
    ../clib/signal.c                         0x00000000   Number         0  defsig_rtmem_outer.o ABSOLUTE
    ../clib/signal.c                         0x00000000   Number         0  defsig_rtred_formal.o ABSOLUTE
    ../clib/signal.c                         0x00000000   Number         0  defsig_rtred_inner.o ABSOLUTE
    ../clib/signal.c                         0x00000000   Number         0  defsig_exit.o ABSOLUTE
    ../clib/signal.c                         0x00000000   Number         0  defsig_rtmem_inner.o ABSOLUTE
    ../clib/signal.c                         0x00000000   Number         0  defsig_abrt_inner.o ABSOLUTE
    ../clib/signal.c                         0x00000000   Number         0  defsig_fpe_inner.o ABSOLUTE
    ../clib/signal.c                         0x00000000   Number         0  defsig_stak_inner.o ABSOLUTE
    ../clib/signal.c                         0x00000000   Number         0  defsig_pvfn_inner.o ABSOLUTE
    ../clib/signal.c                         0x00000000   Number         0  defsig_cppl_inner.o ABSOLUTE
    ../clib/signal.s                         0x00000000   Number         0  defsig.o ABSOLUTE
    ../clib/stdio.c                          0x00000000   Number         0  fopen.o ABSOLUTE
    ../clib/stdio.c                          0x00000000   Number         0  fseek.o ABSOLUTE
    ../clib/stdio.c                          0x00000000   Number         0  streamlock.o ABSOLUTE
    ../clib/stdio.c                          0x00000000   Number         0  fclose.o ABSOLUTE
    ../clib/stdio.c                          0x00000000   Number         0  setvbuf.o ABSOLUTE
    ../clib/stdio.c                          0x00000000   Number         0  setvbuf_locked.o ABSOLUTE
    ../clib/stdio.c                          0x00000000   Number         0  stdio.o ABSOLUTE
    ../clib/stdio.c                          0x00000000   Number         0  initio.o ABSOLUTE
    ../clib/stdio.c                          0x00000000   Number         0  fopen_locked.o ABSOLUTE
    ../clib/stdio.c                          0x00000000   Number         0  initio_locked.o ABSOLUTE
    ../clib/stdio.c                          0x00000000   Number         0  ftell.o ABSOLUTE
    ../clib/stdio.c                          0x00000000   Number         0  stdio_streams.o ABSOLUTE
    ../clib/stdlib.c                         0x00000000   Number         0  exit.o ABSOLUTE
    ../clib/string.c                         0x00000000   Number         0  strlen.o ABSOLUTE
    ../fplib/fpinit.s                        0x00000000   Number         0  fpinit.o ABSOLUTE
    ADCTimerTrigger.c                        0x00000000   Number         0  adctimertrigger.o ABSOLUTE
    PLL.c                                    0x00000000   Number         0  pll.o ABSOLUTE
    ST7735.c                                 0x00000000   Number         0  st7735.o ABSOLUTE
    Timer0A.c                                0x00000000   Number         0  timer0a.o ABSOLUTE
    UART.c                                   0x00000000   Number         0  uart.o ABSOLUTE
    UARTIntsTestMain.c                       0x00000000   Number         0  uartintstestmain.o ABSOLUTE
    calibration.c                            0x00000000   Number         0  calibration.o ABSOLUTE
    dc.s                                     0x00000000   Number         0  dc.o ABSOLUTE
    startup.s                                0x00000000   Number         0  startup.o ABSOLUTE
    !!!main                                  0x00000284   Section        8  __main.o(!!!main)
    !!!scatter                               0x0000028c   Section       52  __scatter.o(!!!scatter)
    !!handler_copy                           0x000002c0   Section       26  __scatter_copy.o(!!handler_copy)
    !!handler_zi                             0x000002dc   Section       28  __scatter_zi.o(!!handler_zi)
    .ARM.Collect$$_printf_percent$$00000000  0x000002f8   Section        0  _printf_percent.o(.ARM.Collect$$_printf_percent$$00000000)
    .ARM.Collect$$_printf_percent$$00000009  0x000002f8   Section        6  _printf_d.o(.ARM.Collect$$_printf_percent$$00000009)
    .ARM.Collect$$_printf_percent$$00000017  0x000002fe   Section        4  _printf_percent_end.o(.ARM.Collect$$_printf_percent$$00000017)
    .ARM.Collect$$libinit$$00000000          0x00000302   Section        2  libinit.o(.ARM.Collect$$libinit$$00000000)
    .ARM.Collect$$libinit$$00000002          0x00000304   Section        0  libinit2.o(.ARM.Collect$$libinit$$00000002)
    .ARM.Collect$$libinit$$00000003          0x00000304   Section        8  libinit2.o(.ARM.Collect$$libinit$$00000003)
    .ARM.Collect$$libinit$$00000008          0x0000030c   Section        0  libinit2.o(.ARM.Collect$$libinit$$00000008)
    .ARM.Collect$$libinit$$0000000A          0x0000030c   Section        0  libinit2.o(.ARM.Collect$$libinit$$0000000A)
    .ARM.Collect$$libinit$$0000000C          0x0000030c   Section        0  libinit2.o(.ARM.Collect$$libinit$$0000000C)
    .ARM.Collect$$libinit$$0000000F          0x0000030c   Section        0  libinit2.o(.ARM.Collect$$libinit$$0000000F)
    .ARM.Collect$$libinit$$00000011          0x0000030c   Section        0  libinit2.o(.ARM.Collect$$libinit$$00000011)
    .ARM.Collect$$libinit$$00000013          0x0000030c   Section        0  libinit2.o(.ARM.Collect$$libinit$$00000013)
    .ARM.Collect$$libinit$$00000015          0x0000030c   Section        0  libinit2.o(.ARM.Collect$$libinit$$00000015)
    .ARM.Collect$$libinit$$00000017          0x0000030c   Section        0  libinit2.o(.ARM.Collect$$libinit$$00000017)
    .ARM.Collect$$libinit$$00000019          0x0000030c   Section        0  libinit2.o(.ARM.Collect$$libinit$$00000019)
    .ARM.Collect$$libinit$$0000001B          0x0000030c   Section        0  libinit2.o(.ARM.Collect$$libinit$$0000001B)
    .ARM.Collect$$libinit$$0000001D          0x0000030c   Section        0  libinit2.o(.ARM.Collect$$libinit$$0000001D)
    .ARM.Collect$$libinit$$0000001F          0x0000030c   Section        0  libinit2.o(.ARM.Collect$$libinit$$0000001F)
    .ARM.Collect$$libinit$$00000021          0x0000030c   Section        0  libinit2.o(.ARM.Collect$$libinit$$00000021)
    .ARM.Collect$$libinit$$00000022          0x0000030c   Section        4  libinit2.o(.ARM.Collect$$libinit$$00000022)
    .ARM.Collect$$libinit$$00000023          0x00000310   Section        0  libinit2.o(.ARM.Collect$$libinit$$00000023)
    .ARM.Collect$$libinit$$0000002A          0x00000310   Section        0  libinit2.o(.ARM.Collect$$libinit$$0000002A)
    .ARM.Collect$$libinit$$0000002C          0x00000310   Section        0  libinit2.o(.ARM.Collect$$libinit$$0000002C)
    .ARM.Collect$$libinit$$0000002E          0x00000310   Section        0  libinit2.o(.ARM.Collect$$libinit$$0000002E)
    .ARM.Collect$$libinit$$00000030          0x00000310   Section        0  libinit2.o(.ARM.Collect$$libinit$$00000030)
    .ARM.Collect$$libinit$$00000031          0x00000310   Section        2  libinit2.o(.ARM.Collect$$libinit$$00000031)
    .ARM.Collect$$libshutdown$$00000000      0x00000312   Section        2  libshutdown.o(.ARM.Collect$$libshutdown$$00000000)
    .ARM.Collect$$libshutdown$$00000002      0x00000314   Section        4  libshutdown2.o(.ARM.Collect$$libshutdown$$00000002)
    .ARM.Collect$$libshutdown$$00000003      0x00000318   Section        0  libshutdown2.o(.ARM.Collect$$libshutdown$$00000003)
    .ARM.Collect$$libshutdown$$00000006      0x00000318   Section        0  libshutdown2.o(.ARM.Collect$$libshutdown$$00000006)
    .ARM.Collect$$libshutdown$$00000009      0x00000318   Section        0  libshutdown2.o(.ARM.Collect$$libshutdown$$00000009)
    .ARM.Collect$$libshutdown$$0000000B      0x00000318   Section        0  libshutdown2.o(.ARM.Collect$$libshutdown$$0000000B)
    .ARM.Collect$$libshutdown$$0000000E      0x00000318   Section        0  libshutdown2.o(.ARM.Collect$$libshutdown$$0000000E)
    .ARM.Collect$$libshutdown$$0000000F      0x00000318   Section        2  libshutdown2.o(.ARM.Collect$$libshutdown$$0000000F)
    .ARM.Collect$$rtentry$$00000000          0x0000031a   Section        0  rtentry.o(.ARM.Collect$$rtentry$$00000000)
    .ARM.Collect$$rtentry$$00000002          0x0000031a   Section        0  rtentry2.o(.ARM.Collect$$rtentry$$00000002)
    .ARM.Collect$$rtentry$$00000004          0x0000031a   Section        6  rtentry4.o(.ARM.Collect$$rtentry$$00000004)
    .ARM.Collect$$rtentry$$00000009          0x00000320   Section        0  rtentry2.o(.ARM.Collect$$rtentry$$00000009)
    .ARM.Collect$$rtentry$$0000000A          0x00000320   Section        4  rtentry2.o(.ARM.Collect$$rtentry$$0000000A)
    .ARM.Collect$$rtentry$$0000000C          0x00000324   Section        0  rtentry2.o(.ARM.Collect$$rtentry$$0000000C)
    .ARM.Collect$$rtentry$$0000000D          0x00000324   Section        8  rtentry2.o(.ARM.Collect$$rtentry$$0000000D)
    .ARM.Collect$$rtexit$$00000000           0x0000032c   Section        2  rtexit.o(.ARM.Collect$$rtexit$$00000000)
    .ARM.Collect$$rtexit$$00000002           0x0000032e   Section        0  rtexit2.o(.ARM.Collect$$rtexit$$00000002)
    .ARM.Collect$$rtexit$$00000003           0x0000032e   Section        4  rtexit2.o(.ARM.Collect$$rtexit$$00000003)
    .ARM.Collect$$rtexit$$00000004           0x00000332   Section        6  rtexit2.o(.ARM.Collect$$rtexit$$00000004)
    .emb_text                                0x00000338   Section        0  maybetermalloc1.o(.emb_text)
    .text                                    0x00000338   Section       48  startup.o(.text)
    .text                                    0x00000368   Section        0  noretval__2printf.o(.text)
    .text                                    0x00000380   Section        0  _printf_pad.o(.text)
    .text                                    0x000003d4   Section        0  _printf_dec.o(.text)
    .text                                    0x0000044c   Section        0  __printf_flags_wp.o(.text)
    .text                                    0x00000588   Section        0  heapauxi.o(.text)
    .text                                    0x0000058e   Section        0  _printf_intcommon.o(.text)
    .text                                    0x00000648   Section        0  _printf_char_file.o(.text)
    .text                                    0x0000066c   Section        0  _printf_char_common.o(.text)
    _printf_input_char                       0x0000066d   Thumb Code    10  _printf_char_common.o(.text)
    .text                                    0x0000069c   Section        0  initio.o(.text)
    .text                                    0x000007d4   Section        0  sys_io.o(.text)
    .text                                    0x0000083a   Section       74  sys_stackheap_outer.o(.text)
    .text                                    0x00000884   Section        0  h1_free.o(.text)
    .text                                    0x000008d2   Section        0  setvbuf.o(.text)
    .text                                    0x00000918   Section        0  fopen.o(.text)
    _freopen_locked                          0x00000919   Thumb Code     0  fopen.o(.text)
    .text                                    0x00000a04   Section        0  fclose.o(.text)
    .text                                    0x00000a50   Section        0  exit.o(.text)
    .text                                    0x00000a5c   Section        0  defsig_rtred_outer.o(.text)
    .text                                    0x00000a6a   Section       78  rt_memclr_w.o(.text)
    .text                                    0x00000ab8   Section        8  libspace.o(.text)
    .text                                    0x00000ac0   Section        2  use_no_semi.o(.text)
    .text                                    0x00000ac2   Section        0  indicate_semi.o(.text)
    .text                                    0x00000ac4   Section        8  rt_heap_descriptor_intlibspace.o(.text)
    .text                                    0x00000acc   Section        0  hguard.o(.text)
    .text                                    0x00000ad0   Section        0  init_alloc.o(.text)
    .text                                    0x00000b5a   Section        0  h1_alloc.o(.text)
    .text                                    0x00000bb8   Section        0  fseek.o(.text)
    .text                                    0x00000cb0   Section        0  stdio.o(.text)
    .text                                    0x00000da0   Section        0  defsig_exit.o(.text)
    .text                                    0x00000dac   Section        0  defsig_rtred_inner.o(.text)
    .text                                    0x00000de0   Section        0  strlen.o(.text)
    .text                                    0x00000e20   Section        0  sys_exit.o(.text)
    .text                                    0x00000e2c   Section        0  h1_init.o(.text)
    .text                                    0x00000e3a   Section        0  h1_extend.o(.text)
    .text                                    0x00000e6e   Section        0  ftell.o(.text)
    .text                                    0x00000eb4   Section        0  defsig_general.o(.text)
    .text                                    0x00000ee6   Section        0  defsig_rtmem_outer.o(.text)
    .text                                    0x00000ef4   Section        0  sys_wrch.o(.text)
    .text                                    0x00000f04   Section        8  rt_errno_addr_intlibspace.o(.text)
    .text                                    0x00000f0c   Section        0  defsig_rtmem_inner.o(.text)
    i.ADC0Seq3_Handler                       0x00000f5c   Section        0  adctimertrigger.o(i.ADC0Seq3_Handler)
    i.ADC0_Init                              0x00000fa4   Section        0  adctimertrigger.o(i.ADC0_Init)
    i.Delay1ms                               0x000010c8   Section        0  st7735.o(i.Delay1ms)
    i.PLL_Init                               0x000010e8   Section        0  pll.o(i.PLL_Init)
    i.ST7735_Color565                        0x00001164   Section        0  st7735.o(i.ST7735_Color565)
    i.ST7735_DrawCharS                       0x0000117c   Section        0  st7735.o(i.ST7735_DrawCharS)
    i.ST7735_DrawPixel                       0x00001270   Section        0  st7735.o(i.ST7735_DrawPixel)
    i.ST7735_DrawString                      0x000012b8   Section        0  st7735.o(i.ST7735_DrawString)
    i.ST7735_FillRect                        0x00001310   Section        0  st7735.o(i.ST7735_FillRect)
    i.ST7735_FillScreen                      0x000013bc   Section        0  st7735.o(i.ST7735_FillScreen)
    i.ST7735_InitR                           0x000013e0   Section        0  st7735.o(i.ST7735_InitR)
    i.ST7735_OutChar                         0x0000145c   Section        0  st7735.o(i.ST7735_OutChar)
    i.ST7735_PlotClear                       0x00001530   Section        0  st7735.o(i.ST7735_PlotClear)
    i.ST7735_SetCursor                       0x0000158c   Section        0  st7735.o(i.ST7735_SetCursor)
    i.UART_Init                              0x000015ac   Section        0  uart.o(i.UART_Init)
    i._is_digit                              0x00001634   Section        0  __printf_wp.o(i._is_digit)
    i.adc_fifo_Current                       0x00001644   Section        0  adctimertrigger.o(i.adc_fifo_Current)
    i.adc_fifo_Get                           0x00001658   Section        0  adctimertrigger.o(i.adc_fifo_Get)
    i.adc_fifo_Pop                           0x00001660   Section        0  adctimertrigger.o(i.adc_fifo_Pop)
    i.adc_fifo_Push                          0x000016a0   Section        0  adctimertrigger.o(i.adc_fifo_Push)
    i.commandList                            0x000016dc   Section        0  st7735.o(i.commandList)
    commandList                              0x000016dd   Thumb Code    86  st7735.o(i.commandList)
    i.commonInit                             0x00001734   Section        0  st7735.o(i.commonInit)
    commonInit                               0x00001735   Thumb Code   340  st7735.o(i.commonInit)
    i.ferror                                 0x000018b8   Section        0  st7735.o(i.ferror)
    i.fputc                                  0x000018c0   Section        0  st7735.o(i.fputc)
    i.main                                   0x000018d0   Section        0  uartintstestmain.o(i.main)
    i.pushColor                              0x000019cc   Section        0  st7735.o(i.pushColor)
    pushColor                                0x000019cd   Thumb Code    18  st7735.o(i.pushColor)
    i.realTemp                               0x000019e0   Section        0  calibration.o(i.realTemp)
    i.setAddrWindow                          0x00001a14   Section        0  st7735.o(i.setAddrWindow)
    setAddrWindow                            0x00001a15   Thumb Code   106  st7735.o(i.setAddrWindow)
    i.writecommand                           0x00001a88   Section        0  st7735.o(i.writecommand)
    writecommand                             0x00001a89   Thumb Code    40  st7735.o(i.writecommand)
    i.writedata                              0x00001ab8   Section        0  st7735.o(i.writedata)
    writedata                                0x00001ab9   Thumb Code    24  st7735.o(i.writedata)
    .constdata                               0x00001ad8   Section     2018  st7735.o(.constdata)
    Font                                     0x00001ad8   Data        1275  st7735.o(.constdata)
    Bcmd                                     0x00001fd3   Data         103  st7735.o(.constdata)
    Rcmd1                                    0x0000203a   Data          59  st7735.o(.constdata)
    Rcmd2green                               0x00002075   Data          13  st7735.o(.constdata)
    Rcmd2red                                 0x00002082   Data          13  st7735.o(.constdata)
    Rcmd3                                    0x0000208f   Data          43  st7735.o(.constdata)
    .constdata                               0x000022ba   Section      318  calibration.o(.constdata)
    .constdata                               0x000023f8   Section       17  __printf_flags_wp.o(.constdata)
    maptable                                 0x000023f8   Data          17  __printf_flags_wp.o(.constdata)
    .constdata                               0x00002409   Section        4  sys_io.o(.constdata)
    .constdata                               0x0000240d   Section        4  sys_io.o(.constdata)
    .constdata                               0x00002411   Section        4  sys_io.o(.constdata)
    .data                                    0x20000000   Section        8  uartintstestmain.o(.data)
    .data                                    0x20000008   Section        8  adctimertrigger.o(.data)
    .data                                    0x20000010   Section       44  st7735.o(.data)
    _width                                   0x2000001a   Data           2  st7735.o(.data)
    _height                                  0x2000001c   Data           2  st7735.o(.data)
    ColStart                                 0x20000024   Data           1  st7735.o(.data)
    RowStart                                 0x20000025   Data           1  st7735.o(.data)
    Rotation                                 0x20000026   Data           1  st7735.o(.data)
    TabColor                                 0x20000027   Data           1  st7735.o(.data)
    .data                                    0x2000003c   Section        4  stdio_streams.o(.data)
    .data                                    0x20000040   Section        4  stdio_streams.o(.data)
    .data                                    0x20000044   Section        4  stdio_streams.o(.data)
    .bss                                     0x20000048   Section      640  adctimertrigger.o(.bss)
    .bss                                     0x200002c8   Section       84  stdio_streams.o(.bss)
    .bss                                     0x2000031c   Section       84  stdio_streams.o(.bss)
    .bss                                     0x20000370   Section       84  stdio_streams.o(.bss)
    .bss                                     0x200003c4   Section       96  libspace.o(.bss)
    HEAP                                     0x20000428   Section        0  startup.o(HEAP)
    STACK                                    0x20000428   Section     1024  startup.o(STACK)
    HeapMem                                  0x20000428   Data           0  startup.o(HEAP)
    StackMem                                 0x20000428   Data           0  startup.o(STACK)

    Global Symbols

    Symbol Name                              Value     Ov Type        Size  Object(Section)

    BuildAttributes$$THM_ISAv4$E$P$D$K$B$S$7EM$PE$A:L22UL41UL21$X:L11$S22US41US21$IEEE1$IW$USESV6$~STKCKD$USESV7$~SHL$OTIME$ROPI$EBA8$UX$STANDARDLIB$REQ8$PRES8$EABIv2 0x00000000   Number         0  anon$$obj.o ABSOLUTE
    __ARM_use_no_argv                        0x00000000   Number         0  uartintstestmain.o ABSOLUTE
    __Vectors                                0x00000000   Data           0  startup.o(RESET)
    _printf_flags                            0x00000000   Number         0  printf_stubs.o ABSOLUTE
    _printf_return_value                     0x00000000   Number         0  printf_stubs.o ABSOLUTE
    _printf_sizespec                         0x00000000   Number         0  printf_stubs.o ABSOLUTE
    _printf_widthprec                        0x00000000   Number         0  printf_stubs.o ABSOLUTE
    __ARM_exceptions_init                     - Undefined Weak Reference
    __alloca_initialize                       - Undefined Weak Reference
    __cpp_initialize__aeabi_                  - Undefined Weak Reference
    __cxa_finalize                            - Undefined Weak Reference
    __rt_locale                               - Undefined Weak Reference
    __sigvec_lookup                           - Undefined Weak Reference
    __user_heap_extent                        - Undefined Weak Reference
    _atexit_init                              - Undefined Weak Reference
    _call_atexit_fns                          - Undefined Weak Reference
    _clock_init                               - Undefined Weak Reference
    _fp_trap_init                             - Undefined Weak Reference
    _fp_trap_shutdown                         - Undefined Weak Reference
    _get_lc_collate                           - Undefined Weak Reference
    _get_lc_ctype                             - Undefined Weak Reference
    _get_lc_monetary                          - Undefined Weak Reference
    _get_lc_numeric                           - Undefined Weak Reference
    _get_lc_time                              - Undefined Weak Reference
    _getenv_init                              - Undefined Weak Reference
    _handle_redirection                       - Undefined Weak Reference
    _mutex_acquire                            - Undefined Weak Reference
    _mutex_free                               - Undefined Weak Reference
    _mutex_release                            - Undefined Weak Reference
    _printf_truncate_signed                   - Undefined Weak Reference
    _printf_truncate_unsigned                 - Undefined Weak Reference
    _rand_init                                - Undefined Weak Reference
    _signal_finish                            - Undefined Weak Reference
    _signal_init                              - Undefined Weak Reference
    Reset_Handler                            0x0000026d   Thumb Code     0  startup.o(RESET)
    NMI_Handler                              0x00000271   Thumb Code     2  startup.o(RESET)
    HardFault_Handler                        0x00000273   Thumb Code     2  startup.o(RESET)
    MemManage_Handler                        0x00000275   Thumb Code     2  startup.o(RESET)
    BusFault_Handler                         0x00000277   Thumb Code     2  startup.o(RESET)
    UsageFault_Handler                       0x00000279   Thumb Code     2  startup.o(RESET)
    SVC_Handler                              0x0000027b   Thumb Code     2  startup.o(RESET)
    DebugMon_Handler                         0x0000027d   Thumb Code     2  startup.o(RESET)
    PendSV_Handler                           0x0000027f   Thumb Code     2  startup.o(RESET)
    SysTick_Handler                          0x00000281   Thumb Code     2  startup.o(RESET)
    ADC0Seq0_Handler                         0x00000283   Thumb Code     0  startup.o(RESET)
    ADC0Seq1_Handler                         0x00000283   Thumb Code     0  startup.o(RESET)
    ADC0Seq2_Handler                         0x00000283   Thumb Code     0  startup.o(RESET)
    ADC1Seq0_Handler                         0x00000283   Thumb Code     0  startup.o(RESET)
    ADC1Seq1_Handler                         0x00000283   Thumb Code     0  startup.o(RESET)
    ADC1Seq2_Handler                         0x00000283   Thumb Code     0  startup.o(RESET)
    ADC1Seq3_Handler                         0x00000283   Thumb Code     0  startup.o(RESET)
    CAN0_Handler                             0x00000283   Thumb Code     0  startup.o(RESET)
    CAN1_Handler                             0x00000283   Thumb Code     0  startup.o(RESET)
    CAN2_Handler                             0x00000283   Thumb Code     0  startup.o(RESET)
    Comp0_Handler                            0x00000283   Thumb Code     0  startup.o(RESET)
    Comp1_Handler                            0x00000283   Thumb Code     0  startup.o(RESET)
    Comp2_Handler                            0x00000283   Thumb Code     0  startup.o(RESET)
    Ethernet_Handler                         0x00000283   Thumb Code     0  startup.o(RESET)
    ExtBus_Handler                           0x00000283   Thumb Code     0  startup.o(RESET)
    FPU_Handler                              0x00000283   Thumb Code     0  startup.o(RESET)
    Fan0_Handler                             0x00000283   Thumb Code     0  startup.o(RESET)
    FlashCtl_Handler                         0x00000283   Thumb Code     0  startup.o(RESET)
    GPIOPortA_Handler                        0x00000283   Thumb Code     0  startup.o(RESET)
    GPIOPortB_Handler                        0x00000283   Thumb Code     0  startup.o(RESET)
    GPIOPortC_Handler                        0x00000283   Thumb Code     0  startup.o(RESET)
    GPIOPortD_Handler                        0x00000283   Thumb Code     0  startup.o(RESET)
    GPIOPortE_Handler                        0x00000283   Thumb Code     0  startup.o(RESET)
    GPIOPortF_Handler                        0x00000283   Thumb Code     0  startup.o(RESET)
    GPIOPortG_Handler                        0x00000283   Thumb Code     0  startup.o(RESET)
    GPIOPortH_Handler                        0x00000283   Thumb Code     0  startup.o(RESET)
    GPIOPortJ_Handler                        0x00000283   Thumb Code     0  startup.o(RESET)
    GPIOPortK_Handler                        0x00000283   Thumb Code     0  startup.o(RESET)
    GPIOPortL_Handler                        0x00000283   Thumb Code     0  startup.o(RESET)
    GPIOPortM_Handler                        0x00000283   Thumb Code     0  startup.o(RESET)
    GPIOPortN_Handler                        0x00000283   Thumb Code     0  startup.o(RESET)
    GPIOPortP1_Handler                       0x00000283   Thumb Code     0  startup.o(RESET)
    GPIOPortP2_Handler                       0x00000283   Thumb Code     0  startup.o(RESET)
    GPIOPortP3_Handler                       0x00000283   Thumb Code     0  startup.o(RESET)
    GPIOPortP4_Handler                       0x00000283   Thumb Code     0  startup.o(RESET)
    GPIOPortP5_Handler                       0x00000283   Thumb Code     0  startup.o(RESET)
    GPIOPortP6_Handler                       0x00000283   Thumb Code     0  startup.o(RESET)
    GPIOPortP7_Handler                       0x00000283   Thumb Code     0  startup.o(RESET)
    GPIOPortP_Handler                        0x00000283   Thumb Code     0  startup.o(RESET)
    GPIOPortQ1_Handler                       0x00000283   Thumb Code     0  startup.o(RESET)
    GPIOPortQ2_Handler                       0x00000283   Thumb Code     0  startup.o(RESET)
    GPIOPortQ3_Handler                       0x00000283   Thumb Code     0  startup.o(RESET)
    GPIOPortQ4_Handler                       0x00000283   Thumb Code     0  startup.o(RESET)
    GPIOPortQ5_Handler                       0x00000283   Thumb Code     0  startup.o(RESET)
    GPIOPortQ6_Handler                       0x00000283   Thumb Code     0  startup.o(RESET)
    GPIOPortQ7_Handler                       0x00000283   Thumb Code     0  startup.o(RESET)
    GPIOPortQ_Handler                        0x00000283   Thumb Code     0  startup.o(RESET)
    GPIOPortR_Handler                        0x00000283   Thumb Code     0  startup.o(RESET)
    GPIOPortS_Handler                        0x00000283   Thumb Code     0  startup.o(RESET)
    Hibernate_Handler                        0x00000283   Thumb Code     0  startup.o(RESET)
    I2C0_Handler                             0x00000283   Thumb Code     0  startup.o(RESET)
    I2C1_Handler                             0x00000283   Thumb Code     0  startup.o(RESET)
    I2C2_Handler                             0x00000283   Thumb Code     0  startup.o(RESET)
    I2C3_Handler                             0x00000283   Thumb Code     0  startup.o(RESET)
    I2C4_Handler                             0x00000283   Thumb Code     0  startup.o(RESET)
    I2C5_Handler                             0x00000283   Thumb Code     0  startup.o(RESET)
    I2S0_Handler                             0x00000283   Thumb Code     0  startup.o(RESET)
    LPC0_Handler                             0x00000283   Thumb Code     0  startup.o(RESET)
    PECI0_Handler                            0x00000283   Thumb Code     0  startup.o(RESET)
    PWM0Fault_Handler                        0x00000283   Thumb Code     0  startup.o(RESET)
    PWM0Generator0_Handler                   0x00000283   Thumb Code     0  startup.o(RESET)
    PWM0Generator1_Handler                   0x00000283   Thumb Code     0  startup.o(RESET)
    PWM0Generator2_Handler                   0x00000283   Thumb Code     0  startup.o(RESET)
    PWM0Generator3_Handler                   0x00000283   Thumb Code     0  startup.o(RESET)
    PWM1Fault_Handler                        0x00000283   Thumb Code     0  startup.o(RESET)
    PWM1Generator0_Handler                   0x00000283   Thumb Code     0  startup.o(RESET)
    PWM1Generator1_Handler                   0x00000283   Thumb Code     0  startup.o(RESET)
    PWM1Generator2_Handler                   0x00000283   Thumb Code     0  startup.o(RESET)
    PWM1Generator3_Handler                   0x00000283   Thumb Code     0  startup.o(RESET)
    Quadrature0_Handler                      0x00000283   Thumb Code     0  startup.o(RESET)
    Quadrature1_Handler                      0x00000283   Thumb Code     0  startup.o(RESET)
    Quadrature2_Handler                      0x00000283   Thumb Code     0  startup.o(RESET)
    SSI0_Handler                             0x00000283   Thumb Code     0  startup.o(RESET)
    SSI1_Handler                             0x00000283   Thumb Code     0  startup.o(RESET)
    SSI2_Handler                             0x00000283   Thumb Code     0  startup.o(RESET)
    SSI3_Handler                             0x00000283   Thumb Code     0  startup.o(RESET)
    SysCtl_Handler                           0x00000283   Thumb Code     0  startup.o(RESET)
    Timer0A_Handler                          0x00000283   Thumb Code     0  startup.o(RESET)
    Timer0B_Handler                          0x00000283   Thumb Code     0  startup.o(RESET)
    Timer1A_Handler                          0x00000283   Thumb Code     0  startup.o(RESET)
    Timer1B_Handler                          0x00000283   Thumb Code     0  startup.o(RESET)
    Timer2A_Handler                          0x00000283   Thumb Code     0  startup.o(RESET)
    Timer2B_Handler                          0x00000283   Thumb Code     0  startup.o(RESET)
    Timer3A_Handler                          0x00000283   Thumb Code     0  startup.o(RESET)
    Timer3B_Handler                          0x00000283   Thumb Code     0  startup.o(RESET)
    Timer4A_Handler                          0x00000283   Thumb Code     0  startup.o(RESET)
    Timer4B_Handler                          0x00000283   Thumb Code     0  startup.o(RESET)
    Timer5A_Handler                          0x00000283   Thumb Code     0  startup.o(RESET)
    Timer5B_Handler                          0x00000283   Thumb Code     0  startup.o(RESET)
    UART0_Handler                            0x00000283   Thumb Code     0  startup.o(RESET)
    UART1_Handler                            0x00000283   Thumb Code     0  startup.o(RESET)
    UART2_Handler                            0x00000283   Thumb Code     0  startup.o(RESET)
    UART3_Handler                            0x00000283   Thumb Code     0  startup.o(RESET)
    UART4_Handler                            0x00000283   Thumb Code     0  startup.o(RESET)
    UART5_Handler                            0x00000283   Thumb Code     0  startup.o(RESET)
    UART6_Handler                            0x00000283   Thumb Code     0  startup.o(RESET)
    UART7_Handler                            0x00000283   Thumb Code     0  startup.o(RESET)
    USB0_Handler                             0x00000283   Thumb Code     0  startup.o(RESET)
    WDT_Handler                              0x00000283   Thumb Code     0  startup.o(RESET)
    WideTimer0A_Handler                      0x00000283   Thumb Code     0  startup.o(RESET)
    WideTimer0B_Handler                      0x00000283   Thumb Code     0  startup.o(RESET)
    WideTimer1A_Handler                      0x00000283   Thumb Code     0  startup.o(RESET)
    WideTimer1B_Handler                      0x00000283   Thumb Code     0  startup.o(RESET)
    WideTimer2A_Handler                      0x00000283   Thumb Code     0  startup.o(RESET)
    WideTimer2B_Handler                      0x00000283   Thumb Code     0  startup.o(RESET)
    WideTimer3A_Handler                      0x00000283   Thumb Code     0  startup.o(RESET)
    WideTimer3B_Handler                      0x00000283   Thumb Code     0  startup.o(RESET)
    WideTimer4A_Handler                      0x00000283   Thumb Code     0  startup.o(RESET)
    WideTimer4B_Handler                      0x00000283   Thumb Code     0  startup.o(RESET)
    WideTimer5A_Handler                      0x00000283   Thumb Code     0  startup.o(RESET)
    WideTimer5B_Handler                      0x00000283   Thumb Code     0  startup.o(RESET)
    uDMA_Error                               0x00000283   Thumb Code     0  startup.o(RESET)
    uDMA_Handler                             0x00000283   Thumb Code     0  startup.o(RESET)
    __main                                   0x00000285   Thumb Code     8  __main.o(!!!main)
    __scatterload                            0x0000028d   Thumb Code     0  __scatter.o(!!!scatter)
    __scatterload_rt2                        0x0000028d   Thumb Code    44  __scatter.o(!!!scatter)
    __scatterload_rt2_thumb_only             0x0000028d   Thumb Code     0  __scatter.o(!!!scatter)
    __scatterload_null                       0x0000029b   Thumb Code     0  __scatter.o(!!!scatter)
    __scatterload_copy                       0x000002c1   Thumb Code    26  __scatter_copy.o(!!handler_copy)
    __scatterload_zeroinit                   0x000002dd   Thumb Code    28  __scatter_zi.o(!!handler_zi)
    _printf_d                                0x000002f9   Thumb Code     0  _printf_d.o(.ARM.Collect$$_printf_percent$$00000009)
    _printf_percent                          0x000002f9   Thumb Code     0  _printf_percent.o(.ARM.Collect$$_printf_percent$$00000000)
    _printf_percent_end                      0x000002ff   Thumb Code     0  _printf_percent_end.o(.ARM.Collect$$_printf_percent$$00000017)
    __rt_lib_init                            0x00000303   Thumb Code     0  libinit.o(.ARM.Collect$$libinit$$00000000)
    __rt_lib_init_fp_1                       0x00000305   Thumb Code     0  libinit2.o(.ARM.Collect$$libinit$$00000002)
    __rt_lib_init_heap_2                     0x00000305   Thumb Code     0  libinit2.o(.ARM.Collect$$libinit$$00000003)
    __rt_lib_init_atexit_1                   0x0000030d   Thumb Code     0  libinit2.o(.ARM.Collect$$libinit$$00000019)
    __rt_lib_init_clock_1                    0x0000030d   Thumb Code     0  libinit2.o(.ARM.Collect$$libinit$$0000001F)
    __rt_lib_init_fp_trap_1                  0x0000030d   Thumb Code     0  libinit2.o(.ARM.Collect$$libinit$$0000001D)
    __rt_lib_init_getenv_1                   0x0000030d   Thumb Code     0  libinit2.o(.ARM.Collect$$libinit$$00000021)
    __rt_lib_init_heap_1                     0x0000030d   Thumb Code     0  libinit2.o(.ARM.Collect$$libinit$$00000008)
    __rt_lib_init_lc_collate_1               0x0000030d   Thumb Code     0  libinit2.o(.ARM.Collect$$libinit$$0000000F)
    __rt_lib_init_lc_ctype_1                 0x0000030d   Thumb Code     0  libinit2.o(.ARM.Collect$$libinit$$00000011)
    __rt_lib_init_lc_monetary_1              0x0000030d   Thumb Code     0  libinit2.o(.ARM.Collect$$libinit$$00000013)
    __rt_lib_init_lc_numeric_1               0x0000030d   Thumb Code     0  libinit2.o(.ARM.Collect$$libinit$$00000015)
    __rt_lib_init_lc_time_1                  0x0000030d   Thumb Code     0  libinit2.o(.ARM.Collect$$libinit$$00000017)
    __rt_lib_init_rand_1                     0x0000030d   Thumb Code     0  libinit2.o(.ARM.Collect$$libinit$$0000000C)
    __rt_lib_init_signal_1                   0x0000030d   Thumb Code     0  libinit2.o(.ARM.Collect$$libinit$$0000001B)
    __rt_lib_init_stdio_2                    0x0000030d   Thumb Code     0  libinit2.o(.ARM.Collect$$libinit$$00000022)
    __rt_lib_init_user_alloc_1               0x0000030d   Thumb Code     0  libinit2.o(.ARM.Collect$$libinit$$0000000A)
    __rt_lib_init_alloca_1                   0x00000311   Thumb Code     0  libinit2.o(.ARM.Collect$$libinit$$0000002C)
    __rt_lib_init_argv_1                     0x00000311   Thumb Code     0  libinit2.o(.ARM.Collect$$libinit$$0000002A)
    __rt_lib_init_cpp_1                      0x00000311   Thumb Code     0  libinit2.o(.ARM.Collect$$libinit$$00000030)
    __rt_lib_init_exceptions_1               0x00000311   Thumb Code     0  libinit2.o(.ARM.Collect$$libinit$$0000002E)
    __rt_lib_init_return                     0x00000311   Thumb Code     0  libinit2.o(.ARM.Collect$$libinit$$00000031)
    __rt_lib_init_stdio_1                    0x00000311   Thumb Code     0  libinit2.o(.ARM.Collect$$libinit$$00000023)
    __rt_lib_shutdown                        0x00000313   Thumb Code     0  libshutdown.o(.ARM.Collect$$libshutdown$$00000000)
    __rt_lib_shutdown_stdio_2                0x00000315   Thumb Code     0  libshutdown2.o(.ARM.Collect$$libshutdown$$00000002)
    __rt_lib_shutdown_fp_trap_1              0x00000319   Thumb Code     0  libshutdown2.o(.ARM.Collect$$libshutdown$$00000006)
    __rt_lib_shutdown_heap_1                 0x00000319   Thumb Code     0  libshutdown2.o(.ARM.Collect$$libshutdown$$0000000E)
    __rt_lib_shutdown_return                 0x00000319   Thumb Code     0  libshutdown2.o(.ARM.Collect$$libshutdown$$0000000F)
    __rt_lib_shutdown_signal_1               0x00000319   Thumb Code     0  libshutdown2.o(.ARM.Collect$$libshutdown$$00000009)
    __rt_lib_shutdown_stdio_1                0x00000319   Thumb Code     0  libshutdown2.o(.ARM.Collect$$libshutdown$$00000003)
    __rt_lib_shutdown_user_alloc_1           0x00000319   Thumb Code     0  libshutdown2.o(.ARM.Collect$$libshutdown$$0000000B)
    __rt_entry                               0x0000031b   Thumb Code     0  rtentry.o(.ARM.Collect$$rtentry$$00000000)
    __rt_entry_presh_1                       0x0000031b   Thumb Code     0  rtentry2.o(.ARM.Collect$$rtentry$$00000002)
    __rt_entry_sh                            0x0000031b   Thumb Code     0  rtentry4.o(.ARM.Collect$$rtentry$$00000004)
    __rt_entry_li                            0x00000321   Thumb Code     0  rtentry2.o(.ARM.Collect$$rtentry$$0000000A)
    __rt_entry_postsh_1                      0x00000321   Thumb Code     0  rtentry2.o(.ARM.Collect$$rtentry$$00000009)
    __rt_entry_main                          0x00000325   Thumb Code     0  rtentry2.o(.ARM.Collect$$rtentry$$0000000D)
    __rt_entry_postli_1                      0x00000325   Thumb Code     0  rtentry2.o(.ARM.Collect$$rtentry$$0000000C)
    __rt_exit                                0x0000032d   Thumb Code     0  rtexit.o(.ARM.Collect$$rtexit$$00000000)
    __rt_exit_ls                             0x0000032f   Thumb Code     0  rtexit2.o(.ARM.Collect$$rtexit$$00000003)
    __rt_exit_prels_1                        0x0000032f   Thumb Code     0  rtexit2.o(.ARM.Collect$$rtexit$$00000002)
    __rt_exit_exit                           0x00000333   Thumb Code     0  rtexit2.o(.ARM.Collect$$rtexit$$00000004)
    DisableInterrupts                        0x00000339   Thumb Code     0  startup.o(.text)
    _maybe_terminate_alloc                   0x00000339   Thumb Code     0  maybetermalloc1.o(.emb_text)
    EnableInterrupts                         0x0000033d   Thumb Code     0  startup.o(.text)
    StartCritical                            0x00000341   Thumb Code     0  startup.o(.text)
    EndCritical                              0x00000349   Thumb Code     0  startup.o(.text)
    WaitForInterrupt                         0x0000034f   Thumb Code     0  startup.o(.text)
    __user_initial_stackheap                 0x00000353   Thumb Code     0  startup.o(.text)
    __2printf                                0x00000369   Thumb Code    20  noretval__2printf.o(.text)
    _printf_pre_padding                      0x00000381   Thumb Code    46  _printf_pad.o(.text)
    _printf_post_padding                     0x000003af   Thumb Code    36  _printf_pad.o(.text)
    _printf_int_dec                          0x000003d5   Thumb Code   102  _printf_dec.o(.text)
    __printf                                 0x0000044d   Thumb Code   310  __printf_flags_wp.o(.text)
    __use_two_region_memory                  0x00000589   Thumb Code     2  heapauxi.o(.text)
    __rt_heap_escrow                         0x0000058b   Thumb Code     2  heapauxi.o(.text)
    __rt_heap_expand                         0x0000058d   Thumb Code     2  heapauxi.o(.text)
    _printf_int_common                       0x0000058f   Thumb Code   184  _printf_intcommon.o(.text)
    _printf_char_file                        0x00000649   Thumb Code    32  _printf_char_file.o(.text)
    _printf_char_common                      0x00000677   Thumb Code    32  _printf_char_common.o(.text)
    _initio                                  0x0000069d   Thumb Code   210  initio.o(.text)
    _terminateio                             0x0000076f   Thumb Code    56  initio.o(.text)
    _sys_open                                0x000007d5   Thumb Code    20  sys_io.o(.text)
    _sys_close                               0x000007e9   Thumb Code    12  sys_io.o(.text)
    _sys_write                               0x000007f5   Thumb Code    16  sys_io.o(.text)
    _sys_read                                0x00000805   Thumb Code    14  sys_io.o(.text)
    _sys_istty                               0x00000813   Thumb Code    12  sys_io.o(.text)
    _sys_seek                                0x0000081f   Thumb Code    14  sys_io.o(.text)
    _sys_ensure                              0x0000082d   Thumb Code     2  sys_io.o(.text)
    _sys_flen                                0x0000082f   Thumb Code    12  sys_io.o(.text)
    __user_setup_stackheap                   0x0000083b   Thumb Code    74  sys_stackheap_outer.o(.text)
    free                                     0x00000885   Thumb Code    78  h1_free.o(.text)
    setvbuf                                  0x000008d3   Thumb Code    70  setvbuf.o(.text)
    freopen                                  0x00000919   Thumb Code   158  fopen.o(.text)
    fopen                                    0x000009b7   Thumb Code    74  fopen.o(.text)
    _fclose_internal                         0x00000a05   Thumb Code    76  fclose.o(.text)
    fclose                                   0x00000a05   Thumb Code     0  fclose.o(.text)
    exit                                     0x00000a51   Thumb Code    12  exit.o(.text)
    __rt_SIGRTRED                            0x00000a5d   Thumb Code    14  defsig_rtred_outer.o(.text)
    __aeabi_memclr4                          0x00000a6b   Thumb Code     0  rt_memclr_w.o(.text)
    __aeabi_memclr8                          0x00000a6b   Thumb Code     0  rt_memclr_w.o(.text)
    __rt_memclr_w                            0x00000a6b   Thumb Code    78  rt_memclr_w.o(.text)
    _memset_w                                0x00000a6f   Thumb Code     0  rt_memclr_w.o(.text)
    __user_libspace                          0x00000ab9   Thumb Code     8  libspace.o(.text)
    __user_perproc_libspace                  0x00000ab9   Thumb Code     0  libspace.o(.text)
    __user_perthread_libspace                0x00000ab9   Thumb Code     0  libspace.o(.text)
    __I$use$semihosting                      0x00000ac1   Thumb Code     0  use_no_semi.o(.text)
    __use_no_semihosting_swi                 0x00000ac1   Thumb Code     2  use_no_semi.o(.text)
    __semihosting_library_function           0x00000ac3   Thumb Code     0  indicate_semi.o(.text)
    __rt_heap_descriptor                     0x00000ac5   Thumb Code     8  rt_heap_descriptor_intlibspace.o(.text)
    __use_no_heap                            0x00000acd   Thumb Code     2  hguard.o(.text)
    __heap$guard                             0x00000acf   Thumb Code     2  hguard.o(.text)
    _terminate_user_alloc                    0x00000ad1   Thumb Code     2  init_alloc.o(.text)
    _init_user_alloc                         0x00000ad3   Thumb Code     2  init_alloc.o(.text)
    __Heap_Full                              0x00000ad5   Thumb Code    34  init_alloc.o(.text)
    __Heap_Broken                            0x00000af7   Thumb Code     6  init_alloc.o(.text)
    _init_alloc                              0x00000afd   Thumb Code    94  init_alloc.o(.text)
    malloc                                   0x00000b5b   Thumb Code    94  h1_alloc.o(.text)
    _fseek                                   0x00000bb9   Thumb Code   242  fseek.o(.text)
    fseek                                    0x00000bb9   Thumb Code     0  fseek.o(.text)
    _seterr                                  0x00000cb1   Thumb Code    20  stdio.o(.text)
    _writebuf                                0x00000cc5   Thumb Code    84  stdio.o(.text)
    _fflush                                  0x00000d19   Thumb Code    70  stdio.o(.text)
    _deferredlazyseek                        0x00000d5f   Thumb Code    60  stdio.o(.text)
    __sig_exit                               0x00000da1   Thumb Code    10  defsig_exit.o(.text)
    __rt_SIGRTRED_inner                      0x00000dad   Thumb Code    14  defsig_rtred_inner.o(.text)
    strlen                                   0x00000de1   Thumb Code    62  strlen.o(.text)
    _sys_exit                                0x00000e21   Thumb Code     8  sys_exit.o(.text)
    __Heap_Initialize                        0x00000e2d   Thumb Code    10  h1_init.o(.text)
    __Heap_DescSize                          0x00000e37   Thumb Code     4  h1_init.o(.text)
    __Heap_ProvideMemory                     0x00000e3b   Thumb Code    52  h1_extend.o(.text)
    _ftell_internal                          0x00000e6f   Thumb Code    70  ftell.o(.text)
    ftell                                    0x00000e6f   Thumb Code     0  ftell.o(.text)
    __default_signal_display                 0x00000eb5   Thumb Code    50  defsig_general.o(.text)
    __rt_SIGRTMEM                            0x00000ee7   Thumb Code    14  defsig_rtmem_outer.o(.text)
    _ttywrch                                 0x00000ef5   Thumb Code    14  sys_wrch.o(.text)
    __aeabi_errno_addr                       0x00000f05   Thumb Code     8  rt_errno_addr_intlibspace.o(.text)
    __errno$intlibspace                      0x00000f05   Thumb Code     0  rt_errno_addr_intlibspace.o(.text)
    __rt_errno_addr$intlibspace              0x00000f05   Thumb Code     0  rt_errno_addr_intlibspace.o(.text)
    __rt_SIGRTMEM_inner                      0x00000f0d   Thumb Code    22  defsig_rtmem_inner.o(.text)
    ADC0Seq3_Handler                         0x00000f5d   Thumb Code    56  adctimertrigger.o(i.ADC0Seq3_Handler)
    ADC0_Init                                0x00000fa5   Thumb Code   254  adctimertrigger.o(i.ADC0_Init)
    Delay1ms                                 0x000010c9   Thumb Code    32  st7735.o(i.Delay1ms)
    PLL_Init                                 0x000010e9   Thumb Code   118  pll.o(i.PLL_Init)
    ST7735_Color565                          0x00001165   Thumb Code    24  st7735.o(i.ST7735_Color565)
    ST7735_DrawCharS                         0x0000117d   Thumb Code   232  st7735.o(i.ST7735_DrawCharS)
    ST7735_DrawPixel                         0x00001271   Thumb Code    64  st7735.o(i.ST7735_DrawPixel)
    ST7735_DrawString                        0x000012b9   Thumb Code    86  st7735.o(i.ST7735_DrawString)
    ST7735_FillRect                          0x00001311   Thumb Code   164  st7735.o(i.ST7735_FillRect)
    ST7735_FillScreen                        0x000013bd   Thumb Code    28  st7735.o(i.ST7735_FillScreen)
    ST7735_InitR                             0x000013e1   Thumb Code    90  st7735.o(i.ST7735_InitR)
    ST7735_OutChar                           0x0000145d   Thumb Code   176  st7735.o(i.ST7735_OutChar)
    ST7735_PlotClear                         0x00001531   Thumb Code    74  st7735.o(i.ST7735_PlotClear)
    ST7735_SetCursor                         0x0000158d   Thumb Code    22  st7735.o(i.ST7735_SetCursor)
    UART_Init                                0x000015ad   Thumb Code   118  uart.o(i.UART_Init)
    _is_digit                                0x00001635   Thumb Code    14  __printf_wp.o(i._is_digit)
    adc_fifo_Current                         0x00001645   Thumb Code    12  adctimertrigger.o(i.adc_fifo_Current)
    adc_fifo_Get                             0x00001659   Thumb Code     4  adctimertrigger.o(i.adc_fifo_Get)
    adc_fifo_Pop                             0x00001661   Thumb Code    52  adctimertrigger.o(i.adc_fifo_Pop)
    adc_fifo_Push                            0x000016a1   Thumb Code    46  adctimertrigger.o(i.adc_fifo_Push)
    ferror                                   0x000018b9   Thumb Code     8  st7735.o(i.ferror)
    fputc                                    0x000018c1   Thumb Code    16  st7735.o(i.fputc)
    main                                     0x000018d1   Thumb Code   210  uartintstestmain.o(i.main)
    realTemp                                 0x000019e1   Thumb Code    42  calibration.o(i.realTemp)
    dBfs                                     0x000020ba   Data         512  st7735.o(.constdata)
    ADCdata                                  0x000022ba   Data         106  calibration.o(.constdata)
    Tdata                                    0x00002324   Data         106  calibration.o(.constdata)
    Rdata                                    0x0000238e   Data         106  calibration.o(.constdata)
    __stdin_name                             0x00002409   Data           4  sys_io.o(.constdata)
    __stdout_name                            0x0000240d   Data           4  sys_io.o(.constdata)
    __stderr_name                            0x00002411   Data           4  sys_io.o(.constdata)
    Region$$Table$$Base                      0x00002418   Number         0  anon$$obj.o(Region$$Table)
    Region$$Table$$Limit                     0x00002438   Number         0  anon$$obj.o(Region$$Table)
    currentTemp                              0x20000000   Data           4  uartintstestmain.o(.data)
    pixel                                    0x20000004   Data           4  uartintstestmain.o(.data)
    fifoStart                                0x20000008   Data           4  adctimertrigger.o(.data)
    fifoEnd                                  0x2000000c   Data           4  adctimertrigger.o(.data)
    StX                                      0x20000010   Data           4  st7735.o(.data)
    StY                                      0x20000014   Data           4  st7735.o(.data)
    StTextColor                              0x20000018   Data           2  st7735.o(.data)
    lastj                                    0x20000020   Data           4  st7735.o(.data)
    Messageindex                             0x20000028   Data           4  st7735.o(.data)
    Ymax                                     0x2000002c   Data           4  st7735.o(.data)
    Ymin                                     0x20000030   Data           4  st7735.o(.data)
    X                                        0x20000034   Data           4  st7735.o(.data)
    Yrange                                   0x20000038   Data           4  st7735.o(.data)
    __aeabi_stdin                            0x2000003c   Data           4  stdio_streams.o(.data)
    __aeabi_stdout                           0x20000040   Data           4  stdio_streams.o(.data)
    __aeabi_stderr                           0x20000044   Data           4  stdio_streams.o(.data)
    fifo                                     0x20000048   Data         640  adctimertrigger.o(.bss)
    __stdin                                  0x200002c8   Data          84  stdio_streams.o(.bss)
    __stdout                                 0x2000031c   Data          84  stdio_streams.o(.bss)
    __stderr                                 0x20000370   Data          84  stdio_streams.o(.bss)
    __libspace_start                         0x200003c4   Data          96  libspace.o(.bss)
    __temporary_stack_top$libspace           0x20000424   Data           0  libspace.o(.bss)



==============================================================================

Memory Map of the image

  Image Entry point : 0x0000026d

  Load Region LR_1 (Base: 0x00000000, Size: 0x00002480, Max: 0xffffffff, ABSOLUTE)

    Execution Region ER_RO (Base: 0x00000000, Size: 0x00002438, Max: 0xffffffff, ABSOLUTE)

    Base Addr    Size         Type   Attr      Idx    E Section Name        Object

    0x00000000   0x00000284   Code   RO            3  * RESET               startup.o
    0x00000284   0x00000008   Code   RO          489  * !!!main             c_w.l(__main.o)
    0x0000028c   0x00000034   Code   RO          805    !!!scatter          c_w.l(__scatter.o)
    0x000002c0   0x0000001a   Code   RO          807    !!handler_copy      c_w.l(__scatter_copy.o)
    0x000002da   0x00000002   PAD
    0x000002dc   0x0000001c   Code   RO          809    !!handler_zi        c_w.l(__scatter_zi.o)
    0x000002f8   0x00000000   Code   RO          486    .ARM.Collect$$_printf_percent$$00000000  c_w.l(_printf_percent.o)
    0x000002f8   0x00000006   Code   RO          485    .ARM.Collect$$_printf_percent$$00000009  c_w.l(_printf_d.o)
    0x000002fe   0x00000004   Code   RO          496    .ARM.Collect$$_printf_percent$$00000017  c_w.l(_printf_percent_end.o)
    0x00000302   0x00000002   Code   RO          615    .ARM.Collect$$libinit$$00000000  c_w.l(libinit.o)
    0x00000304   0x00000000   Code   RO          617    .ARM.Collect$$libinit$$00000002  c_w.l(libinit2.o)
    0x00000304   0x00000008   Code   RO          618    .ARM.Collect$$libinit$$00000003  c_w.l(libinit2.o)
    0x0000030c   0x00000000   Code   RO          620    .ARM.Collect$$libinit$$00000008  c_w.l(libinit2.o)
    0x0000030c   0x00000000   Code   RO          622    .ARM.Collect$$libinit$$0000000A  c_w.l(libinit2.o)
    0x0000030c   0x00000000   Code   RO          624    .ARM.Collect$$libinit$$0000000C  c_w.l(libinit2.o)
    0x0000030c   0x00000000   Code   RO          627    .ARM.Collect$$libinit$$0000000F  c_w.l(libinit2.o)
    0x0000030c   0x00000000   Code   RO          629    .ARM.Collect$$libinit$$00000011  c_w.l(libinit2.o)
    0x0000030c   0x00000000   Code   RO          631    .ARM.Collect$$libinit$$00000013  c_w.l(libinit2.o)
    0x0000030c   0x00000000   Code   RO          633    .ARM.Collect$$libinit$$00000015  c_w.l(libinit2.o)
    0x0000030c   0x00000000   Code   RO          635    .ARM.Collect$$libinit$$00000017  c_w.l(libinit2.o)
    0x0000030c   0x00000000   Code   RO          637    .ARM.Collect$$libinit$$00000019  c_w.l(libinit2.o)
    0x0000030c   0x00000000   Code   RO          639    .ARM.Collect$$libinit$$0000001B  c_w.l(libinit2.o)
    0x0000030c   0x00000000   Code   RO          641    .ARM.Collect$$libinit$$0000001D  c_w.l(libinit2.o)
    0x0000030c   0x00000000   Code   RO          643    .ARM.Collect$$libinit$$0000001F  c_w.l(libinit2.o)
    0x0000030c   0x00000000   Code   RO          645    .ARM.Collect$$libinit$$00000021  c_w.l(libinit2.o)
    0x0000030c   0x00000004   Code   RO          646    .ARM.Collect$$libinit$$00000022  c_w.l(libinit2.o)
    0x00000310   0x00000000   Code   RO          647    .ARM.Collect$$libinit$$00000023  c_w.l(libinit2.o)
    0x00000310   0x00000000   Code   RO          651    .ARM.Collect$$libinit$$0000002A  c_w.l(libinit2.o)
    0x00000310   0x00000000   Code   RO          653    .ARM.Collect$$libinit$$0000002C  c_w.l(libinit2.o)
    0x00000310   0x00000000   Code   RO          655    .ARM.Collect$$libinit$$0000002E  c_w.l(libinit2.o)
    0x00000310   0x00000000   Code   RO          657    .ARM.Collect$$libinit$$00000030  c_w.l(libinit2.o)
    0x00000310   0x00000002   Code   RO          658    .ARM.Collect$$libinit$$00000031  c_w.l(libinit2.o)
    0x00000312   0x00000002   Code   RO          784    .ARM.Collect$$libshutdown$$00000000  c_w.l(libshutdown.o)
    0x00000314   0x00000004   Code   RO          660    .ARM.Collect$$libshutdown$$00000002  c_w.l(libshutdown2.o)
    0x00000318   0x00000000   Code   RO          661    .ARM.Collect$$libshutdown$$00000003  c_w.l(libshutdown2.o)
    0x00000318   0x00000000   Code   RO          664    .ARM.Collect$$libshutdown$$00000006  c_w.l(libshutdown2.o)
    0x00000318   0x00000000   Code   RO          667    .ARM.Collect$$libshutdown$$00000009  c_w.l(libshutdown2.o)
    0x00000318   0x00000000   Code   RO          669    .ARM.Collect$$libshutdown$$0000000B  c_w.l(libshutdown2.o)
    0x00000318   0x00000000   Code   RO          672    .ARM.Collect$$libshutdown$$0000000E  c_w.l(libshutdown2.o)
    0x00000318   0x00000002   Code   RO          673    .ARM.Collect$$libshutdown$$0000000F  c_w.l(libshutdown2.o)
    0x0000031a   0x00000000   Code   RO          491    .ARM.Collect$$rtentry$$00000000  c_w.l(rtentry.o)
    0x0000031a   0x00000000   Code   RO          504    .ARM.Collect$$rtentry$$00000002  c_w.l(rtentry2.o)
    0x0000031a   0x00000006   Code   RO          516    .ARM.Collect$$rtentry$$00000004  c_w.l(rtentry4.o)
    0x00000320   0x00000000   Code   RO          506    .ARM.Collect$$rtentry$$00000009  c_w.l(rtentry2.o)
    0x00000320   0x00000004   Code   RO          507    .ARM.Collect$$rtentry$$0000000A  c_w.l(rtentry2.o)
    0x00000324   0x00000000   Code   RO          509    .ARM.Collect$$rtentry$$0000000C  c_w.l(rtentry2.o)
    0x00000324   0x00000008   Code   RO          510    .ARM.Collect$$rtentry$$0000000D  c_w.l(rtentry2.o)
    0x0000032c   0x00000002   Code   RO          680    .ARM.Collect$$rtexit$$00000000  c_w.l(rtexit.o)
    0x0000032e   0x00000000   Code   RO          730    .ARM.Collect$$rtexit$$00000002  c_w.l(rtexit2.o)
    0x0000032e   0x00000004   Code   RO          731    .ARM.Collect$$rtexit$$00000003  c_w.l(rtexit2.o)
    0x00000332   0x00000006   Code   RO          732    .ARM.Collect$$rtexit$$00000004  c_w.l(rtexit2.o)
    0x00000338   0x00000000   Code   RO          736    .emb_text           c_w.l(maybetermalloc1.o)
    0x00000338   0x00000030   Code   RO            4    .text               startup.o
    0x00000368   0x00000018   Code   RO          457    .text               c_w.l(noretval__2printf.o)
    0x00000380   0x00000052   Code   RO          461    .text               c_w.l(_printf_pad.o)
    0x000003d2   0x00000002   PAD
    0x000003d4   0x00000078   Code   RO          463    .text               c_w.l(_printf_dec.o)
    0x0000044c   0x0000013c   Code   RO          477    .text               c_w.l(__printf_flags_wp.o)
    0x00000588   0x00000006   Code   RO          487    .text               c_w.l(heapauxi.o)
    0x0000058e   0x000000b8   Code   RO          492    .text               c_w.l(_printf_intcommon.o)
    0x00000646   0x00000002   PAD
    0x00000648   0x00000024   Code   RO          494    .text               c_w.l(_printf_char_file.o)
    0x0000066c   0x00000030   Code   RO          518    .text               c_w.l(_printf_char_common.o)
    0x0000069c   0x00000138   Code   RO          520    .text               c_w.l(initio.o)
    0x000007d4   0x00000066   Code   RO          524    .text               c_w.l(sys_io.o)
    0x0000083a   0x0000004a   Code   RO          531    .text               c_w.l(sys_stackheap_outer.o)
    0x00000884   0x0000004e   Code   RO          535    .text               c_w.l(h1_free.o)
    0x000008d2   0x00000046   Code   RO          591    .text               c_w.l(setvbuf.o)
    0x00000918   0x000000ec   Code   RO          594    .text               c_w.l(fopen.o)
    0x00000a04   0x0000004c   Code   RO          596    .text               c_w.l(fclose.o)
    0x00000a50   0x0000000c   Code   RO          602    .text               c_w.l(exit.o)
    0x00000a5c   0x0000000e   Code   RO          604    .text               c_w.l(defsig_rtred_outer.o)
    0x00000a6a   0x0000004e   Code   RO          608    .text               c_w.l(rt_memclr_w.o)
    0x00000ab8   0x00000008   Code   RO          674    .text               c_w.l(libspace.o)
    0x00000ac0   0x00000002   Code   RO          677    .text               c_w.l(use_no_semi.o)
    0x00000ac2   0x00000000   Code   RO          679    .text               c_w.l(indicate_semi.o)
    0x00000ac2   0x00000002   PAD
    0x00000ac4   0x00000008   Code   RO          687    .text               c_w.l(rt_heap_descriptor_intlibspace.o)
    0x00000acc   0x00000004   Code   RO          689    .text               c_w.l(hguard.o)
    0x00000ad0   0x0000008a   Code   RO          691    .text               c_w.l(init_alloc.o)
    0x00000b5a   0x0000005e   Code   RO          697    .text               c_w.l(h1_alloc.o)
    0x00000bb8   0x000000f8   Code   RO          711    .text               c_w.l(fseek.o)
    0x00000cb0   0x000000f0   Code   RO          713    .text               c_w.l(stdio.o)
    0x00000da0   0x0000000a   Code   RO          715    .text               c_w.l(defsig_exit.o)
    0x00000daa   0x00000002   PAD
    0x00000dac   0x00000034   Code   RO          717    .text               c_w.l(defsig_rtred_inner.o)
    0x00000de0   0x0000003e   Code   RO          719    .text               c_w.l(strlen.o)
    0x00000e1e   0x00000002   PAD
    0x00000e20   0x0000000c   Code   RO          727    .text               c_w.l(sys_exit.o)
    0x00000e2c   0x0000000e   Code   RO          738    .text               c_w.l(h1_init.o)
    0x00000e3a   0x00000034   Code   RO          740    .text               c_w.l(h1_extend.o)
    0x00000e6e   0x00000046   Code   RO          746    .text               c_w.l(ftell.o)
    0x00000eb4   0x00000032   Code   RO          750    .text               c_w.l(defsig_general.o)
    0x00000ee6   0x0000000e   Code   RO          752    .text               c_w.l(defsig_rtmem_outer.o)
    0x00000ef4   0x0000000e   Code   RO          765    .text               c_w.l(sys_wrch.o)
    0x00000f02   0x00000002   PAD
    0x00000f04   0x00000008   Code   RO          772    .text               c_w.l(rt_errno_addr_intlibspace.o)
    0x00000f0c   0x00000050   Code   RO          778    .text               c_w.l(defsig_rtmem_inner.o)
    0x00000f5c   0x00000048   Code   RO          108    i.ADC0Seq3_Handler  adctimertrigger.o
    0x00000fa4   0x00000124   Code   RO          109    i.ADC0_Init         adctimertrigger.o
    0x000010c8   0x00000020   Code   RO          169    i.Delay1ms          st7735.o
    0x000010e8   0x0000007c   Code   RO           12    i.PLL_Init          pll.o
    0x00001164   0x00000018   Code   RO          175    i.ST7735_Color565   st7735.o
    0x0000117c   0x000000f4   Code   RO          178    i.ST7735_DrawCharS  st7735.o
    0x00001270   0x00000048   Code   RO          181    i.ST7735_DrawPixel  st7735.o
    0x000012b8   0x00000056   Code   RO          182    i.ST7735_DrawString  st7735.o
    0x0000130e   0x00000002   PAD
    0x00001310   0x000000ac   Code   RO          183    i.ST7735_FillRect   st7735.o
    0x000013bc   0x00000024   Code   RO          184    i.ST7735_FillScreen  st7735.o
    0x000013e0   0x0000007c   Code   RO          186    i.ST7735_InitR      st7735.o
    0x0000145c   0x000000d4   Code   RO          188    i.ST7735_OutChar    st7735.o
    0x00001530   0x0000005c   Code   RO          192    i.ST7735_PlotClear  st7735.o
    0x0000158c   0x00000020   Code   RO          199    i.ST7735_SetCursor  st7735.o
    0x000015ac   0x00000088   Code   RO           73    i.UART_Init         uart.o
    0x00001634   0x0000000e   Code   RO          475    i._is_digit         c_w.l(__printf_wp.o)
    0x00001642   0x00000002   PAD
    0x00001644   0x00000014   Code   RO          110    i.adc_fifo_Current  adctimertrigger.o
    0x00001658   0x00000008   Code   RO          111    i.adc_fifo_Get      adctimertrigger.o
    0x00001660   0x00000040   Code   RO          112    i.adc_fifo_Pop      adctimertrigger.o
    0x000016a0   0x0000003c   Code   RO          113    i.adc_fifo_Push     adctimertrigger.o
    0x000016dc   0x00000056   Code   RO          203    i.commandList       st7735.o
    0x00001732   0x00000002   PAD
    0x00001734   0x00000184   Code   RO          204    i.commonInit        st7735.o
    0x000018b8   0x00000008   Code   RO          205    i.ferror            st7735.o
    0x000018c0   0x00000010   Code   RO          208    i.fputc             st7735.o
    0x000018d0   0x000000fc   Code   RO           35    i.main              uartintstestmain.o
    0x000019cc   0x00000012   Code   RO          209    i.pushColor         st7735.o
    0x000019de   0x00000002   PAD
    0x000019e0   0x00000034   Code   RO          438    i.realTemp          calibration.o
    0x00001a14   0x00000074   Code   RO          210    i.setAddrWindow     st7735.o
    0x00001a88   0x00000030   Code   RO          211    i.writecommand      st7735.o
    0x00001ab8   0x00000020   Code   RO          212    i.writedata         st7735.o
    0x00001ad8   0x000007e2   Data   RO          214    .constdata          st7735.o
    0x000022ba   0x0000013e   Data   RO          439    .constdata          calibration.o
    0x000023f8   0x00000011   Data   RO          478    .constdata          c_w.l(__printf_flags_wp.o)
    0x00002409   0x00000004   Data   RO          525    .constdata          c_w.l(sys_io.o)
    0x0000240d   0x00000004   Data   RO          526    .constdata          c_w.l(sys_io.o)
    0x00002411   0x00000004   Data   RO          527    .constdata          c_w.l(sys_io.o)
    0x00002415   0x00000003   PAD
    0x00002418   0x00000020   Data   RO          803    Region$$Table       anon$$obj.o


    Execution Region ER_RW (Base: 0x20000000, Size: 0x00000048, Max: 0xffffffff, ABSOLUTE)

    Base Addr    Size         Type   Attr      Idx    E Section Name        Object

    0x20000000   0x00000008   Data   RW           36    .data               uartintstestmain.o
    0x20000008   0x00000008   Data   RW          115    .data               adctimertrigger.o
    0x20000010   0x0000002c   Data   RW          215    .data               st7735.o
    0x2000003c   0x00000004   Data   RW          500    .data               c_w.l(stdio_streams.o)
    0x20000040   0x00000004   Data   RW          501    .data               c_w.l(stdio_streams.o)
    0x20000044   0x00000004   Data   RW          502    .data               c_w.l(stdio_streams.o)


    Execution Region ER_ZI (Base: 0x20000048, Size: 0x000007e0, Max: 0xffffffff, ABSOLUTE)

    Base Addr    Size         Type   Attr      Idx    E Section Name        Object

    0x20000048   0x00000280   Zero   RW          114    .bss                adctimertrigger.o
    0x200002c8   0x00000054   Zero   RW          497    .bss                c_w.l(stdio_streams.o)
    0x2000031c   0x00000054   Zero   RW          498    .bss                c_w.l(stdio_streams.o)
    0x20000370   0x00000054   Zero   RW          499    .bss                c_w.l(stdio_streams.o)
    0x200003c4   0x00000060   Zero   RW          675    .bss                c_w.l(libspace.o)
    0x20000424   0x00000004   PAD
    0x20000428   0x00000000   Zero   RW            2    HEAP                startup.o
    0x20000428   0x00000400   Zero   RW            1    STACK               startup.o


==============================================================================

Image component sizes


      Code (inc. data)   RO Data    RW Data    ZI Data      Debug   Object Name

       516         92          0          8        640       3469   adctimertrigger.o
        52         10        318          0          0       1029   calibration.o
       124          6          0          0          0       4647   pll.o
      1838        208       2018         44          0      13569   st7735.o
       692        632          0          0       1024        940   startup.o
       136         18          0          0          0        400   uart.o
       252         42          0          8          0       2535   uartintstestmain.o

    ----------------------------------------------------------------------
      3616       1008       2368         60       1664      26589   Object Totals
         0          0         32          0          0          0   (incl. Generated)
         6          0          0          0          0          0   (incl. Padding)

    ----------------------------------------------------------------------

      Code (inc. data)   RO Data    RW Data    ZI Data      Debug   Library Member Name

         8          0          0          0          0         68   __main.o
       316          6         17          0          0         92   __printf_flags_wp.o
        14          0          0          0          0         68   __printf_wp.o
        52          8          0          0          0          0   __scatter.o
        26          0          0          0          0          0   __scatter_copy.o
        28          0          0          0          0          0   __scatter_zi.o
        48          6          0          0          0         96   _printf_char_common.o
        36          4          0          0          0         80   _printf_char_file.o
         6          0          0          0          0          0   _printf_d.o
       120         18          0          0          0         92   _printf_dec.o
       184          0          0          0          0         88   _printf_intcommon.o
        82          0          0          0          0        108   _printf_pad.o
         0          0          0          0          0          0   _printf_percent.o
         4          0          0          0          0          0   _printf_percent_end.o
        10          0          0          0          0         68   defsig_exit.o
        50          0          0          0          0         88   defsig_general.o
        80         58          0          0          0         76   defsig_rtmem_inner.o
        14          0          0          0          0         80   defsig_rtmem_outer.o
        52         38          0          0          0         76   defsig_rtred_inner.o
        14          0          0          0          0         80   defsig_rtred_outer.o
        12          0          0          0          0         72   exit.o
        76          0          0          0          0         88   fclose.o
       236          4          0          0          0        128   fopen.o
       248          6          0          0          0         84   fseek.o
        70          0          0          0          0         76   ftell.o
        94          0          0          0          0         80   h1_alloc.o
        52          0          0          0          0         68   h1_extend.o
        78          0          0          0          0         80   h1_free.o
        14          0          0          0          0         84   h1_init.o
         6          0          0          0          0        152   heapauxi.o
         4          0          0          0          0        136   hguard.o
         0          0          0          0          0          0   indicate_semi.o
       138          0          0          0          0        168   init_alloc.o
       312         46          0          0          0        112   initio.o
         2          0          0          0          0          0   libinit.o
        14          0          0          0          0          0   libinit2.o
         2          0          0          0          0          0   libshutdown.o
         6          0          0          0          0          0   libshutdown2.o
         8          4          0          0         96         68   libspace.o
         0          0          0          0          0          0   maybetermalloc1.o
        24          4          0          0          0         84   noretval__2printf.o
         8          4          0          0          0         68   rt_errno_addr_intlibspace.o
         8          4          0          0          0         68   rt_heap_descriptor_intlibspace.o
        78          0          0          0          0         80   rt_memclr_w.o
         0          0          0          0          0          0   rtentry.o
        12          0          0          0          0          0   rtentry2.o
         6          0          0          0          0          0   rtentry4.o
         2          0          0          0          0          0   rtexit.o
        10          0          0          0          0          0   rtexit2.o
        70          0          0          0          0         80   setvbuf.o
       240          6          0          0          0        156   stdio.o
         0          0          0         12        252          0   stdio_streams.o
        62          0          0          0          0         76   strlen.o
        12          4          0          0          0         68   sys_exit.o
       102          0         12          0          0        240   sys_io.o
        74          0          0          0          0         80   sys_stackheap_outer.o
        14          0          0          0          0         76   sys_wrch.o
         2          0          0          0          0         68   use_no_semi.o

    ----------------------------------------------------------------------
      3256        220         32         12        352       3700   Library Totals
        16          0          3          0          4          0   (incl. Padding)

    ----------------------------------------------------------------------

      Code (inc. data)   RO Data    RW Data    ZI Data      Debug   Library Name

      3240        220         29         12        348       3700   c_w.l

    ----------------------------------------------------------------------
      3256        220         32         12        352       3700   Library Totals

    ----------------------------------------------------------------------

==============================================================================


      Code (inc. data)   RO Data    RW Data    ZI Data      Debug   

      6872       1228       2400         72       2016      26909   Grand Totals
      6872       1228       2400         72       2016      26909   ELF Image Totals
      6872       1228       2400         72          0          0   ROM Totals

==============================================================================

    Total RO  Size (Code + RO Data)                 9272 (   9.05kB)
    Total RW  Size (RW Data + ZI Data)              2088 (   2.04kB)
    Total ROM Size (Code + RO Data + RW Data)       9344 (   9.13kB)

==============================================================================

