ARM Linker, 5.03 [Build 76] [MDK-ARM Lite]

==============================================================================

Section Cross References

    startup.o(STACK) refers (Special) to heapauxi.o(.text) for __use_two_region_memory
    startup.o(HEAP) refers (Special) to heapauxi.o(.text) for __use_two_region_memory
    startup.o(RESET) refers (Special) to heapauxi.o(.text) for __use_two_region_memory
    startup.o(RESET) refers to startup.o(STACK) for StackMem
    startup.o(RESET) refers to uartintstestmain.o(i.SysTick_Handler) for SysTick_Handler
    startup.o(RESET) refers to tach.o(i.Timer0A_Handler) for Timer0A_Handler
    startup.o(RESET) refers to timer2.o(i.Timer2A_Handler) for Timer2A_Handler
    startup.o(RESET) refers to timer3.o(i.Timer3A_Handler) for Timer3A_Handler
    startup.o(RESET) refers to esp8266.o(i.UART5_Handler) for UART5_Handler
    startup.o(RESET) refers to __main.o(!!!main) for __main
    startup.o(.text) refers (Special) to heapauxi.o(.text) for __use_two_region_memory
    startup.o(.text) refers to startup.o(HEAP) for HeapMem
    startup.o(.text) refers to startup.o(STACK) for StackMem
    uartintstestmain.o(i.Blynk_to_TM4C) refers to esp8266.o(i.ESP8266_GetMessage) for ESP8266_GetMessage
    uartintstestmain.o(i.Blynk_to_TM4C) refers to strtok.o(.text) for strtok
    uartintstestmain.o(i.Blynk_to_TM4C) refers to strcpy.o(.text) for strcpy
    uartintstestmain.o(i.Blynk_to_TM4C) refers to atoi.o(.text) for atoi
    uartintstestmain.o(i.Blynk_to_TM4C) refers to uartintstestmain.o(.bss) for serial_buf
    uartintstestmain.o(i.Blynk_to_TM4C) refers to uartintstestmain.o(.data) for Pin_Number
    uartintstestmain.o(i.SendInformation) refers to tach.o(i.mspeed) for mspeed
    uartintstestmain.o(i.SendInformation) refers to uartintstestmain.o(i.TM4C_to_Blynk) for TM4C_to_Blynk
    uartintstestmain.o(i.SysTick_Handler) refers to uartintstestmain.o(i.Blynk_to_TM4C) for Blynk_to_TM4C
    uartintstestmain.o(i.SysTick_Handler) refers to uartintstestmain.o(i.SendInformation) for SendInformation
    uartintstestmain.o(i.TM4C_to_Blynk) refers to esp8266.o(i.ESP8266_OutUDec) for ESP8266_OutUDec
    uartintstestmain.o(i.TM4C_to_Blynk) refers to esp8266.o(i.ESP8266_OutChar) for ESP8266_OutChar
    uartintstestmain.o(i.TM4C_to_Blynk) refers to esp8266.o(i.ESP8266_OutString) for ESP8266_OutString
    uartintstestmain.o(i.main) refers to pll.o(i.PLL_Init) for PLL_Init
    uartintstestmain.o(i.main) refers to startup.o(.text) for DisableInterrupts
    uartintstestmain.o(i.main) refers to st7735.o(i.ST7735_InitR) for ST7735_InitR
    uartintstestmain.o(i.main) refers to esp8266.o(i.ESP8266_Init) for ESP8266_Init
    uartintstestmain.o(i.main) refers to esp8266.o(i.ESP8266_Reset) for ESP8266_Reset
    uartintstestmain.o(i.main) refers to esp8266.o(i.ESP8266_SetupWiFi) for ESP8266_SetupWiFi
    uartintstestmain.o(i.main) refers to tach.o(i.Tach_Init) for Tach_Init
    uartintstestmain.o(i.main) refers to pwm.o(i.PWM0B_Init) for PWM0B_Init
    uartintstestmain.o(i.main) refers to systickints.o(i.SysTick_Init) for SysTick_Init
    uartintstestmain.o(i.main) refers to st7735.o(i.ST7735_SetCursor) for ST7735_SetCursor
    uartintstestmain.o(i.main) refers to st7735.o(i.ST7735_OutString) for ST7735_OutString
    uartintstestmain.o(i.main) refers to tach.o(i.mspeed) for mspeed
    uartintstestmain.o(i.main) refers to tach.o(i.targetspeed) for targetspeed
    uartintstestmain.o(i.main) refers to pwm.o(i.PWM0B_Duty) for PWM0B_Duty
    uartintstestmain.o(i.main) refers to st7735.o(i.ST7735_PlotClear) for ST7735_PlotClear
    uartintstestmain.o(i.main) refers to st7735.o(i.ST7735_DrawPixel) for ST7735_DrawPixel
    uartintstestmain.o(i.main) refers to uartintstestmain.o(.data) for PI_delay
    systickints.o(i.SysTick_Init) refers to startup.o(.text) for StartCritical
    st7735.o(i.Output_Clear) refers to st7735.o(i.ST7735_FillScreen) for ST7735_FillScreen
    st7735.o(i.Output_Color) refers to st7735.o(i.ST7735_SetTextColor) for ST7735_SetTextColor
    st7735.o(i.Output_Init) refers to st7735.o(i.ST7735_InitR) for ST7735_InitR
    st7735.o(i.Output_Init) refers to st7735.o(i.ST7735_FillScreen) for ST7735_FillScreen
    st7735.o(i.Output_Off) refers to st7735.o(i.Output_Clear) for Output_Clear
    st7735.o(i.Output_On) refers to st7735.o(i.Output_Init) for Output_Init
    st7735.o(i.ST7735_DrawBitmap) refers to st7735.o(i.setAddrWindow) for setAddrWindow
    st7735.o(i.ST7735_DrawBitmap) refers to st7735.o(i.writedata) for writedata
    st7735.o(i.ST7735_DrawBitmap) refers to st7735.o(.data) for _width
    st7735.o(i.ST7735_DrawChar) refers to st7735.o(i.setAddrWindow) for setAddrWindow
    st7735.o(i.ST7735_DrawChar) refers to st7735.o(i.pushColor) for pushColor
    st7735.o(i.ST7735_DrawChar) refers to st7735.o(.data) for _width
    st7735.o(i.ST7735_DrawChar) refers to st7735.o(.constdata) for Font
    st7735.o(i.ST7735_DrawCharS) refers to st7735.o(i.ST7735_DrawPixel) for ST7735_DrawPixel
[...]
    esp8266.o(i.ESP8266_OutChar) refers to esp8266.o(i.copySoftwareToHardware5) for copySoftwareToHardware5
    esp8266.o(i.ESP8266_OutString) refers to esp8266.o(i.ESP8266_OutChar) for ESP8266_OutChar
    esp8266.o(i.ESP8266_OutUDec) refers to esp8266.o(i.ESP8266_OutChar) for ESP8266_OutChar
    esp8266.o(i.ESP8266_Reset) refers to esp8266.o(i.DelayMs) for DelayMs
    esp8266.o(i.ESP8266_SetupWiFi) refers to st7735.o(i.Output_Color) for Output_Color
    esp8266.o(i.ESP8266_SetupWiFi) refers to st7735.o(i.ST7735_OutString) for ST7735_OutString
    esp8266.o(i.ESP8266_SetupWiFi) refers to esp8266.o(i.DelayMs) for DelayMs
    esp8266.o(i.ESP8266_SetupWiFi) refers to esp8266.o(i.ESP8266_OutString) for ESP8266_OutString
    esp8266.o(i.ESP8266_SetupWiFi) refers to esp8266.o(i.ESP8266_OutChar) for ESP8266_OutChar
    esp8266.o(i.ESP8266_SetupWiFi) refers to st7735.o(i.ST7735_OutChar) for ST7735_OutChar
    esp8266.o(i.ESP8266_SetupWiFi) refers to esp8266.o(i.ESP8266_GetMessage) for ESP8266_GetMessage
    esp8266.o(i.ESP8266_SetupWiFi) refers to esp8266.o(i.Rx5Fifo_Init) for Rx5Fifo_Init
    esp8266.o(i.ESP8266_SetupWiFi) refers to esp8266.o(.data) for auth
    esp8266.o(i.ESP8266_SetupWiFi) refers to esp8266.o(.bss) for RxMessage
    esp8266.o(i.Rx5Fifo_Init) refers to startup.o(.text) for StartCritical
    esp8266.o(i.Rx5Fifo_Init) refers to esp8266.o(.data) for Rx5PutJ
    esp8266.o(i.Rx5Fifo_Put) refers to esp8266.o(.data) for Rx5PutI
    esp8266.o(i.Rx5Fifo_Put) refers to esp8266.o(.bss) for Rx5Fifo
    esp8266.o(i.Rx5Fifo_Size) refers to esp8266.o(.data) for Rx5PutI
    esp8266.o(i.Tx5Fifo_Get) refers to esp8266.o(.data) for Tx5PutI
    esp8266.o(i.Tx5Fifo_Get) refers to esp8266.o(.bss) for Tx5Fifo
    esp8266.o(i.Tx5Fifo_Init) refers to startup.o(.text) for StartCritical
    esp8266.o(i.Tx5Fifo_Init) refers to esp8266.o(.data) for Tx5GetI
    esp8266.o(i.Tx5Fifo_Put) refers to esp8266.o(.data) for Tx5PutI
    esp8266.o(i.Tx5Fifo_Put) refers to esp8266.o(.bss) for Tx5Fifo
    esp8266.o(i.Tx5Fifo_Size) refers to esp8266.o(.data) for Tx5PutI
    esp8266.o(i.UART5_Handler) refers to esp8266.o(i.copySoftwareToHardware5) for copySoftwareToHardware5
    esp8266.o(i.UART5_Handler) refers to esp8266.o(i.Tx5Fifo_Size) for Tx5Fifo_Size
    esp8266.o(i.UART5_Handler) refers to esp8266.o(i.copyHardwareToSoftware5) for copyHardwareToSoftware5
    esp8266.o(i.UART5_Init) refers to esp8266.o(i.Rx5Fifo_Init) for Rx5Fifo_Init
    esp8266.o(i.UART5_Init) refers to esp8266.o(i.Tx5Fifo_Init) for Tx5Fifo_Init
    esp8266.o(i.copyHardwareToSoftware5) refers to esp8266.o(i.Rx5Fifo_Put) for Rx5Fifo_Put
    esp8266.o(i.copyHardwareToSoftware5) refers to esp8266.o(i.Rx5Fifo_Size) for Rx5Fifo_Size
    esp8266.o(i.copySoftwareToHardware5) refers to esp8266.o(i.Tx5Fifo_Get) for Tx5Fifo_Get
    esp8266.o(i.copySoftwareToHardware5) refers to esp8266.o(i.Tx5Fifo_Size) for Tx5Fifo_Size
    atoi.o(.text) refers to rt_errno_addr_intlibspace.o(.text) for __aeabi_errno_addr
    atoi.o(.text) refers to strtol.o(.text) for strtol
    strtok.o(.text) refers to strtok_int.o(.text) for __strtok_internal
    strtok.o(.text) refers to strtok.o(.data) for .data
    __main.o(!!!main) refers to rtentry.o(.ARM.Collect$$rtentry$$00000000) for __rt_entry
    rtentry.o(.ARM.Collect$$rtentry$$00000000) refers (Special) to rtentry2.o(.ARM.Collect$$rtentry$$0000000A) for __rt_entry_li
    rtentry.o(.ARM.Collect$$rtentry$$00000000) refers (Special) to rtentry2.o(.ARM.Collect$$rtentry$$0000000D) for __rt_entry_main
    rtentry.o(.ARM.Collect$$rtentry$$00000000) refers (Special) to rtentry2.o(.ARM.Collect$$rtentry$$0000000C) for __rt_entry_postli_1
    rtentry.o(.ARM.Collect$$rtentry$$00000000) refers (Special) to rtentry2.o(.ARM.Collect$$rtentry$$00000009) for __rt_entry_postsh_1
    rtentry.o(.ARM.Collect$$rtentry$$00000000) refers (Special) to rtentry2.o(.ARM.Collect$$rtentry$$00000002) for __rt_entry_presh_1
    rtentry.o(.ARM.Collect$$rtentry$$00000000) refers (Special) to rtentry4.o(.ARM.Collect$$rtentry$$00000004) for __rt_entry_sh
    rt_errno_addr.o(.text) refers to rt_errno_addr.o(.bss) for __aeabi_errno_addr_data
    rt_errno_addr_intlibspace.o(.text) refers to libspace.o(.bss) for __libspace_start
    strtol.o(.text) refers to rt_ctype_table.o(.text) for __rt_ctype_table
    strtol.o(.text) refers to _strtoul.o(.text) for _strtoul
    strtol.o(.text) refers to rt_errno_addr_intlibspace.o(.text) for __aeabi_errno_addr
    strtok_int.o(.text) refers to strspn.o(.text) for strspn
    strtok_int.o(.text) refers to strcspn.o(.text) for strcspn
    libspace.o(.text) refers to libspace.o(.bss) for __libspace_start
    rtentry2.o(.ARM.Collect$$rtentry$$00000008) refers to boardinit2.o(.text) for _platform_post_stackheap_init
    rtentry2.o(.ARM.Collect$$rtentry$$0000000A) refers to libinit.o(.ARM.Collect$$libinit$$00000000) for __rt_lib_init
    rtentry2.o(.ARM.Collect$$rtentry$$0000000B) refers to boardinit3.o(.text) for _platform_post_lib_init
    rtentry2.o(.ARM.Collect$$rtentry$$0000000D) refers to uartintstestmain.o(i.main) for main
    rtentry2.o(.ARM.Collect$$rtentry$$0000000D) refers to exit.o(.text) for exit
    rtentry2.o(.ARM.exidx) refers to rtentry2.o(.ARM.Collect$$rtentry$$00000001) for .ARM.Collect$$rtentry$$00000001
    rtentry2.o(.ARM.exidx) refers to rtentry2.o(.ARM.Collect$$rtentry$$00000008) for .ARM.Collect$$rtentry$$00000008
    rtentry2.o(.ARM.exidx) refers to rtentry2.o(.ARM.Collect$$rtentry$$0000000A) for .ARM.Collect$$rtentry$$0000000A
    rtentry2.o(.ARM.exidx) refers to rtentry2.o(.ARM.Collect$$rtentry$$0000000B) for .ARM.Collect$$rtentry$$0000000B
    rtentry2.o(.ARM.exidx) refers to rtentry2.o(.ARM.Collect$$rtentry$$0000000D) for .ARM.Collect$$rtentry$$0000000D
    rtentry4.o(.ARM.Collect$$rtentry$$00000004) refers to sys_stackheap_outer.o(.text) for __user_setup_stackheap
    rtentry4.o(.ARM.exidx) refers to rtentry4.o(.ARM.Collect$$rtentry$$00000004) for .ARM.Collect$$rtentry$$00000004
    rt_ctype_table.o(.text) refers to rt_locale_intlibspace.o(.text) for __rt_locale
    rt_ctype_table.o(.text) refers to lc_ctype_c.o(locale$$code) for _get_lc_ctype
    _strtoul.o(.text) refers to _chval.o(.text) for _chval
    _strtoul.o(.text) refers to rt_errno_addr_intlibspace.o(.text) for __aeabi_errno_addr
    sys_stackheap_outer.o(.text) refers to libspace.o(.text) for __user_perproc_libspace
    sys_stackheap_outer.o(.text) refers to startup.o(.text) for __user_initial_stackheap
    rt_locale.o(.text) refers to rt_locale.o(.bss) for __rt_locale_data
    rt_locale_intlibspace.o(.text) refers to libspace.o(.bss) for __libspace_start
    lc_ctype_c.o(locale$$data) refers (Special) to libinit2.o(.ARM.Collect$$libinit$$00000010) for __rt_lib_init_lc_ctype_2
    lc_ctype_c.o(locale$$code) refers (Special) to libinit2.o(.ARM.Collect$$libinit$$00000010) for __rt_lib_init_lc_ctype_2
    lc_ctype_c.o(locale$$code) refers to strcmpv7m.o(.text) for strcmp
    lc_ctype_c.o(locale$$code) refers to lc_ctype_c.o(locale$$data) for __lcctype_c_name
    exit.o(.text) refers to rtexit.o(.ARM.Collect$$rtexit$$00000000) for __rt_exit
    libinit.o(.ARM.Collect$$libinit$$00000000) refers (Special) to libinit2.o(.ARM.Collect$$libinit$$0000002C) for __rt_lib_init_alloca_1
    libinit.o(.ARM.Collect$$libinit$$00000000) refers (Special) to libinit2.o(.ARM.Collect$$libinit$$0000002A) for __rt_lib_init_argv_1
    libinit.o(.ARM.Collect$$libinit$$00000000) refers (Special) to libinit2.o(.ARM.Collect$$libinit$$00000019) for __rt_lib_init_atexit_1
    libinit.o(.ARM.Collect$$libinit$$00000000) refers (Special) to libinit2.o(.ARM.Collect$$libinit$$0000001F) for __rt_lib_init_clock_1
    libinit.o(.ARM.Collect$$libinit$$00000000) refers (Special) to libinit2.o(.ARM.Collect$$libinit$$00000030) for __rt_lib_init_cpp_1
    libinit.o(.ARM.Collect$$libinit$$00000000) refers (Special) to libinit2.o(.ARM.Collect$$libinit$$0000002E) for __rt_lib_init_exceptions_1
    libinit.o(.ARM.Collect$$libinit$$00000000) refers (Special) to libinit2.o(.ARM.Collect$$libinit$$00000002) for __rt_lib_init_fp_1
    libinit.o(.ARM.Collect$$libinit$$00000000) refers (Special) to libinit2.o(.ARM.Collect$$libinit$$0000001D) for __rt_lib_init_fp_trap_1
    libinit.o(.ARM.Collect$$libinit$$00000000) refers (Special) to libinit2.o(.ARM.Collect$$libinit$$00000021) for __rt_lib_init_getenv_1
    libinit.o(.ARM.Collect$$libinit$$00000000) refers (Special) to libinit2.o(.ARM.Collect$$libinit$$00000008) for __rt_lib_init_heap_1
    libinit.o(.ARM.Collect$$libinit$$00000000) refers (Special) to libinit2.o(.ARM.Collect$$libinit$$0000000F) for __rt_lib_init_lc_collate_1
    libinit.o(.ARM.Collect$$libinit$$00000000) refers (Special) to libinit2.o(.ARM.Collect$$libinit$$00000011) for __rt_lib_init_lc_ctype_1
    libinit.o(.ARM.Collect$$libinit$$00000000) refers (Special) to libinit2.o(.ARM.Collect$$libinit$$00000013) for __rt_lib_init_lc_monetary_1
    libinit.o(.ARM.Collect$$libinit$$00000000) refers (Special) to libinit2.o(.ARM.Collect$$libinit$$00000015) for __rt_lib_init_lc_numeric_1
    libinit.o(.ARM.Collect$$libinit$$00000000) refers (Special) to libinit2.o(.ARM.Collect$$libinit$$00000017) for __rt_lib_init_lc_time_1
    libinit.o(.ARM.Collect$$libinit$$00000000) refers (Special) to libinit2.o(.ARM.Collect$$libinit$$0000000C) for __rt_lib_init_rand_1
    libinit.o(.ARM.Collect$$libinit$$00000000) refers (Special) to libinit2.o(.ARM.Collect$$libinit$$00000031) for __rt_lib_init_return
    libinit.o(.ARM.Collect$$libinit$$00000000) refers (Special) to libinit2.o(.ARM.Collect$$libinit$$0000001B) for __rt_lib_init_signal_1
    libinit.o(.ARM.Collect$$libinit$$00000000) refers (Special) to libinit2.o(.ARM.Collect$$libinit$$00000023) for __rt_lib_init_stdio_1
    libinit.o(.ARM.Collect$$libinit$$00000000) refers (Special) to libinit2.o(.ARM.Collect$$libinit$$0000000A) for __rt_lib_init_user_alloc_1
    rtexit.o(.ARM.Collect$$rtexit$$00000000) refers (Special) to rtexit2.o(.ARM.Collect$$rtexit$$00000004) for __rt_exit_exit
    rtexit.o(.ARM.Collect$$rtexit$$00000000) refers (Special) to rtexit2.o(.ARM.Collect$$rtexit$$00000003) for __rt_exit_ls
    rtexit.o(.ARM.Collect$$rtexit$$00000000) refers (Special) to rtexit2.o(.ARM.Collect$$rtexit$$00000002) for __rt_exit_prels_1
    rtexit.o(.ARM.exidx) refers (Special) to rtexit2.o(.ARM.Collect$$rtexit$$00000004) for __rt_exit_exit
    rtexit.o(.ARM.exidx) refers (Special) to rtexit2.o(.ARM.Collect$$rtexit$$00000003) for __rt_exit_ls
    rtexit.o(.ARM.exidx) refers (Special) to rtexit2.o(.ARM.Collect$$rtexit$$00000002) for __rt_exit_prels_1
    rtexit.o(.ARM.exidx) refers to rtexit.o(.ARM.Collect$$rtexit$$00000000) for .ARM.Collect$$rtexit$$00000000
    libinit2.o(.ARM.Collect$$libinit$$0000000D) refers (Weak) to rt_locale_intlibspace.o(.text) for __rt_locale
    libinit2.o(.ARM.Collect$$libinit$$0000000E) refers to libinit2.o(.ARM.Collect$$libinit$$0000000D) for .ARM.Collect$$libinit$$0000000D
    libinit2.o(.ARM.Collect$$libinit$$00000010) refers to libinit2.o(.ARM.Collect$$libinit$$0000000D) for .ARM.Collect$$libinit$$0000000D
    libinit2.o(.ARM.Collect$$libinit$$00000010) refers (Weak) to lc_ctype_c.o(locale$$code) for _get_lc_ctype
    libinit2.o(.ARM.Collect$$libinit$$00000012) refers to libinit2.o(.ARM.Collect$$libinit$$0000000D) for .ARM.Collect$$libinit$$0000000D
    libinit2.o(.ARM.Collect$$libinit$$00000014) refers to libinit2.o(.ARM.Collect$$libinit$$0000000D) for .ARM.Collect$$libinit$$0000000D
    libinit2.o(.ARM.Collect$$libinit$$00000016) refers to libinit2.o(.ARM.Collect$$libinit$$0000000D) for .ARM.Collect$$libinit$$0000000D
    libinit2.o(.ARM.Collect$$libinit$$00000024) refers to argv_veneer.o(.emb_text) for __ARM_argv_veneer
    libinit2.o(.ARM.Collect$$libinit$$00000025) refers to argv_veneer.o(.emb_text) for __ARM_argv_veneer
    rtexit2.o(.ARM.Collect$$rtexit$$00000003) refers to libshutdown.o(.ARM.Collect$$libshutdown$$00000000) for __rt_lib_shutdown
    rtexit2.o(.ARM.Collect$$rtexit$$00000004) refers to sys_exit.o(.text) for _sys_exit
    rtexit2.o(.ARM.exidx) refers to rtexit2.o(.ARM.Collect$$rtexit$$00000001) for .ARM.Collect$$rtexit$$00000001
    rtexit2.o(.ARM.exidx) refers to rtexit2.o(.ARM.Collect$$rtexit$$00000003) for .ARM.Collect$$rtexit$$00000003
    rtexit2.o(.ARM.exidx) refers to rtexit2.o(.ARM.Collect$$rtexit$$00000004) for .ARM.Collect$$rtexit$$00000004
    argv_veneer.o(.emb_text) refers to no_argv.o(.text) for __ARM_get_argv
    sys_exit.o(.text) refers (Special) to use_no_semi.o(.text) for __I$use$semihosting
    sys_exit.o(.text) refers (Special) to indicate_semi.o(.text) for __semihosting_library_function
    _get_argv_nomalloc.o(.text) refers (Special) to hrguard.o(.text) for __heap_region$guard
    _get_argv_nomalloc.o(.text) refers to defsig_rtmem_outer.o(.text) for __rt_SIGRTMEM
    _get_argv_nomalloc.o(.text) refers to sys_command.o(.text) for _sys_command_string
    libshutdown.o(.ARM.Collect$$libshutdown$$00000000) refers (Special) to libshutdown2.o(.ARM.Collect$$libshutdown$$00000006) for __rt_lib_shutdown_fp_trap_1
    libshutdown.o(.ARM.Collect$$libshutdown$$00000000) refers (Special) to libshutdown2.o(.ARM.Collect$$libshutdown$$0000000E) for __rt_lib_shutdown_heap_1
    libshutdown.o(.ARM.Collect$$libshutdown$$00000000) refers (Special) to libshutdown2.o(.ARM.Collect$$libshutdown$$0000000F) for __rt_lib_shutdown_return
    libshutdown.o(.ARM.Collect$$libshutdown$$00000000) refers (Special) to libshutdown2.o(.ARM.Collect$$libshutdown$$00000009) for __rt_lib_shutdown_signal_1
    libshutdown.o(.ARM.Collect$$libshutdown$$00000000) refers (Special) to libshutdown2.o(.ARM.Collect$$libshutdown$$00000003) for __rt_lib_shutdown_stdio_1
    libshutdown.o(.ARM.Collect$$libshutdown$$00000000) refers (Special) to libshutdown2.o(.ARM.Collect$$libshutdown$$0000000B) for __rt_lib_shutdown_user_alloc_1
    sys_command.o(.text) refers (Special) to use_no_semi.o(.text) for __I$use$semihosting
    sys_command.o(.text) refers (Special) to indicate_semi.o(.text) for __semihosting_library_function
    defsig_rtmem_outer.o(.text) refers to defsig_rtmem_inner.o(.text) for __rt_SIGRTMEM_inner
    defsig_rtmem_outer.o(.text) refers to defsig_exit.o(.text) for __sig_exit
    defsig_rtmem_formal.o(.text) refers to rt_raise.o(.text) for __rt_raise
    rt_raise.o(.text) refers to __raise.o(.text) for __raise
    rt_raise.o(.text) refers to sys_exit.o(.text) for _sys_exit
    defsig_exit.o(.text) refers to sys_exit.o(.text) for _sys_exit
    defsig_rtmem_inner.o(.text) refers to defsig_general.o(.text) for __default_signal_display
    __raise.o(.text) refers to defsig.o(CL$$defsig) for __default_signal_handler
    defsig_general.o(.text) refers to sys_wrch.o(.text) for _ttywrch
    sys_wrch.o(.text) refers (Special) to use_no_semi.o(.text) for __I$use$semihosting
    sys_wrch.o(.text) refers (Special) to indicate_semi.o(.text) for __semihosting_library_function
    defsig.o(CL$$defsig) refers to defsig_rtmem_inner.o(.text) for __rt_SIGRTMEM_inner
    defsig_abrt_inner.o(.text) refers to defsig_general.o(.text) for __default_signal_display
    defsig_fpe_inner.o(.text) refers to defsig_general.o(.text) for __default_signal_display
    defsig_rtred_inner.o(.text) refers to defsig_general.o(.text) for __default_signal_display
    defsig_stak_inner.o(.text) refers to defsig_general.o(.text) for __default_signal_display
    defsig_pvfn_inner.o(.text) refers to defsig_general.o(.text) for __default_signal_display
    defsig_cppl_inner.o(.text) refers to defsig_general.o(.text) for __default_signal_display
    defsig_segv_inner.o(.text) refers to defsig_general.o(.text) for __default_signal_display
    defsig_other.o(.text) refers to defsig_general.o(.text) for __default_signal_display


==============================================================================

Removing Unused input sections from the image.

    Removing st7735.o(i.Output_Clear), (10 bytes).
    Removing st7735.o(i.Output_Init), (16 bytes).
    Removing st7735.o(i.Output_Off), (8 bytes).
    Removing st7735.o(i.Output_On), (8 bytes).
    Removing st7735.o(i.ST7735_DrawBitmap), (288 bytes).
    Removing st7735.o(i.ST7735_DrawChar), (268 bytes).
    Removing st7735.o(i.ST7735_DrawFastHLine), (124 bytes).
    Removing st7735.o(i.ST7735_DrawFastVLine), (124 bytes).
    Removing st7735.o(i.ST7735_InitB), (40 bytes).
    Removing st7735.o(i.ST7735_InvertDisplay), (22 bytes).
    Removing st7735.o(i.ST7735_PlotBar), (88 bytes).
    Removing st7735.o(i.ST7735_PlotLine), (264 bytes).
    Removing st7735.o(i.ST7735_PlotNext), (32 bytes).
    Removing st7735.o(i.ST7735_PlotNextErase), (64 bytes).
    Removing st7735.o(i.ST7735_PlotPoint), (152 bytes).
    Removing st7735.o(i.ST7735_PlotPoints), (172 bytes).
    Removing st7735.o(i.ST7735_PlotdBfs), (60 bytes).
    Removing st7735.o(i.ST7735_SetRotation), (212 bytes).
    Removing st7735.o(i.ST7735_SwapColor), (18 bytes).
    Removing st7735.o(i.ferror), (8 bytes).
    Removing st7735.o(i.fgetc), (6 bytes).
    Removing st7735.o(i.fputc), (16 bytes).
    Removing tach.o(i.Tach_GetPeriod), (12 bytes).
    Removing timer2.o(i.Timer2_Init), (96 bytes).
    Removing timer3.o(i.Timer3_Init), (96 bytes).
    Removing esp8266.o(i.ESP8266_AvailableInput), (8 bytes).

26 unused section(s) (total 2212 bytes) removed from the image.

==============================================================================

Image Symbol Table

    Local Symbols

    Symbol Name                              Value     Ov Type        Size  Object(Section)

    RESET                                    0x00000000   Section      644  startup.o(RESET)
    ../clib/angel/boardlib.s                 0x00000000   Number         0  boardinit2.o ABSOLUTE
    ../clib/angel/boardlib.s                 0x00000000   Number         0  boardinit3.o ABSOLUTE
    ../clib/angel/boardlib.s                 0x00000000   Number         0  boardinit1.o ABSOLUTE
    ../clib/angel/boardlib.s                 0x00000000   Number         0  boardshut.o ABSOLUTE
    ../clib/angel/dczerorl.s                 0x00000000   Number         0  __dczerorl.o ABSOLUTE
    ../clib/angel/handlers.s                 0x00000000   Number         0  __scatter_zi.o ABSOLUTE
    ../clib/angel/kernel.s                   0x00000000   Number         0  rtentry4.o ABSOLUTE
    ../clib/angel/kernel.s                   0x00000000   Number         0  rtexit.o ABSOLUTE
    ../clib/angel/kernel.s                   0x00000000   Number         0  rtexit2.o ABSOLUTE
    ../clib/angel/kernel.s                   0x00000000   Number         0  rtentry2.o ABSOLUTE
    ../clib/angel/kernel.s                   0x00000000   Number         0  rtentry.o ABSOLUTE
    ../clib/angel/rt.s                       0x00000000   Number         0  rt_ctype_table.o ABSOLUTE
    ../clib/angel/rt.s                       0x00000000   Number         0  rt_errno_addr.o ABSOLUTE
    ../clib/angel/rt.s                       0x00000000   Number         0  rt_errno_addr_intlibspace.o ABSOLUTE
    ../clib/angel/rt.s                       0x00000000   Number         0  rt_raise.o ABSOLUTE
    ../clib/angel/rt.s                       0x00000000   Number         0  rt_locale.o ABSOLUTE
    ../clib/angel/rt.s                       0x00000000   Number         0  rt_locale_intlibspace.o ABSOLUTE
    ../clib/angel/scatter.s                  0x00000000   Number         0  __scatter.o ABSOLUTE
    ../clib/angel/startup.s                  0x00000000   Number         0  __main.o ABSOLUTE
    ../clib/angel/sys.s                      0x00000000   Number         0  sys_stackheap_outer.o ABSOLUTE
    ../clib/angel/sys.s                      0x00000000   Number         0  use_no_semi.o ABSOLUTE
    ../clib/angel/sys.s                      0x00000000   Number         0  libspace.o ABSOLUTE
    ../clib/angel/sys.s                      0x00000000   Number         0  indicate_semi.o ABSOLUTE
    ../clib/angel/sysapp.c                   0x00000000   Number         0  sys_command.o ABSOLUTE
    ../clib/angel/sysapp.c                   0x00000000   Number         0  sys_wrch.o ABSOLUTE
    ../clib/angel/sysapp.c                   0x00000000   Number         0  sys_exit.o ABSOLUTE
    ../clib/armsys.c                         0x00000000   Number         0  argv_veneer.o ABSOLUTE
    ../clib/armsys.c                         0x00000000   Number         0  no_argv.o ABSOLUTE
    ../clib/armsys.c                         0x00000000   Number         0  _get_argv_nomalloc.o ABSOLUTE
    ../clib/armsys.c                         0x00000000   Number         0  argv_veneer.o ABSOLUTE
    ../clib/heapalloc.c                      0x00000000   Number         0  hrguard.o ABSOLUTE
    ../clib/heapaux.c                        0x00000000   Number         0  heapauxi.o ABSOLUTE
    ../clib/libinit.s                        0x00000000   Number         0  libinit.o ABSOLUTE
    ../clib/libinit.s                        0x00000000   Number         0  libinit2.o ABSOLUTE
    ../clib/libinit.s                        0x00000000   Number         0  libshutdown2.o ABSOLUTE
    ../clib/libinit.s                        0x00000000   Number         0  libshutdown.o ABSOLUTE
    ../clib/locale.s                         0x00000000   Number         0  lc_ctype_c.o ABSOLUTE
    ../clib/memcpset.s                       0x00000000   Number         0  strcmpv7m.o ABSOLUTE
    ../clib/scanf.c                          0x00000000   Number         0  _chval.o ABSOLUTE
    ../clib/scanf.c                          0x00000000   Number         0  atoi.o ABSOLUTE
    ../clib/scanf.c                          0x00000000   Number         0  strtol.o ABSOLUTE
    ../clib/scanf.c                          0x00000000   Number         0  _strtoul.o ABSOLUTE
    ../clib/signal.c                         0x00000000   Number         0  defsig_general.o ABSOLUTE
    ../clib/signal.c                         0x00000000   Number         0  __raise.o ABSOLUTE
    ../clib/signal.c                         0x00000000   Number         0  defsig_rtmem_inner.o ABSOLUTE
    ../clib/signal.c                         0x00000000   Number         0  defsig_exit.o ABSOLUTE
    ../clib/signal.c                         0x00000000   Number         0  defsig_segv_inner.o ABSOLUTE
    ../clib/signal.c                         0x00000000   Number         0  defsig_cppl_inner.o ABSOLUTE
    ../clib/signal.c                         0x00000000   Number         0  defsig_pvfn_inner.o ABSOLUTE
    ../clib/signal.c                         0x00000000   Number         0  defsig_stak_inner.o ABSOLUTE
    ../clib/signal.c                         0x00000000   Number         0  defsig_rtred_inner.o ABSOLUTE
    ../clib/signal.c                         0x00000000   Number         0  defsig_abrt_inner.o ABSOLUTE
    ../clib/signal.c                         0x00000000   Number         0  defsig_rtmem_outer.o ABSOLUTE
    ../clib/signal.c                         0x00000000   Number         0  defsig_other.o ABSOLUTE
    ../clib/signal.c                         0x00000000   Number         0  defsig_rtmem_formal.o ABSOLUTE
    ../clib/signal.c                         0x00000000   Number         0  defsig_fpe_inner.o ABSOLUTE
    ../clib/signal.s                         0x00000000   Number         0  defsig.o ABSOLUTE
    ../clib/stdlib.c                         0x00000000   Number         0  exit.o ABSOLUTE
    ../clib/string.c                         0x00000000   Number         0  strtok.o ABSOLUTE
    ../clib/string.c                         0x00000000   Number         0  strtok_int.o ABSOLUTE
    ../clib/string.c                         0x00000000   Number         0  strcpy.o ABSOLUTE
    ../clib/string.c                         0x00000000   Number         0  strcspn.o ABSOLUTE
    ../clib/string.c                         0x00000000   Number         0  strspn.o ABSOLUTE
    ../fplib/fpinit.s                        0x00000000   Number         0  fpinit.o ABSOLUTE
    PLL.c                                    0x00000000   Number         0  pll.o ABSOLUTE
    PWM.c                                    0x00000000   Number         0  pwm.o ABSOLUTE
    ST7735.c                                 0x00000000   Number         0  st7735.o ABSOLUTE
    SysTickInts.c                            0x00000000   Number         0  systickints.o ABSOLUTE
    Timer2.c                                 0x00000000   Number         0  timer2.o ABSOLUTE
    Timer3.c                                 0x00000000   Number         0  timer3.o ABSOLUTE
    UARTIntsTestMain.c                       0x00000000   Number         0  uartintstestmain.o ABSOLUTE
    dc.s                                     0x00000000   Number         0  dc.o ABSOLUTE
    esp8266.c                                0x00000000   Number         0  esp8266.o ABSOLUTE
    startup.s                                0x00000000   Number         0  startup.o ABSOLUTE
    tach.c                                   0x00000000   Number         0  tach.o ABSOLUTE
    !!!main                                  0x00000284   Section        8  __main.o(!!!main)
    !!!scatter                               0x0000028c   Section       52  __scatter.o(!!!scatter)
    !!dczerorl                               0x000002c0   Section       58  __dczerorl.o(!!dczerorl)
    !!handler_zi                             0x000002fc   Section       28  __scatter_zi.o(!!handler_zi)
    .ARM.Collect$$libinit$$00000000          0x00000318   Section        2  libinit.o(.ARM.Collect$$libinit$$00000000)
    .ARM.Collect$$libinit$$00000002          0x0000031a   Section        0  libinit2.o(.ARM.Collect$$libinit$$00000002)
    .ARM.Collect$$libinit$$00000008          0x0000031a   Section        0  libinit2.o(.ARM.Collect$$libinit$$00000008)
    .ARM.Collect$$libinit$$0000000A          0x0000031a   Section        0  libinit2.o(.ARM.Collect$$libinit$$0000000A)
    .ARM.Collect$$libinit$$0000000C          0x0000031a   Section        0  libinit2.o(.ARM.Collect$$libinit$$0000000C)
    .ARM.Collect$$libinit$$0000000D          0x0000031a   Section        6  libinit2.o(.ARM.Collect$$libinit$$0000000D)
    .ARM.Collect$$libinit$$0000000F          0x00000320   Section        0  libinit2.o(.ARM.Collect$$libinit$$0000000F)
    .ARM.Collect$$libinit$$00000010          0x00000320   Section       12  libinit2.o(.ARM.Collect$$libinit$$00000010)
    .ARM.Collect$$libinit$$00000011          0x0000032c   Section        0  libinit2.o(.ARM.Collect$$libinit$$00000011)
    .ARM.Collect$$libinit$$00000013          0x0000032c   Section        0  libinit2.o(.ARM.Collect$$libinit$$00000013)
    .ARM.Collect$$libinit$$00000015          0x0000032c   Section        0  libinit2.o(.ARM.Collect$$libinit$$00000015)
    .ARM.Collect$$libinit$$00000017          0x0000032c   Section        0  libinit2.o(.ARM.Collect$$libinit$$00000017)
    .ARM.Collect$$libinit$$00000019          0x0000032c   Section        0  libinit2.o(.ARM.Collect$$libinit$$00000019)
    .ARM.Collect$$libinit$$0000001B          0x0000032c   Section        0  libinit2.o(.ARM.Collect$$libinit$$0000001B)
    .ARM.Collect$$libinit$$0000001D          0x0000032c   Section        0  libinit2.o(.ARM.Collect$$libinit$$0000001D)
    .ARM.Collect$$libinit$$0000001F          0x0000032c   Section        0  libinit2.o(.ARM.Collect$$libinit$$0000001F)
    .ARM.Collect$$libinit$$00000021          0x0000032c   Section        0  libinit2.o(.ARM.Collect$$libinit$$00000021)
    .ARM.Collect$$libinit$$00000023          0x0000032c   Section        0  libinit2.o(.ARM.Collect$$libinit$$00000023)
    .ARM.Collect$$libinit$$0000002A          0x0000032c   Section        0  libinit2.o(.ARM.Collect$$libinit$$0000002A)
    .ARM.Collect$$libinit$$0000002C          0x0000032c   Section        0  libinit2.o(.ARM.Collect$$libinit$$0000002C)
    .ARM.Collect$$libinit$$0000002E          0x0000032c   Section        0  libinit2.o(.ARM.Collect$$libinit$$0000002E)
    .ARM.Collect$$libinit$$00000030          0x0000032c   Section        0  libinit2.o(.ARM.Collect$$libinit$$00000030)
    .ARM.Collect$$libinit$$00000031          0x0000032c   Section        2  libinit2.o(.ARM.Collect$$libinit$$00000031)
    .ARM.Collect$$libshutdown$$00000000      0x0000032e   Section        2  libshutdown.o(.ARM.Collect$$libshutdown$$00000000)
    .ARM.Collect$$libshutdown$$00000003      0x00000330   Section        0  libshutdown2.o(.ARM.Collect$$libshutdown$$00000003)
    .ARM.Collect$$libshutdown$$00000006      0x00000330   Section        0  libshutdown2.o(.ARM.Collect$$libshutdown$$00000006)
    .ARM.Collect$$libshutdown$$00000009      0x00000330   Section        0  libshutdown2.o(.ARM.Collect$$libshutdown$$00000009)
    .ARM.Collect$$libshutdown$$0000000B      0x00000330   Section        0  libshutdown2.o(.ARM.Collect$$libshutdown$$0000000B)
    .ARM.Collect$$libshutdown$$0000000E      0x00000330   Section        0  libshutdown2.o(.ARM.Collect$$libshutdown$$0000000E)
    .ARM.Collect$$libshutdown$$0000000F      0x00000330   Section        2  libshutdown2.o(.ARM.Collect$$libshutdown$$0000000F)
    .ARM.Collect$$rtentry$$00000000          0x00000332   Section        0  rtentry.o(.ARM.Collect$$rtentry$$00000000)
    .ARM.Collect$$rtentry$$00000002          0x00000332   Section        0  rtentry2.o(.ARM.Collect$$rtentry$$00000002)
    .ARM.Collect$$rtentry$$00000004          0x00000332   Section        6  rtentry4.o(.ARM.Collect$$rtentry$$00000004)
    .ARM.Collect$$rtentry$$00000009          0x00000338   Section        0  rtentry2.o(.ARM.Collect$$rtentry$$00000009)
    .ARM.Collect$$rtentry$$0000000A          0x00000338   Section        4  rtentry2.o(.ARM.Collect$$rtentry$$0000000A)
    .ARM.Collect$$rtentry$$0000000C          0x0000033c   Section        0  rtentry2.o(.ARM.Collect$$rtentry$$0000000C)
    .ARM.Collect$$rtentry$$0000000D          0x0000033c   Section        8  rtentry2.o(.ARM.Collect$$rtentry$$0000000D)
    .ARM.Collect$$rtexit$$00000000           0x00000344   Section        2  rtexit.o(.ARM.Collect$$rtexit$$00000000)
    .ARM.Collect$$rtexit$$00000002           0x00000346   Section        0  rtexit2.o(.ARM.Collect$$rtexit$$00000002)
    .ARM.Collect$$rtexit$$00000003           0x00000346   Section        4  rtexit2.o(.ARM.Collect$$rtexit$$00000003)
    .ARM.Collect$$rtexit$$00000004           0x0000034a   Section        6  rtexit2.o(.ARM.Collect$$rtexit$$00000004)
    .text                                    0x00000350   Section       48  startup.o(.text)
    .text                                    0x00000380   Section        0  atoi.o(.text)
    .text                                    0x0000039c   Section        0  strtok.o(.text)
    .text                                    0x000003a8   Section        0  strcpy.o(.text)
    .text                                    0x000003f0   Section        0  heapauxi.o(.text)
    .text                                    0x000003f8   Section        8  rt_errno_addr_intlibspace.o(.text)
    .text                                    0x00000400   Section        0  strtol.o(.text)
    .text                                    0x00000470   Section        0  strtok_int.o(.text)
    .text                                    0x000004b4   Section        8  libspace.o(.text)
    .text                                    0x000004bc   Section       16  rt_ctype_table.o(.text)
    .text                                    0x000004cc   Section        0  _strtoul.o(.text)
    .text                                    0x0000056a   Section        0  strcspn.o(.text)
    .text                                    0x0000058a   Section        0  strspn.o(.text)
    .text                                    0x000005a6   Section       74  sys_stackheap_outer.o(.text)
    .text                                    0x000005f0   Section        8  rt_locale_intlibspace.o(.text)
    .text                                    0x000005f8   Section        0  _chval.o(.text)
    .text                                    0x00000614   Section        0  exit.o(.text)
    .text                                    0x00000620   Section      128  strcmpv7m.o(.text)
    .text                                    0x000006a0   Section        0  sys_exit.o(.text)
    .text                                    0x000006ac   Section        2  use_no_semi.o(.text)
    .text                                    0x000006ae   Section        0  indicate_semi.o(.text)
    i.Blynk_to_TM4C                          0x000006b0   Section        0  uartintstestmain.o(i.Blynk_to_TM4C)
    i.Delay1ms                               0x000007a8   Section        0  st7735.o(i.Delay1ms)
    i.DelayMs                                0x000007c8   Section        0  esp8266.o(i.DelayMs)
    i.ESP8266_GetMessage                     0x000007e8   Section        0  esp8266.o(i.ESP8266_GetMessage)
    i.ESP8266_Init                           0x00000838   Section        0  esp8266.o(i.ESP8266_Init)
    i.ESP8266_OutChar                        0x000008c0   Section        0  esp8266.o(i.ESP8266_OutChar)
    i.ESP8266_OutString                      0x000008f4   Section        0  esp8266.o(i.ESP8266_OutString)
    i.ESP8266_OutUDec                        0x0000090c   Section        0  esp8266.o(i.ESP8266_OutUDec)
    i.ESP8266_Reset                          0x00000938   Section        0  esp8266.o(i.ESP8266_Reset)
    i.ESP8266_SetupWiFi                      0x00000964   Section        0  esp8266.o(i.ESP8266_SetupWiFi)
    i.Output_Color                           0x00000a84   Section        0  st7735.o(i.Output_Color)
    i.PLL_Init                               0x00000a90   Section        0  pll.o(i.PLL_Init)
    i.PWM0B_Duty                             0x00000b0c   Section        0  pwm.o(i.PWM0B_Duty)
    i.PWM0B_Init                             0x00000b18   Section        0  pwm.o(i.PWM0B_Init)
    i.Rx5Fifo_Init                           0x00000bd4   Section        0  esp8266.o(i.Rx5Fifo_Init)
    i.Rx5Fifo_Put                            0x00000c00   Section        0  esp8266.o(i.Rx5Fifo_Put)
    i.Rx5Fifo_Size                           0x00000cd0   Section        0  esp8266.o(i.Rx5Fifo_Size)
    i.ST7735_Color565                        0x00000ce4   Section        0  st7735.o(i.ST7735_Color565)
    i.ST7735_DrawCharS                       0x00000cfc   Section        0  st7735.o(i.ST7735_DrawCharS)
    i.ST7735_DrawPixel                       0x00000df0   Section        0  st7735.o(i.ST7735_DrawPixel)
    i.ST7735_DrawString                      0x00000e38   Section        0  st7735.o(i.ST7735_DrawString)
    i.ST7735_FillRect                        0x00000e90   Section        0  st7735.o(i.ST7735_FillRect)
    i.ST7735_FillScreen                      0x00000f3c   Section        0  st7735.o(i.ST7735_FillScreen)
    i.ST7735_InitR                           0x00000f60   Section        0  st7735.o(i.ST7735_InitR)
    i.ST7735_OutChar                         0x00000fdc   Section        0  st7735.o(i.ST7735_OutChar)
    i.ST7735_OutString                       0x000010b0   Section        0  st7735.o(i.ST7735_OutString)
    i.ST7735_OutUDec                         0x000010c8   Section        0  st7735.o(i.ST7735_OutUDec)
    i.ST7735_PlotClear                       0x00001154   Section        0  st7735.o(i.ST7735_PlotClear)
    i.ST7735_SetCursor                       0x000011b0   Section        0  st7735.o(i.ST7735_SetCursor)
    i.ST7735_SetTextColor                    0x000011d0   Section        0  st7735.o(i.ST7735_SetTextColor)
    i.SendInformation                        0x000011dc   Section        0  uartintstestmain.o(i.SendInformation)
    i.SysTick_Handler                        0x000011fc   Section        0  uartintstestmain.o(i.SysTick_Handler)
    i.SysTick_Init                           0x00001208   Section        0  systickints.o(i.SysTick_Init)
    i.TM4C_to_Blynk                          0x00001248   Section        0  uartintstestmain.o(i.TM4C_to_Blynk)
    i.Tach_Init                              0x00001284   Section        0  tach.o(i.Tach_Init)
    i.Timer0A_Handler                        0x0000134c   Section        0  tach.o(i.Timer0A_Handler)
    i.Timer2A_Handler                        0x0000139c   Section        0  timer2.o(i.Timer2A_Handler)
    i.Timer3A_Handler                        0x000013b4   Section        0  timer3.o(i.Timer3A_Handler)
    i.Tx5Fifo_Get                            0x000013cc   Section        0  esp8266.o(i.Tx5Fifo_Get)
    i.Tx5Fifo_Init                           0x00001404   Section        0  esp8266.o(i.Tx5Fifo_Init)
    i.Tx5Fifo_Put                            0x00001428   Section        0  esp8266.o(i.Tx5Fifo_Put)
    i.Tx5Fifo_Size                           0x00001464   Section        0  esp8266.o(i.Tx5Fifo_Size)
    i.UART5_Handler                          0x00001478   Section        0  esp8266.o(i.UART5_Handler)
    i.UART5_Init                             0x000014d0   Section        0  esp8266.o(i.UART5_Init)
    i.commandList                            0x000015a8   Section        0  st7735.o(i.commandList)
    commandList                              0x000015a9   Thumb Code    86  st7735.o(i.commandList)
    i.commonInit                             0x00001600   Section        0  st7735.o(i.commonInit)
    commonInit                               0x00001601   Thumb Code   340  st7735.o(i.commonInit)
    i.copyHardwareToSoftware5                0x00001784   Section        0  esp8266.o(i.copyHardwareToSoftware5)
    copyHardwareToSoftware5                  0x00001785   Thumb Code    36  esp8266.o(i.copyHardwareToSoftware5)
    i.copySoftwareToHardware5                0x000017ac   Section        0  esp8266.o(i.copySoftwareToHardware5)
    copySoftwareToHardware5                  0x000017ad   Thumb Code    38  esp8266.o(i.copySoftwareToHardware5)
    i.fillmessage                            0x000017d8   Section        0  st7735.o(i.fillmessage)
    i.main                                   0x00001820   Section        0  uartintstestmain.o(i.main)
    i.mspeed                                 0x000019cc   Section        0  tach.o(i.mspeed)
    i.pushColor                              0x00001a00   Section        0  st7735.o(i.pushColor)
    pushColor                                0x00001a01   Thumb Code    18  st7735.o(i.pushColor)
    i.setAddrWindow                          0x00001a14   Section        0  st7735.o(i.setAddrWindow)
    setAddrWindow                            0x00001a15   Thumb Code   106  st7735.o(i.setAddrWindow)
    i.targetspeed                            0x00001a88   Section        0  tach.o(i.targetspeed)
    i.writecommand                           0x00001abc   Section        0  st7735.o(i.writecommand)
    writecommand                             0x00001abd   Thumb Code    40  st7735.o(i.writecommand)
    i.writedata                              0x00001aec   Section        0  st7735.o(i.writedata)
    writedata                                0x00001aed   Thumb Code    24  st7735.o(i.writedata)
    locale$$code                             0x00001b0c   Section       44  lc_ctype_c.o(locale$$code)
    .constdata                               0x00001b38   Section     2018  st7735.o(.constdata)
    Font                                     0x00001b38   Data        1275  st7735.o(.constdata)
    Bcmd                                     0x00002033   Data         103  st7735.o(.constdata)
    Rcmd1                                    0x0000209a   Data          59  st7735.o(.constdata)
    Rcmd2green                               0x000020d5   Data          13  st7735.o(.constdata)
    Rcmd2red                                 0x000020e2   Data          13  st7735.o(.constdata)
    Rcmd3                                    0x000020ef   Data          43  st7735.o(.constdata)
    locale$$data                             0x0000233c   Section      272  lc_ctype_c.o(locale$$data)
    __lcctype_c_name                         0x00002340   Data           2  lc_ctype_c.o(locale$$data)
    __lcctype_c_start                        0x00002348   Data           0  lc_ctype_c.o(locale$$data)
    __lcctype_c_end                          0x0000244c   Data           0  lc_ctype_c.o(locale$$data)
    .data                                    0x20000000   Section       80  uartintstestmain.o(.data)
    .data                                    0x20000050   Section       44  st7735.o(.data)
    _width                                   0x2000005a   Data           2  st7735.o(.data)
    _height                                  0x2000005c   Data           2  st7735.o(.data)
    ColStart                                 0x20000064   Data           1  st7735.o(.data)
    RowStart                                 0x20000065   Data           1  st7735.o(.data)
    Rotation                                 0x20000066   Data           1  st7735.o(.data)
    TabColor                                 0x20000067   Data           1  st7735.o(.data)
    .data                                    0x2000007c   Section       28  tach.o(.data)
    First                                    0x20000090   Data           4  tach.o(.data)
    .data                                    0x20000098   Section        4  timer2.o(.data)
    .data                                    0x2000009c   Section        4  timer3.o(.data)
    .data                                    0x200000a0   Section      148  esp8266.o(.data)
    .data                                    0x20000134   Section        4  strtok.o(.data)
    _strtok_saves1                           0x20000134   Data           4  strtok.o(.data)
    .bss                                     0x20000138   Section       64  uartintstestmain.o(.bss)
    .bss                                     0x20000178   Section       12  st7735.o(.bss)
    .bss                                     0x20000184   Section      832  esp8266.o(.bss)
    Tx5Fifo                                  0x200003c4   Data         256  esp8266.o(.bss)
    .bss                                     0x200004c4   Section       96  libspace.o(.bss)
    HEAP                                     0x20000528   Section        0  startup.o(HEAP)
    STACK                                    0x20000528   Section     1024  startup.o(STACK)
    HeapMem                                  0x20000528   Data           0  startup.o(HEAP)
    StackMem                                 0x20000528   Data           0  startup.o(STACK)

    Global Symbols

    Symbol Name                              Value     Ov Type        Size  Object(Section)

    BuildAttributes$$THM_ISAv4$E$P$D$K$B$S$7EM$PE$A:L22UL41UL21$X:L11$S22US41US21$IEEE1$IW$USESV6$~STKCKD$USESV7$~SHL$OSPACE$ROPI$EBA8$UX$STANDARDLIB$REQ8$PRES8$EABIv2 0x00000000   Number         0  anon$$obj.o ABSOLUTE
    __ARM_use_no_argv                        0x00000000   Number         0  uartintstestmain.o ABSOLUTE
    __Vectors                                0x00000000   Data           0  startup.o(RESET)
    __ARM_exceptions_init                     - Undefined Weak Reference
    __alloca_initialize                       - Undefined Weak Reference
    __cpp_initialize__aeabi_                  - Undefined Weak Reference
    __cxa_finalize                            - Undefined Weak Reference
    __sigvec_lookup                           - Undefined Weak Reference
    _atexit_init                              - Undefined Weak Reference
    _call_atexit_fns                          - Undefined Weak Reference
    _clock_init                               - Undefined Weak Reference
    _fp_trap_init                             - Undefined Weak Reference
    _fp_trap_shutdown                         - Undefined Weak Reference
    _get_lc_collate                           - Undefined Weak Reference
    _get_lc_monetary                          - Undefined Weak Reference
    _get_lc_numeric                           - Undefined Weak Reference
    _get_lc_time                              - Undefined Weak Reference
    _getenv_init                              - Undefined Weak Reference
    _handle_redirection                       - Undefined Weak Reference
    _init_alloc                               - Undefined Weak Reference
    _init_user_alloc                          - Undefined Weak Reference
    _initio                                   - Undefined Weak Reference
    _rand_init                                - Undefined Weak Reference
    _signal_finish                            - Undefined Weak Reference
    _signal_init                              - Undefined Weak Reference
    _terminate_alloc                          - Undefined Weak Reference
    _terminate_user_alloc                     - Undefined Weak Reference
    _terminateio                              - Undefined Weak Reference
    Reset_Handler                            0x0000026d   Thumb Code     0  startup.o(RESET)
    NMI_Handler                              0x00000271   Thumb Code     2  startup.o(RESET)
    HardFault_Handler                        0x00000273   Thumb Code     2  startup.o(RESET)
    MemManage_Handler                        0x00000275   Thumb Code     2  startup.o(RESET)
    BusFault_Handler                         0x00000277   Thumb Code     2  startup.o(RESET)
    UsageFault_Handler                       0x00000279   Thumb Code     2  startup.o(RESET)
    SVC_Handler                              0x0000027b   Thumb Code     2  startup.o(RESET)
    DebugMon_Handler                         0x0000027d   Thumb Code     2  startup.o(RESET)
    PendSV_Handler                           0x0000027f   Thumb Code     2  startup.o(RESET)
    ADC0Seq0_Handler                         0x00000283   Thumb Code     0  startup.o(RESET)
    ADC0Seq1_Handler                         0x00000283   Thumb Code     0  startup.o(RESET)
    ADC0Seq2_Handler                         0x00000283   Thumb Code     0  startup.o(RESET)
    ADC0Seq3_Handler                         0x00000283   Thumb Code     0  startup.o(RESET)
    ADC1Seq0_Handler                         0x00000283   Thumb Code     0  startup.o(RESET)
    ADC1Seq1_Handler                         0x00000283   Thumb Code     0  startup.o(RESET)
    ADC1Seq2_Handler                         0x00000283   Thumb Code     0  startup.o(RESET)
    ADC1Seq3_Handler                         0x00000283   Thumb Code     0  startup.o(RESET)
    CAN0_Handler                             0x00000283   Thumb Code     0  startup.o(RESET)
    CAN1_Handler                             0x00000283   Thumb Code     0  startup.o(RESET)
    CAN2_Handler                             0x00000283   Thumb Code     0  startup.o(RESET)
    Comp0_Handler                            0x00000283   Thumb Code     0  startup.o(RESET)
    Comp1_Handler                            0x00000283   Thumb Code     0  startup.o(RESET)
    Comp2_Handler                            0x00000283   Thumb Code     0  startup.o(RESET)
    Ethernet_Handler                         0x00000283   Thumb Code     0  startup.o(RESET)
    ExtBus_Handler                           0x00000283   Thumb Code     0  startup.o(RESET)
    FPU_Handler                              0x00000283   Thumb Code     0  startup.o(RESET)
    Fan0_Handler                             0x00000283   Thumb Code     0  startup.o(RESET)
    FlashCtl_Handler                         0x00000283   Thumb Code     0  startup.o(RESET)
    GPIOPortA_Handler                        0x00000283   Thumb Code     0  startup.o(RESET)
    GPIOPortB_Handler                        0x00000283   Thumb Code     0  startup.o(RESET)
    GPIOPortC_Handler                        0x00000283   Thumb Code     0  startup.o(RESET)
    GPIOPortD_Handler                        0x00000283   Thumb Code     0  startup.o(RESET)
    GPIOPortE_Handler                        0x00000283   Thumb Code     0  startup.o(RESET)
    GPIOPortF_Handler                        0x00000283   Thumb Code     0  startup.o(RESET)
    GPIOPortG_Handler                        0x00000283   Thumb Code     0  startup.o(RESET)
    GPIOPortH_Handler                        0x00000283   Thumb Code     0  startup.o(RESET)
    GPIOPortJ_Handler                        0x00000283   Thumb Code     0  startup.o(RESET)
    GPIOPortK_Handler                        0x00000283   Thumb Code     0  startup.o(RESET)
    GPIOPortL_Handler                        0x00000283   Thumb Code     0  startup.o(RESET)
    GPIOPortM_Handler                        0x00000283   Thumb Code     0  startup.o(RESET)
    GPIOPortN_Handler                        0x00000283   Thumb Code     0  startup.o(RESET)
    GPIOPortP1_Handler                       0x00000283   Thumb Code     0  startup.o(RESET)
    GPIOPortP2_Handler                       0x00000283   Thumb Code     0  startup.o(RESET)
    GPIOPortP3_Handler                       0x00000283   Thumb Code     0  startup.o(RESET)
    GPIOPortP4_Handler                       0x00000283   Thumb Code     0  startup.o(RESET)
    GPIOPortP5_Handler                       0x00000283   Thumb Code     0  startup.o(RESET)
    GPIOPortP6_Handler                       0x00000283   Thumb Code     0  startup.o(RESET)
    GPIOPortP7_Handler                       0x00000283   Thumb Code     0  startup.o(RESET)
    GPIOPortP_Handler                        0x00000283   Thumb Code     0  startup.o(RESET)
    GPIOPortQ1_Handler                       0x00000283   Thumb Code     0  startup.o(RESET)
    GPIOPortQ2_Handler                       0x00000283   Thumb Code     0  startup.o(RESET)
    GPIOPortQ3_Handler                       0x00000283   Thumb Code     0  startup.o(RESET)
    GPIOPortQ4_Handler                       0x00000283   Thumb Code     0  startup.o(RESET)
    GPIOPortQ5_Handler                       0x00000283   Thumb Code     0  startup.o(RESET)
    GPIOPortQ6_Handler                       0x00000283   Thumb Code     0  startup.o(RESET)
    GPIOPortQ7_Handler                       0x00000283   Thumb Code     0  startup.o(RESET)
    GPIOPortQ_Handler                        0x00000283   Thumb Code     0  startup.o(RESET)
    GPIOPortR_Handler                        0x00000283   Thumb Code     0  startup.o(RESET)
    GPIOPortS_Handler                        0x00000283   Thumb Code     0  startup.o(RESET)
    Hibernate_Handler                        0x00000283   Thumb Code     0  startup.o(RESET)
    I2C0_Handler                             0x00000283   Thumb Code     0  startup.o(RESET)
    I2C1_Handler                             0x00000283   Thumb Code     0  startup.o(RESET)
    I2C2_Handler                             0x00000283   Thumb Code     0  startup.o(RESET)
    I2C3_Handler                             0x00000283   Thumb Code     0  startup.o(RESET)
    I2C4_Handler                             0x00000283   Thumb Code     0  startup.o(RESET)
    I2C5_Handler                             0x00000283   Thumb Code     0  startup.o(RESET)
    I2S0_Handler                             0x00000283   Thumb Code     0  startup.o(RESET)
    LPC0_Handler                             0x00000283   Thumb Code     0  startup.o(RESET)
    PECI0_Handler                            0x00000283   Thumb Code     0  startup.o(RESET)
    PWM0Fault_Handler                        0x00000283   Thumb Code     0  startup.o(RESET)
    PWM0Generator0_Handler                   0x00000283   Thumb Code     0  startup.o(RESET)
    PWM0Generator1_Handler                   0x00000283   Thumb Code     0  startup.o(RESET)
    PWM0Generator2_Handler                   0x00000283   Thumb Code     0  startup.o(RESET)
    PWM0Generator3_Handler                   0x00000283   Thumb Code     0  startup.o(RESET)
    PWM1Fault_Handler                        0x00000283   Thumb Code     0  startup.o(RESET)
    PWM1Generator0_Handler                   0x00000283   Thumb Code     0  startup.o(RESET)
    PWM1Generator1_Handler                   0x00000283   Thumb Code     0  startup.o(RESET)
    PWM1Generator2_Handler                   0x00000283   Thumb Code     0  startup.o(RESET)
    PWM1Generator3_Handler                   0x00000283   Thumb Code     0  startup.o(RESET)
    Quadrature0_Handler                      0x00000283   Thumb Code     0  startup.o(RESET)
    Quadrature1_Handler                      0x00000283   Thumb Code     0  startup.o(RESET)
    Quadrature2_Handler                      0x00000283   Thumb Code     0  startup.o(RESET)
    SSI0_Handler                             0x00000283   Thumb Code     0  startup.o(RESET)
    SSI1_Handler                             0x00000283   Thumb Code     0  startup.o(RESET)
    SSI2_Handler                             0x00000283   Thumb Code     0  startup.o(RESET)
    SSI3_Handler                             0x00000283   Thumb Code     0  startup.o(RESET)
    SysCtl_Handler                           0x00000283   Thumb Code     0  startup.o(RESET)
    Timer0B_Handler                          0x00000283   Thumb Code     0  startup.o(RESET)
    Timer1A_Handler                          0x00000283   Thumb Code     0  startup.o(RESET)
    Timer1B_Handler                          0x00000283   Thumb Code     0  startup.o(RESET)
    Timer2B_Handler                          0x00000283   Thumb Code     0  startup.o(RESET)
    Timer3B_Handler                          0x00000283   Thumb Code     0  startup.o(RESET)
    Timer4A_Handler                          0x00000283   Thumb Code     0  startup.o(RESET)
    Timer4B_Handler                          0x00000283   Thumb Code     0  startup.o(RESET)
    Timer5A_Handler                          0x00000283   Thumb Code     0  startup.o(RESET)
    Timer5B_Handler                          0x00000283   Thumb Code     0  startup.o(RESET)
    UART0_Handler                            0x00000283   Thumb Code     0  startup.o(RESET)
    UART1_Handler                            0x00000283   Thumb Code     0  startup.o(RESET)
    UART2_Handler                            0x00000283   Thumb Code     0  startup.o(RESET)
    UART3_Handler                            0x00000283   Thumb Code     0  startup.o(RESET)
    UART4_Handler                            0x00000283   Thumb Code     0  startup.o(RESET)
    UART6_Handler                            0x00000283   Thumb Code     0  startup.o(RESET)
    UART7_Handler                            0x00000283   Thumb Code     0  startup.o(RESET)
    USB0_Handler                             0x00000283   Thumb Code     0  startup.o(RESET)
    WDT_Handler                              0x00000283   Thumb Code     0  startup.o(RESET)
    WideTimer0A_Handler                      0x00000283   Thumb Code     0  startup.o(RESET)
    WideTimer0B_Handler                      0x00000283   Thumb Code     0  startup.o(RESET)
    WideTimer1A_Handler                      0x00000283   Thumb Code     0  startup.o(RESET)
    WideTimer1B_Handler                      0x00000283   Thumb Code     0  startup.o(RESET)
    WideTimer2A_Handler                      0x00000283   Thumb Code     0  startup.o(RESET)
    WideTimer2B_Handler                      0x00000283   Thumb Code     0  startup.o(RESET)
    WideTimer3A_Handler                      0x00000283   Thumb Code     0  startup.o(RESET)
    WideTimer3B_Handler                      0x00000283   Thumb Code     0  startup.o(RESET)
    WideTimer4A_Handler                      0x00000283   Thumb Code     0  startup.o(RESET)
    WideTimer4B_Handler                      0x00000283   Thumb Code     0  startup.o(RESET)
    WideTimer5A_Handler                      0x00000283   Thumb Code     0  startup.o(RESET)
    WideTimer5B_Handler                      0x00000283   Thumb Code     0  startup.o(RESET)
    uDMA_Error                               0x00000283   Thumb Code     0  startup.o(RESET)
    uDMA_Handler                             0x00000283   Thumb Code     0  startup.o(RESET)
    __main                                   0x00000285   Thumb Code     8  __main.o(!!!main)
    __scatterload                            0x0000028d   Thumb Code     0  __scatter.o(!!!scatter)
    __scatterload_rt2                        0x0000028d   Thumb Code    44  __scatter.o(!!!scatter)
    __scatterload_rt2_thumb_only             0x0000028d   Thumb Code     0  __scatter.o(!!!scatter)
    __scatterload_null                       0x0000029b   Thumb Code     0  __scatter.o(!!!scatter)
    __decompress                             0x000002c1   Thumb Code    58  __dczerorl.o(!!dczerorl)
    __decompress0                            0x000002c1   Thumb Code     0  __dczerorl.o(!!dczerorl)
    __scatterload_zeroinit                   0x000002fd   Thumb Code    28  __scatter_zi.o(!!handler_zi)
    __rt_lib_init                            0x00000319   Thumb Code     0  libinit.o(.ARM.Collect$$libinit$$00000000)
    __rt_lib_init_fp_1                       0x0000031b   Thumb Code     0  libinit2.o(.ARM.Collect$$libinit$$00000002)
    __rt_lib_init_heap_1                     0x0000031b   Thumb Code     0  libinit2.o(.ARM.Collect$$libinit$$00000008)
    __rt_lib_init_lc_common                  0x0000031b   Thumb Code     0  libinit2.o(.ARM.Collect$$libinit$$0000000D)
    __rt_lib_init_rand_1                     0x0000031b   Thumb Code     0  libinit2.o(.ARM.Collect$$libinit$$0000000C)
    __rt_lib_init_user_alloc_1               0x0000031b   Thumb Code     0  libinit2.o(.ARM.Collect$$libinit$$0000000A)
    __rt_lib_init_lc_collate_1               0x00000321   Thumb Code     0  libinit2.o(.ARM.Collect$$libinit$$0000000F)
    __rt_lib_init_lc_ctype_2                 0x00000321   Thumb Code     0  libinit2.o(.ARM.Collect$$libinit$$00000010)
    __rt_lib_init_alloca_1                   0x0000032d   Thumb Code     0  libinit2.o(.ARM.Collect$$libinit$$0000002C)
    __rt_lib_init_argv_1                     0x0000032d   Thumb Code     0  libinit2.o(.ARM.Collect$$libinit$$0000002A)
    __rt_lib_init_atexit_1                   0x0000032d   Thumb Code     0  libinit2.o(.ARM.Collect$$libinit$$00000019)
    __rt_lib_init_clock_1                    0x0000032d   Thumb Code     0  libinit2.o(.ARM.Collect$$libinit$$0000001F)
    __rt_lib_init_cpp_1                      0x0000032d   Thumb Code     0  libinit2.o(.ARM.Collect$$libinit$$00000030)
    __rt_lib_init_exceptions_1               0x0000032d   Thumb Code     0  libinit2.o(.ARM.Collect$$libinit$$0000002E)
    __rt_lib_init_fp_trap_1                  0x0000032d   Thumb Code     0  libinit2.o(.ARM.Collect$$libinit$$0000001D)
    __rt_lib_init_getenv_1                   0x0000032d   Thumb Code     0  libinit2.o(.ARM.Collect$$libinit$$00000021)
    __rt_lib_init_lc_ctype_1                 0x0000032d   Thumb Code     0  libinit2.o(.ARM.Collect$$libinit$$00000011)
    __rt_lib_init_lc_monetary_1              0x0000032d   Thumb Code     0  libinit2.o(.ARM.Collect$$libinit$$00000013)
    __rt_lib_init_lc_numeric_1               0x0000032d   Thumb Code     0  libinit2.o(.ARM.Collect$$libinit$$00000015)
    __rt_lib_init_lc_time_1                  0x0000032d   Thumb Code     0  libinit2.o(.ARM.Collect$$libinit$$00000017)
    __rt_lib_init_return                     0x0000032d   Thumb Code     0  libinit2.o(.ARM.Collect$$libinit$$00000031)
    __rt_lib_init_signal_1                   0x0000032d   Thumb Code     0  libinit2.o(.ARM.Collect$$libinit$$0000001B)
    __rt_lib_init_stdio_1                    0x0000032d   Thumb Code     0  libinit2.o(.ARM.Collect$$libinit$$00000023)
    __rt_lib_shutdown                        0x0000032f   Thumb Code     0  libshutdown.o(.ARM.Collect$$libshutdown$$00000000)
    __rt_lib_shutdown_fp_trap_1              0x00000331   Thumb Code     0  libshutdown2.o(.ARM.Collect$$libshutdown$$00000006)
    __rt_lib_shutdown_heap_1                 0x00000331   Thumb Code     0  libshutdown2.o(.ARM.Collect$$libshutdown$$0000000E)
    __rt_lib_shutdown_return                 0x00000331   Thumb Code     0  libshutdown2.o(.ARM.Collect$$libshutdown$$0000000F)
    __rt_lib_shutdown_signal_1               0x00000331   Thumb Code     0  libshutdown2.o(.ARM.Collect$$libshutdown$$00000009)
    __rt_lib_shutdown_stdio_1                0x00000331   Thumb Code     0  libshutdown2.o(.ARM.Collect$$libshutdown$$00000003)
    __rt_lib_shutdown_user_alloc_1           0x00000331   Thumb Code     0  libshutdown2.o(.ARM.Collect$$libshutdown$$0000000B)
    __rt_entry                               0x00000333   Thumb Code     0  rtentry.o(.ARM.Collect$$rtentry$$00000000)
    __rt_entry_presh_1                       0x00000333   Thumb Code     0  rtentry2.o(.ARM.Collect$$rtentry$$00000002)
    __rt_entry_sh                            0x00000333   Thumb Code     0  rtentry4.o(.ARM.Collect$$rtentry$$00000004)
    __rt_entry_li                            0x00000339   Thumb Code     0  rtentry2.o(.ARM.Collect$$rtentry$$0000000A)
    __rt_entry_postsh_1                      0x00000339   Thumb Code     0  rtentry2.o(.ARM.Collect$$rtentry$$00000009)
    __rt_entry_main                          0x0000033d   Thumb Code     0  rtentry2.o(.ARM.Collect$$rtentry$$0000000D)
    __rt_entry_postli_1                      0x0000033d   Thumb Code     0  rtentry2.o(.ARM.Collect$$rtentry$$0000000C)
    __rt_exit                                0x00000345   Thumb Code     0  rtexit.o(.ARM.Collect$$rtexit$$00000000)
    __rt_exit_ls                             0x00000347   Thumb Code     0  rtexit2.o(.ARM.Collect$$rtexit$$00000003)
    __rt_exit_prels_1                        0x00000347   Thumb Code     0  rtexit2.o(.ARM.Collect$$rtexit$$00000002)
    __rt_exit_exit                           0x0000034b   Thumb Code     0  rtexit2.o(.ARM.Collect$$rtexit$$00000004)
    DisableInterrupts                        0x00000351   Thumb Code     0  startup.o(.text)
    EnableInterrupts                         0x00000355   Thumb Code     0  startup.o(.text)
    StartCritical                            0x00000359   Thumb Code     0  startup.o(.text)
    EndCritical                              0x00000361   Thumb Code     0  startup.o(.text)
    WaitForInterrupt                         0x00000367   Thumb Code     0  startup.o(.text)
    __user_initial_stackheap                 0x0000036b   Thumb Code     0  startup.o(.text)
    atoi                                     0x00000381   Thumb Code    26  atoi.o(.text)
    strtok                                   0x0000039d   Thumb Code     6  strtok.o(.text)
    strcpy                                   0x000003a9   Thumb Code    72  strcpy.o(.text)
    __use_two_region_memory                  0x000003f1   Thumb Code     2  heapauxi.o(.text)
    __rt_heap_escrow$2region                 0x000003f3   Thumb Code     2  heapauxi.o(.text)
    __rt_heap_expand$2region                 0x000003f5   Thumb Code     2  heapauxi.o(.text)
    __aeabi_errno_addr                       0x000003f9   Thumb Code     8  rt_errno_addr_intlibspace.o(.text)
    __errno$intlibspace                      0x000003f9   Thumb Code     0  rt_errno_addr_intlibspace.o(.text)
    __rt_errno_addr$intlibspace              0x000003f9   Thumb Code     0  rt_errno_addr_intlibspace.o(.text)
    strtol                                   0x00000401   Thumb Code   112  strtol.o(.text)
    __strtok_internal                        0x00000471   Thumb Code    64  strtok_int.o(.text)
    __user_libspace                          0x000004b5   Thumb Code     8  libspace.o(.text)
    __user_perproc_libspace                  0x000004b5   Thumb Code     0  libspace.o(.text)
    __user_perthread_libspace                0x000004b5   Thumb Code     0  libspace.o(.text)
    __rt_ctype_table                         0x000004bd   Thumb Code    16  rt_ctype_table.o(.text)
    _strtoul                                 0x000004cd   Thumb Code   158  _strtoul.o(.text)
    strcspn                                  0x0000056b   Thumb Code    32  strcspn.o(.text)
    strspn                                   0x0000058b   Thumb Code    28  strspn.o(.text)
    __user_setup_stackheap                   0x000005a7   Thumb Code    74  sys_stackheap_outer.o(.text)
    __rt_locale                              0x000005f1   Thumb Code     8  rt_locale_intlibspace.o(.text)
    _chval                                   0x000005f9   Thumb Code    28  _chval.o(.text)
    exit                                     0x00000615   Thumb Code    12  exit.o(.text)
    strcmp                                   0x00000621   Thumb Code   128  strcmpv7m.o(.text)
    _sys_exit                                0x000006a1   Thumb Code     8  sys_exit.o(.text)
    __I$use$semihosting                      0x000006ad   Thumb Code     0  use_no_semi.o(.text)
    __use_no_semihosting_swi                 0x000006ad   Thumb Code     2  use_no_semi.o(.text)
    __semihosting_library_function           0x000006af   Thumb Code     0  indicate_semi.o(.text)
    Blynk_to_TM4C                            0x000006b1   Thumb Code   194  uartintstestmain.o(i.Blynk_to_TM4C)
    Delay1ms                                 0x000007a9   Thumb Code    32  st7735.o(i.Delay1ms)
    DelayMs                                  0x000007c9   Thumb Code    32  esp8266.o(i.DelayMs)
    ESP8266_GetMessage                       0x000007e9   Thumb Code    66  esp8266.o(i.ESP8266_GetMessage)
    ESP8266_Init                             0x00000839   Thumb Code   118  esp8266.o(i.ESP8266_Init)
    ESP8266_OutChar                          0x000008c1   Thumb Code    46  esp8266.o(i.ESP8266_OutChar)
    ESP8266_OutString                        0x000008f5   Thumb Code    24  esp8266.o(i.ESP8266_OutString)
    ESP8266_OutUDec                          0x0000090d   Thumb Code    42  esp8266.o(i.ESP8266_OutUDec)
    ESP8266_Reset                            0x00000939   Thumb Code    38  esp8266.o(i.ESP8266_Reset)
    ESP8266_SetupWiFi                        0x00000965   Thumb Code   182  esp8266.o(i.ESP8266_SetupWiFi)
    Output_Color                             0x00000a85   Thumb Code    12  st7735.o(i.Output_Color)
    PLL_Init                                 0x00000a91   Thumb Code   118  pll.o(i.PLL_Init)
    PWM0B_Duty                               0x00000b0d   Thumb Code     8  pwm.o(i.PWM0B_Duty)
    PWM0B_Init                               0x00000b19   Thumb Code   168  pwm.o(i.PWM0B_Init)
    Rx5Fifo_Init                             0x00000bd5   Thumb Code    30  esp8266.o(i.Rx5Fifo_Init)
    Rx5Fifo_Put                              0x00000c01   Thumb Code   192  esp8266.o(i.Rx5Fifo_Put)
    Rx5Fifo_Size                             0x00000cd1   Thumb Code    12  esp8266.o(i.Rx5Fifo_Size)
    ST7735_Color565                          0x00000ce5   Thumb Code    24  st7735.o(i.ST7735_Color565)
    ST7735_DrawCharS                         0x00000cfd   Thumb Code   232  st7735.o(i.ST7735_DrawCharS)
    ST7735_DrawPixel                         0x00000df1   Thumb Code    64  st7735.o(i.ST7735_DrawPixel)
    ST7735_DrawString                        0x00000e39   Thumb Code    86  st7735.o(i.ST7735_DrawString)
    ST7735_FillRect                          0x00000e91   Thumb Code   164  st7735.o(i.ST7735_FillRect)
    ST7735_FillScreen                        0x00000f3d   Thumb Code    28  st7735.o(i.ST7735_FillScreen)
    ST7735_InitR                             0x00000f61   Thumb Code    90  st7735.o(i.ST7735_InitR)
    ST7735_OutChar                           0x00000fdd   Thumb Code   176  st7735.o(i.ST7735_OutChar)
    ST7735_OutString                         0x000010b1   Thumb Code    24  st7735.o(i.ST7735_OutString)
    ST7735_OutUDec                           0x000010c9   Thumb Code   118  st7735.o(i.ST7735_OutUDec)
    ST7735_PlotClear                         0x00001155   Thumb Code    74  st7735.o(i.ST7735_PlotClear)
    ST7735_SetCursor                         0x000011b1   Thumb Code    22  st7735.o(i.ST7735_SetCursor)
    ST7735_SetTextColor                      0x000011d1   Thumb Code     6  st7735.o(i.ST7735_SetTextColor)
    SendInformation                          0x000011dd   Thumb Code    32  uartintstestmain.o(i.SendInformation)
    SysTick_Handler                          0x000011fd   Thumb Code    12  uartintstestmain.o(i.SysTick_Handler)
    SysTick_Init                             0x00001209   Thumb Code    58  systickints.o(i.SysTick_Init)
    TM4C_to_Blynk                            0x00001249   Thumb Code    50  uartintstestmain.o(i.TM4C_to_Blynk)
    Tach_Init                                0x00001285   Thumb Code   174  tach.o(i.Tach_Init)
    Timer0A_Handler                          0x0000134d   Thumb Code    56  tach.o(i.Timer0A_Handler)
    Timer2A_Handler                          0x0000139d   Thumb Code    16  timer2.o(i.Timer2A_Handler)
    Timer3A_Handler                          0x000013b5   Thumb Code    16  timer3.o(i.Timer3A_Handler)
    Tx5Fifo_Get                              0x000013cd   Thumb Code    44  esp8266.o(i.Tx5Fifo_Get)
    Tx5Fifo_Init                             0x00001405   Thumb Code    26  esp8266.o(i.Tx5Fifo_Init)
    Tx5Fifo_Put                              0x00001429   Thumb Code    46  esp8266.o(i.Tx5Fifo_Put)
    Tx5Fifo_Size                             0x00001465   Thumb Code    12  esp8266.o(i.Tx5Fifo_Size)
    UART5_Handler                            0x00001479   Thumb Code    82  esp8266.o(i.UART5_Handler)
    UART5_Init                               0x000014d1   Thumb Code   190  esp8266.o(i.UART5_Init)
    fillmessage                              0x000017d9   Thumb Code    64  st7735.o(i.fillmessage)
    main                                     0x00001821   Thumb Code   358  uartintstestmain.o(i.main)
    mspeed                                   0x000019cd   Thumb Code    38  tach.o(i.mspeed)
    targetspeed                              0x00001a89   Thumb Code    38  tach.o(i.targetspeed)
    _get_lc_ctype                            0x00001b0d   Thumb Code    44  lc_ctype_c.o(locale$$code)
    dBfs                                     0x0000211a   Data         512  st7735.o(.constdata)
    Region$$Table$$Base                      0x0000231c   Number         0  anon$$obj.o(Region$$Table)
    Region$$Table$$Limit                     0x0000233c   Number         0  anon$$obj.o(Region$$Table)
    __ctype                                  0x00002349   Data           0  lc_ctype_c.o(locale$$data)
    x                                        0x20000000   Data           4  uartintstestmain.o(.data)
    Target_Speed                             0x20000004   Data           4  uartintstestmain.o(.data)
    Speed                                    0x20000008   Data           4  uartintstestmain.o(.data)
    Error                                    0x2000000c   Data           4  uartintstestmain.o(.data)
    Duty                                     0x20000010   Data           4  uartintstestmain.o(.data)
    PI_delay                                 0x20000014   Data           4  uartintstestmain.o(.data)
    PI_delayvalue                            0x20000018   Data           4  uartintstestmain.o(.data)
    P                                        0x2000001c   Data           4  uartintstestmain.o(.data)
    Ki2                                      0x20000020   Data           4  uartintstestmain.o(.data)
    Kp2                                      0x20000024   Data           4  uartintstestmain.o(.data)
    Pin_Number                               0x20000028   Data           2  uartintstestmain.o(.data)
    Pin_Integer                              0x2000002a   Data           8  uartintstestmain.o(.data)
    Pin_Float                                0x20000032   Data           8  uartintstestmain.o(.data)
    I                                        0x2000003c   Data           4  uartintstestmain.o(.data)
    Ki1                                      0x20000040   Data           4  uartintstestmain.o(.data)
    Kp1                                      0x20000044   Data           4  uartintstestmain.o(.data)
    pin_num                                  0x20000048   Data           4  uartintstestmain.o(.data)
    pin_int                                  0x2000004c   Data           4  uartintstestmain.o(.data)
    StX                                      0x20000050   Data           4  st7735.o(.data)
    StY                                      0x20000054   Data           4  st7735.o(.data)
    StTextColor                              0x20000058   Data           2  st7735.o(.data)
    lastj                                    0x20000060   Data           4  st7735.o(.data)
    Messageindex                             0x20000068   Data           4  st7735.o(.data)
    Ymax                                     0x2000006c   Data           4  st7735.o(.data)
    Ymin                                     0x20000070   Data           4  st7735.o(.data)
    X                                        0x20000074   Data           4  st7735.o(.data)
    Yrange                                   0x20000078   Data           4  st7735.o(.data)
    M_Period                                 0x2000007c   Data           4  tach.o(.data)
    Overflow                                 0x20000080   Data           4  tach.o(.data)
    flag                                     0x20000084   Data           2  tach.o(.data)
    M_Target_Speed                           0x20000088   Data           4  tach.o(.data)
    M_Speed                                  0x2000008c   Data           4  tach.o(.data)
    Done                                     0x20000094   Data           4  tach.o(.data)
    PeriodicTask2                            0x20000098   Data           4  timer2.o(.data)
    PeriodicTask3                            0x2000009c   Data           4  timer3.o(.data)
    ssid                                     0x200000a0   Data          32  esp8266.o(.data)
    pass                                     0x200000c0   Data          32  esp8266.o(.data)
    auth                                     0x200000e0   Data          64  esp8266.o(.data)
    Rx5PutI                                  0x20000120   Data           4  esp8266.o(.data)
    Rx5PutJ                                  0x20000124   Data           4  esp8266.o(.data)
    Rx5GetI                                  0x20000128   Data           4  esp8266.o(.data)
    Tx5PutI                                  0x2000012c   Data           4  esp8266.o(.data)
    Tx5GetI                                  0x20000130   Data           4  esp8266.o(.data)
    serial_buf                               0x20000138   Data          64  uartintstestmain.o(.bss)
    Message                                  0x20000178   Data          12  st7735.o(.bss)
    Rx5Fifo                                  0x20000184   Data         512  esp8266.o(.bss)
    RxMessage                                0x20000384   Data          64  esp8266.o(.bss)
    __libspace_start                         0x200004c4   Data          96  libspace.o(.bss)
    __temporary_stack_top$libspace           0x20000524   Data           0  libspace.o(.bss)



==============================================================================

Memory Map of the image

  Image Entry point : 0x0000026d

  Load Region LR_1 (Base: 0x00000000, Size: 0x00002584, Max: 0xffffffff, ABSOLUTE, COMPRESSED[0x000024a8])

    Execution Region ER_RO (Base: 0x00000000, Size: 0x0000244c, Max: 0xffffffff, ABSOLUTE)

    Base Addr    Size         Type   Attr      Idx    E Section Name        Object

    0x00000000   0x00000284   Code   RO            3  * RESET               startup.o
    0x00000284   0x00000008   Code   RO          631  * !!!main             c_w.l(__main.o)
    0x0000028c   0x00000034   Code   RO          816    !!!scatter          c_w.l(__scatter.o)
    0x000002c0   0x0000003a   Code   RO          814    !!dczerorl          c_w.l(__dczerorl.o)
    0x000002fa   0x00000002   PAD
    0x000002fc   0x0000001c   Code   RO          818    !!handler_zi        c_w.l(__scatter_zi.o)
    0x00000318   0x00000002   Code   RO          688    .ARM.Collect$$libinit$$00000000  c_w.l(libinit.o)
    0x0000031a   0x00000000   Code   RO          694    .ARM.Collect$$libinit$$00000002  c_w.l(libinit2.o)
    0x0000031a   0x00000000   Code   RO          697    .ARM.Collect$$libinit$$00000008  c_w.l(libinit2.o)
    0x0000031a   0x00000000   Code   RO          699    .ARM.Collect$$libinit$$0000000A  c_w.l(libinit2.o)
    0x0000031a   0x00000000   Code   RO          701    .ARM.Collect$$libinit$$0000000C  c_w.l(libinit2.o)
    0x0000031a   0x00000006   Code   RO          702    .ARM.Collect$$libinit$$0000000D  c_w.l(libinit2.o)
    0x00000320   0x00000000   Code   RO          704    .ARM.Collect$$libinit$$0000000F  c_w.l(libinit2.o)
    0x00000320   0x0000000c   Code   RO          705    .ARM.Collect$$libinit$$00000010  c_w.l(libinit2.o)
    0x0000032c   0x00000000   Code   RO          706    .ARM.Collect$$libinit$$00000011  c_w.l(libinit2.o)
    0x0000032c   0x00000000   Code   RO          708    .ARM.Collect$$libinit$$00000013  c_w.l(libinit2.o)
    0x0000032c   0x00000000   Code   RO          710    .ARM.Collect$$libinit$$00000015  c_w.l(libinit2.o)
    0x0000032c   0x00000000   Code   RO          712    .ARM.Collect$$libinit$$00000017  c_w.l(libinit2.o)
    0x0000032c   0x00000000   Code   RO          714    .ARM.Collect$$libinit$$00000019  c_w.l(libinit2.o)
    0x0000032c   0x00000000   Code   RO          716    .ARM.Collect$$libinit$$0000001B  c_w.l(libinit2.o)
    0x0000032c   0x00000000   Code   RO          718    .ARM.Collect$$libinit$$0000001D  c_w.l(libinit2.o)
    0x0000032c   0x00000000   Code   RO          720    .ARM.Collect$$libinit$$0000001F  c_w.l(libinit2.o)
    0x0000032c   0x00000000   Code   RO          722    .ARM.Collect$$libinit$$00000021  c_w.l(libinit2.o)
    0x0000032c   0x00000000   Code   RO          724    .ARM.Collect$$libinit$$00000023  c_w.l(libinit2.o)
    0x0000032c   0x00000000   Code   RO          728    .ARM.Collect$$libinit$$0000002A  c_w.l(libinit2.o)
    0x0000032c   0x00000000   Code   RO          730    .ARM.Collect$$libinit$$0000002C  c_w.l(libinit2.o)
    0x0000032c   0x00000000   Code   RO          732    .ARM.Collect$$libinit$$0000002E  c_w.l(libinit2.o)
    0x0000032c   0x00000000   Code   RO          734    .ARM.Collect$$libinit$$00000030  c_w.l(libinit2.o)
    0x0000032c   0x00000002   Code   RO          735    .ARM.Collect$$libinit$$00000031  c_w.l(libinit2.o)
    0x0000032e   0x00000002   Code   RO          755    .ARM.Collect$$libshutdown$$00000000  c_w.l(libshutdown.o)
    0x00000330   0x00000000   Code   RO          769    .ARM.Collect$$libshutdown$$00000003  c_w.l(libshutdown2.o)
    0x00000330   0x00000000   Code   RO          772    .ARM.Collect$$libshutdown$$00000006  c_w.l(libshutdown2.o)
    0x00000330   0x00000000   Code   RO          775    .ARM.Collect$$libshutdown$$00000009  c_w.l(libshutdown2.o)
    0x00000330   0x00000000   Code   RO          777    .ARM.Collect$$libshutdown$$0000000B  c_w.l(libshutdown2.o)
    0x00000330   0x00000000   Code   RO          780    .ARM.Collect$$libshutdown$$0000000E  c_w.l(libshutdown2.o)
    0x00000330   0x00000002   Code   RO          781    .ARM.Collect$$libshutdown$$0000000F  c_w.l(libshutdown2.o)
    0x00000332   0x00000000   Code   RO          633    .ARM.Collect$$rtentry$$00000000  c_w.l(rtentry.o)
    0x00000332   0x00000000   Code   RO          647    .ARM.Collect$$rtentry$$00000002  c_w.l(rtentry2.o)
    0x00000332   0x00000006   Code   RO          659    .ARM.Collect$$rtentry$$00000004  c_w.l(rtentry4.o)
    0x00000338   0x00000000   Code   RO          649    .ARM.Collect$$rtentry$$00000009  c_w.l(rtentry2.o)
    0x00000338   0x00000004   Code   RO          650    .ARM.Collect$$rtentry$$0000000A  c_w.l(rtentry2.o)
    0x0000033c   0x00000000   Code   RO          652    .ARM.Collect$$rtentry$$0000000C  c_w.l(rtentry2.o)
    0x0000033c   0x00000008   Code   RO          653    .ARM.Collect$$rtentry$$0000000D  c_w.l(rtentry2.o)
    0x00000344   0x00000002   Code   RO          689    .ARM.Collect$$rtexit$$00000000  c_w.l(rtexit.o)
    0x00000346   0x00000000   Code   RO          737    .ARM.Collect$$rtexit$$00000002  c_w.l(rtexit2.o)
    0x00000346   0x00000004   Code   RO          738    .ARM.Collect$$rtexit$$00000003  c_w.l(rtexit2.o)
    0x0000034a   0x00000006   Code   RO          739    .ARM.Collect$$rtexit$$00000004  c_w.l(rtexit2.o)
    0x00000350   0x00000030   Code   RO            4    .text               startup.o
    0x00000380   0x0000001a   Code   RO          622    .text               c_w.l(atoi.o)
    0x0000039a   0x00000002   PAD
    0x0000039c   0x0000000c   Code   RO          624    .text               c_w.l(strtok.o)
    0x000003a8   0x00000048   Code   RO          627    .text               c_w.l(strcpy.o)
    0x000003f0   0x00000006   Code   RO          629    .text               c_w.l(heapauxi.o)
    0x000003f6   0x00000002   PAD
    0x000003f8   0x00000008   Code   RO          637    .text               c_w.l(rt_errno_addr_intlibspace.o)
    0x00000400   0x00000070   Code   RO          639    .text               c_w.l(strtol.o)
    0x00000470   0x00000044   Code   RO          641    .text               c_w.l(strtok_int.o)
    0x000004b4   0x00000008   Code   RO          643    .text               c_w.l(libspace.o)
    0x000004bc   0x00000010   Code   RO          661    .text               c_w.l(rt_ctype_table.o)
    0x000004cc   0x0000009e   Code   RO          663    .text               c_w.l(_strtoul.o)
    0x0000056a   0x00000020   Code   RO          665    .text               c_w.l(strcspn.o)
    0x0000058a   0x0000001c   Code   RO          667    .text               c_w.l(strspn.o)
    0x000005a6   0x0000004a   Code   RO          669    .text               c_w.l(sys_stackheap_outer.o)
    0x000005f0   0x00000008   Code   RO          674    .text               c_w.l(rt_locale_intlibspace.o)
    0x000005f8   0x0000001c   Code   RO          676    .text               c_w.l(_chval.o)
    0x00000614   0x0000000c   Code   RO          681    .text               c_w.l(exit.o)
    0x00000620   0x00000080   Code   RO          691    .text               c_w.l(strcmpv7m.o)
    0x000006a0   0x0000000c   Code   RO          747    .text               c_w.l(sys_exit.o)
    0x000006ac   0x00000002   Code   RO          758    .text               c_w.l(use_no_semi.o)
    0x000006ae   0x00000000   Code   RO          760    .text               c_w.l(indicate_semi.o)
    0x000006ae   0x00000002   PAD
    0x000006b0   0x000000f8   Code   RO           34    i.Blynk_to_TM4C     uartintstestmain.o
    0x000007a8   0x00000020   Code   RO          121    i.Delay1ms          st7735.o
    0x000007c8   0x00000020   Code   RO          489    i.DelayMs           esp8266.o
    0x000007e8   0x00000050   Code   RO          491    i.ESP8266_GetMessage  esp8266.o
    0x00000838   0x00000088   Code   RO          492    i.ESP8266_Init      esp8266.o
    0x000008c0   0x00000034   Code   RO          493    i.ESP8266_OutChar   esp8266.o
    0x000008f4   0x00000018   Code   RO          494    i.ESP8266_OutString  esp8266.o
    0x0000090c   0x0000002a   Code   RO          495    i.ESP8266_OutUDec   esp8266.o
    0x00000936   0x00000002   PAD
    0x00000938   0x0000002c   Code   RO          496    i.ESP8266_Reset     esp8266.o
    0x00000964   0x00000120   Code   RO          497    i.ESP8266_SetupWiFi  esp8266.o
    0x00000a84   0x0000000c   Code   RO          123    i.Output_Color      st7735.o
    0x00000a90   0x0000007c   Code   RO           12    i.PLL_Init          pll.o
    0x00000b0c   0x0000000c   Code   RO          471    i.PWM0B_Duty        pwm.o
    0x00000b18   0x000000bc   Code   RO          472    i.PWM0B_Init        pwm.o
    0x00000bd4   0x0000002c   Code   RO          498    i.Rx5Fifo_Init      esp8266.o
    0x00000c00   0x000000d0   Code   RO          499    i.Rx5Fifo_Put       esp8266.o
    0x00000cd0   0x00000014   Code   RO          500    i.Rx5Fifo_Size      esp8266.o
    0x00000ce4   0x00000018   Code   RO          127    i.ST7735_Color565   st7735.o
    0x00000cfc   0x000000f4   Code   RO          130    i.ST7735_DrawCharS  st7735.o
    0x00000df0   0x00000048   Code   RO          133    i.ST7735_DrawPixel  st7735.o
    0x00000e38   0x00000056   Code   RO          134    i.ST7735_DrawString  st7735.o
    0x00000e8e   0x00000002   PAD
    0x00000e90   0x000000ac   Code   RO          135    i.ST7735_FillRect   st7735.o
    0x00000f3c   0x00000024   Code   RO          136    i.ST7735_FillScreen  st7735.o
    0x00000f60   0x0000007c   Code   RO          138    i.ST7735_InitR      st7735.o
    0x00000fdc   0x000000d4   Code   RO          140    i.ST7735_OutChar    st7735.o
    0x000010b0   0x00000018   Code   RO          141    i.ST7735_OutString  st7735.o
    0x000010c8   0x0000008c   Code   RO          142    i.ST7735_OutUDec    st7735.o
    0x00001154   0x0000005c   Code   RO          144    i.ST7735_PlotClear  st7735.o
    0x000011b0   0x00000020   Code   RO          151    i.ST7735_SetCursor  st7735.o
    0x000011d0   0x0000000c   Code   RO          153    i.ST7735_SetTextColor  st7735.o
    0x000011dc   0x00000020   Code   RO           35    i.SendInformation   uartintstestmain.o
    0x000011fc   0x0000000c   Code   RO           36    i.SysTick_Handler   uartintstestmain.o
    0x00001208   0x00000040   Code   RO          108    i.SysTick_Init      systickints.o
    0x00001248   0x0000003c   Code   RO           37    i.TM4C_to_Blynk     uartintstestmain.o
    0x00001284   0x000000c8   Code   RO          391    i.Tach_Init         tach.o
    0x0000134c   0x00000050   Code   RO          392    i.Timer0A_Handler   tach.o
    0x0000139c   0x00000018   Code   RO          429    i.Timer2A_Handler   timer2.o
    0x000013b4   0x00000018   Code   RO          450    i.Timer3A_Handler   timer3.o
    0x000013cc   0x00000038   Code   RO          501    i.Tx5Fifo_Get       esp8266.o
    0x00001404   0x00000024   Code   RO          502    i.Tx5Fifo_Init      esp8266.o
    0x00001428   0x0000003c   Code   RO          503    i.Tx5Fifo_Put       esp8266.o
    0x00001464   0x00000014   Code   RO          504    i.Tx5Fifo_Size      esp8266.o
    0x00001478   0x00000058   Code   RO          505    i.UART5_Handler     esp8266.o
    0x000014d0   0x000000d8   Code   RO          506    i.UART5_Init        esp8266.o
    0x000015a8   0x00000056   Code   RO          155    i.commandList       st7735.o
    0x000015fe   0x00000002   PAD
    0x00001600   0x00000184   Code   RO          156    i.commonInit        st7735.o
    0x00001784   0x00000028   Code   RO          507    i.copyHardwareToSoftware5  esp8266.o
    0x000017ac   0x0000002c   Code   RO          508    i.copySoftwareToHardware5  esp8266.o
    0x000017d8   0x00000048   Code   RO          159    i.fillmessage       st7735.o
    0x00001820   0x000001ac   Code   RO           38    i.main              uartintstestmain.o
    0x000019cc   0x00000034   Code   RO          393    i.mspeed            tach.o
    0x00001a00   0x00000012   Code   RO          161    i.pushColor         st7735.o
    0x00001a12   0x00000002   PAD
    0x00001a14   0x00000074   Code   RO          162    i.setAddrWindow     st7735.o
    0x00001a88   0x00000034   Code   RO          394    i.targetspeed       tach.o
    0x00001abc   0x00000030   Code   RO          163    i.writecommand      st7735.o
    0x00001aec   0x00000020   Code   RO          164    i.writedata         st7735.o
    0x00001b0c   0x0000002c   Code   RO          679    locale$$code        c_w.l(lc_ctype_c.o)
    0x00001b38   0x000007e2   Data   RO          166    .constdata          st7735.o
    0x0000231a   0x00000002   PAD
    0x0000231c   0x00000020   Data   RO          812    Region$$Table       anon$$obj.o
    0x0000233c   0x00000110   Data   RO          678    locale$$data        c_w.l(lc_ctype_c.o)


    Execution Region ER_RW (Base: 0x20000000, Size: 0x00000138, Max: 0xffffffff, ABSOLUTE, COMPRESSED[0x0000005c])

    Base Addr    Size         Type   Attr      Idx    E Section Name        Object

    0x20000000   0x00000050   Data   RW           40    .data               uartintstestmain.o
    0x20000050   0x0000002c   Data   RW          167    .data               st7735.o
    0x2000007c   0x0000001c   Data   RW          395    .data               tach.o
    0x20000098   0x00000004   Data   RW          431    .data               timer2.o
    0x2000009c   0x00000004   Data   RW          452    .data               timer3.o
    0x200000a0   0x00000094   Data   RW          510    .data               esp8266.o
    0x20000134   0x00000004   Data   RW          625    .data               c_w.l(strtok.o)


    Execution Region ER_ZI (Base: 0x20000138, Size: 0x000007f0, Max: 0xffffffff, ABSOLUTE)

    Base Addr    Size         Type   Attr      Idx    E Section Name        Object

    0x20000138   0x00000040   Zero   RW           39    .bss                uartintstestmain.o
    0x20000178   0x0000000c   Zero   RW          165    .bss                st7735.o
    0x20000184   0x00000340   Zero   RW          509    .bss                esp8266.o
    0x200004c4   0x00000060   Zero   RW          644    .bss                c_w.l(libspace.o)
    0x20000524   0x00000004   PAD
    0x20000528   0x00000000   Zero   RW            2    HEAP                startup.o
    0x20000528   0x00000400   Zero   RW            1    STACK               startup.o


==============================================================================

Image component sizes


      Code (inc. data)   RO Data    RW Data    ZI Data      Debug   Object Name

      1530        274          0        148        832      10904   esp8266.o
       124          6          0          0          0       4663   pll.o
       200         24          0          0          0        982   pwm.o
      2074        244       2018         44         12      15287   st7735.o
       692        632          0          0       1024        972   startup.o
        64          6          0          0          0        503   systickints.o
       384         78          0         28          0       2118   tach.o
        24          8          0          4          0        926   timer2.o
        24          8          0          4          0        926   timer3.o
       780        134          0         80         64       4492   uartintstestmain.o

    ----------------------------------------------------------------------
      5904       1414       2052        308       1932      41773   Object Totals
         0          0         32          0          0          0   (incl. Generated)
         8          0          2          0          0          0   (incl. Padding)

    ----------------------------------------------------------------------

      Code (inc. data)   RO Data    RW Data    ZI Data      Debug   Library Member Name

        58          0          0          0          0          0   __dczerorl.o
         8          0          0          0          0         68   __main.o
        52          8          0          0          0          0   __scatter.o
        28          0          0          0          0          0   __scatter_zi.o
        28          0          0          0          0         68   _chval.o
       158          0          0          0          0         92   _strtoul.o
        26          0          0          0          0         80   atoi.o
        12          0          0          0          0         72   exit.o
         6          0          0          0          0        152   heapauxi.o
         0          0          0          0          0          0   indicate_semi.o
        44         10        272          0          0         76   lc_ctype_c.o
         2          0          0          0          0          0   libinit.o
        20          0          0          0          0          0   libinit2.o
         2          0          0          0          0          0   libshutdown.o
         2          0          0          0          0          0   libshutdown2.o
         8          4          0          0         96         68   libspace.o
        16          4          0          0          0         76   rt_ctype_table.o
         8          4          0          0          0         68   rt_errno_addr_intlibspace.o
         8          4          0          0          0         68   rt_locale_intlibspace.o
         0          0          0          0          0          0   rtentry.o
        12          0          0          0          0          0   rtentry2.o
         6          0          0          0          0          0   rtentry4.o
         2          0          0          0          0          0   rtexit.o
        10          0          0          0          0          0   rtexit2.o
       128          0          0          0          0         68   strcmpv7m.o
        72          0          0          0          0         80   strcpy.o
        32          0          0          0          0         80   strcspn.o
        28          0          0          0          0         80   strspn.o
        12          6          0          4          0         68   strtok.o
        68          4          0          0          0         84   strtok_int.o
       112          0          0          0          0         88   strtol.o
        12          4          0          0          0         68   sys_exit.o
        74          0          0          0          0         80   sys_stackheap_outer.o
         2          0          0          0          0         68   use_no_semi.o

    ----------------------------------------------------------------------
      1064         48        272          4        100       1652   Library Totals
         8          0          0          0          4          0   (incl. Padding)

    ----------------------------------------------------------------------

      Code (inc. data)   RO Data    RW Data    ZI Data      Debug   Library Name

      1056         48        272          4         96       1652   c_w.l

    ----------------------------------------------------------------------
      1064         48        272          4        100       1652   Library Totals

    ----------------------------------------------------------------------

==============================================================================


      Code (inc. data)   RO Data    RW Data    ZI Data      Debug   

      6968       1462       2324        312       2032      39629   Grand Totals
      6968       1462       2324         92       2032      39629   ELF Image Totals (compressed)
      6968       1462       2324         92          0          0   ROM Totals

==============================================================================

    Total RO  Size (Code + RO Data)                 9292 (   9.07kB)
    Total RW  Size (RW Data + ZI Data)              2344 (   2.29kB)
    Total ROM Size (Code + RO Data + RW Data)       9384 (   9.16kB)

==============================================================================

